Component: ARM Compiler 5.06 update 5 (build 528) Tool: armlink [4d35e2]

==============================================================================

Section Cross References

    startup_stm32f10x_md.o(STACK) refers (Special) to heapauxi.o(.text) for __use_two_region_memory
    startup_stm32f10x_md.o(HEAP) refers (Special) to heapauxi.o(.text) for __use_two_region_memory
    startup_stm32f10x_md.o(RESET) refers (Special) to heapauxi.o(.text) for __use_two_region_memory
    startup_stm32f10x_md.o(RESET) refers to startup_stm32f10x_md.o(STACK) for __initial_sp
    startup_stm32f10x_md.o(RESET) refers to startup_stm32f10x_md.o(.text) for Reset_Handler
    startup_stm32f10x_md.o(RESET) refers to stm32f10x_it.o(i.NMI_Handler) for NMI_Handler
    startup_stm32f10x_md.o(RESET) refers to context_rvds.o(.text) for HardFault_Handler
    startup_stm32f10x_md.o(RESET) refers to stm32f10x_it.o(i.MemManage_Handler) for MemManage_Handler
    startup_stm32f10x_md.o(RESET) refers to stm32f10x_it.o(i.BusFault_Handler) for BusFault_Handler
    startup_stm32f10x_md.o(RESET) refers to stm32f10x_it.o(i.UsageFault_Handler) for UsageFault_Handler
    startup_stm32f10x_md.o(RESET) refers to stm32f10x_it.o(i.SVC_Handler) for SVC_Handler
    startup_stm32f10x_md.o(RESET) refers to stm32f10x_it.o(i.DebugMon_Handler) for DebugMon_Handler
    startup_stm32f10x_md.o(RESET) refers to board.o(i.SysTick_Handler) for SysTick_Handler
    startup_stm32f10x_md.o(RESET) refers to serial.o(i.USART2_IRQHandler) for USART2_IRQHandler
    startup_stm32f10x_md.o(.text) refers (Special) to heapauxi.o(.text) for __use_two_region_memory
    startup_stm32f10x_md.o(.text) refers to system_stm32f10x.o(i.SystemInit) for SystemInit
    startup_stm32f10x_md.o(.text) refers to __main.o(!!!main) for __main
    startup_stm32f10x_md.o(.text) refers to startup_stm32f10x_md.o(HEAP) for Heap_Mem
    startup_stm32f10x_md.o(.text) refers to startup_stm32f10x_md.o(STACK) for Stack_Mem
    system_stm32f10x.o(i.SetSysClock) refers to system_stm32f10x.o(i.SetSysClockTo72) for SetSysClockTo72
    system_stm32f10x.o(i.SystemCoreClockUpdate) refers to system_stm32f10x.o(.data) for SystemCoreClock
    system_stm32f10x.o(i.SystemInit) refers to system_stm32f10x.o(i.SetSysClock) for SetSysClock
    stm32f10x_adc.o(i.ADC_DeInit) refers to stm32f10x_rcc.o(i.RCC_APB2PeriphResetCmd) for RCC_APB2PeriphResetCmd
    stm32f10x_bkp.o(i.BKP_DeInit) refers to stm32f10x_rcc.o(i.RCC_BackupResetCmd) for RCC_BackupResetCmd
    stm32f10x_can.o(i.CAN_DeInit) refers to stm32f10x_rcc.o(i.RCC_APB1PeriphResetCmd) for RCC_APB1PeriphResetCmd
    stm32f10x_can.o(i.CAN_GetITStatus) refers to stm32f10x_can.o(i.CheckITStatus) for CheckITStatus
    stm32f10x_cec.o(i.CEC_DeInit) refers to stm32f10x_rcc.o(i.RCC_APB1PeriphResetCmd) for RCC_APB1PeriphResetCmd
    stm32f10x_dac.o(i.DAC_DeInit) refers to stm32f10x_rcc.o(i.RCC_APB1PeriphResetCmd) for RCC_APB1PeriphResetCmd
    stm32f10x_flash.o(i.FLASH_EnableWriteProtection) refers to stm32f10x_flash.o(i.FLASH_WaitForLastOperation) for FLASH_WaitForLastOperation
    stm32f10x_flash.o(i.FLASH_EraseAllBank1Pages) refers to stm32f10x_flash.o(i.FLASH_WaitForLastBank1Operation) for FLASH_WaitForLastBank1Operation
    stm32f10x_flash.o(i.FLASH_EraseAllPages) refers to stm32f10x_flash.o(i.FLASH_WaitForLastOperation) for FLASH_WaitForLastOperation
    stm32f10x_flash.o(i.FLASH_EraseOptionBytes) refers to stm32f10x_flash.o(i.FLASH_GetReadOutProtectionStatus) for FLASH_GetReadOutProtectionStatus
    stm32f10x_flash.o(i.FLASH_EraseOptionBytes) refers to stm32f10x_flash.o(i.FLASH_WaitForLastOperation) for FLASH_WaitForLastOperation
    stm32f10x_flash.o(i.FLASH_ErasePage) refers to stm32f10x_flash.o(i.FLASH_WaitForLastOperation) for FLASH_WaitForLastOperation
    stm32f10x_flash.o(i.FLASH_ProgramHalfWord) refers to stm32f10x_flash.o(i.FLASH_WaitForLastOperation) for FLASH_WaitForLastOperation
    stm32f10x_flash.o(i.FLASH_ProgramOptionByteData) refers to stm32f10x_flash.o(i.FLASH_WaitForLastOperation) for FLASH_WaitForLastOperation
    stm32f10x_flash.o(i.FLASH_ProgramWord) refers to stm32f10x_flash.o(i.FLASH_WaitForLastOperation) for FLASH_WaitForLastOperation
    stm32f10x_flash.o(i.FLASH_ReadOutProtection) refers to stm32f10x_flash.o(i.FLASH_WaitForLastOperation) for FLASH_WaitForLastOperation
    stm32f10x_flash.o(i.FLASH_UserOptionByteConfig) refers to stm32f10x_flash.o(i.FLASH_WaitForLastOperation) for FLASH_WaitForLastOperation
    stm32f10x_flash.o(i.FLASH_WaitForLastBank1Operation) refers to stm32f10x_flash.o(i.FLASH_GetBank1Status) for FLASH_GetBank1Status
    stm32f10x_flash.o(i.FLASH_WaitForLastOperation) refers to stm32f10x_flash.o(i.FLASH_GetBank1Status) for FLASH_GetBank1Status
    stm32f10x_gpio.o(i.GPIO_AFIODeInit) refers to stm32f10x_rcc.o(i.RCC_APB2PeriphResetCmd) for RCC_APB2PeriphResetCmd
    stm32f10x_gpio.o(i.GPIO_DeInit) refers to stm32f10x_rcc.o(i.RCC_APB2PeriphResetCmd) for RCC_APB2PeriphResetCmd
[...]
    __initial_sp                             0x20001ff0   Data           0  startup_stm32f10x_md.o(STACK)

    Global Symbols

    Symbol Name                              Value     Ov Type        Size  Object(Section)

    BuildAttributes$$THM_ISAv4$P$D$K$B$S$PE$A:L22UL41UL21$X:L11$S22US41US21$IEEE1$IW$USESV6$~STKCKD$USESV7$~SHL$OTIME$ROPI$IEEEX$EBA8$UX$STANDARDLIB$REQ8$PRES8$EABIv2 0x00000000   Number         0  anon$$obj.o ABSOLUTE
    __ARM_use_no_argv                        0x00000000   Number         0  main.o ABSOLUTE
    _printf_flags                            0x00000000   Number         0  printf_stubs.o ABSOLUTE
    _printf_return_value                     0x00000000   Number         0  printf_stubs.o ABSOLUTE
    _printf_sizespec                         0x00000000   Number         0  printf_stubs.o ABSOLUTE
    _printf_widthprec                        0x00000000   Number         0  printf_stubs.o ABSOLUTE
    __ARM_exceptions_init                     - Undefined Weak Reference
    __alloca_initialize                       - Undefined Weak Reference
    __arm_preinit_                            - Undefined Weak Reference
    __cpp_initialize__aeabi_                  - Undefined Weak Reference
    __cxa_finalize                            - Undefined Weak Reference
    __sigvec_lookup                           - Undefined Weak Reference
    _atexit_init                              - Undefined Weak Reference
    _call_atexit_fns                          - Undefined Weak Reference
    _clock_init                               - Undefined Weak Reference
    _fp_trap_init                             - Undefined Weak Reference
    _fp_trap_shutdown                         - Undefined Weak Reference
    _get_lc_collate                           - Undefined Weak Reference
    _get_lc_monetary                          - Undefined Weak Reference
    _get_lc_time                              - Undefined Weak Reference
    _getenv_init                              - Undefined Weak Reference
    _handle_redirection                       - Undefined Weak Reference
    _init_alloc                               - Undefined Weak Reference
    _init_user_alloc                          - Undefined Weak Reference
    _initio                                   - Undefined Weak Reference
    _printf_mbtowc                            - Undefined Weak Reference
    _printf_wc                                - Undefined Weak Reference
    _rand_init                                - Undefined Weak Reference
    _signal_finish                            - Undefined Weak Reference
    _signal_init                              - Undefined Weak Reference
    _terminate_alloc                          - Undefined Weak Reference
    _terminate_user_alloc                     - Undefined Weak Reference
    _terminateio                              - Undefined Weak Reference
    __Vectors_Size                           0x000000ec   Number         0  startup_stm32f10x_md.o ABSOLUTE
    __Vectors                                0x08000000   Data           4  startup_stm32f10x_md.o(RESET)
    __Vectors_End                            0x080000ec   Data           0  startup_stm32f10x_md.o(RESET)
    __main                                   0x080000ed   Thumb Code     8  __main.o(!!!main)
    __scatterload                            0x080000f5   Thumb Code     0  __scatter.o(!!!scatter)
    __scatterload_rt2                        0x080000f5   Thumb Code    44  __scatter.o(!!!scatter)
    __scatterload_rt2_thumb_only             0x080000f5   Thumb Code     0  __scatter.o(!!!scatter)
    __scatterload_null                       0x08000103   Thumb Code     0  __scatter.o(!!!scatter)
    __scatterload_copy                       0x08000129   Thumb Code    26  __scatter_copy.o(!!handler_copy)
    __scatterload_zeroinit                   0x08000145   Thumb Code    28  __scatter_zi.o(!!handler_zi)
    __rt_lib_init                            0x08000161   Thumb Code     0  libinit.o(.ARM.Collect$$libinit$$00000000)
    __rt_lib_init_alloca_1                   0x08000163   Thumb Code     0  libinit2.o(.ARM.Collect$$libinit$$0000002E)
    __rt_lib_init_argv_1                     0x08000163   Thumb Code     0  libinit2.o(.ARM.Collect$$libinit$$0000002C)
    __rt_lib_init_atexit_1                   0x08000163   Thumb Code     0  libinit2.o(.ARM.Collect$$libinit$$0000001B)
    __rt_lib_init_clock_1                    0x08000163   Thumb Code     0  libinit2.o(.ARM.Collect$$libinit$$00000021)
    __rt_lib_init_cpp_1                      0x08000163   Thumb Code     0  libinit2.o(.ARM.Collect$$libinit$$00000032)
    __rt_lib_init_exceptions_1               0x08000163   Thumb Code     0  libinit2.o(.ARM.Collect$$libinit$$00000030)
    __rt_lib_init_fp_1                       0x08000163   Thumb Code     0  libinit2.o(.ARM.Collect$$libinit$$00000002)
    __rt_lib_init_fp_trap_1                  0x08000163   Thumb Code     0  libinit2.o(.ARM.Collect$$libinit$$0000001F)
    __rt_lib_init_getenv_1                   0x08000163   Thumb Code     0  libinit2.o(.ARM.Collect$$libinit$$00000023)
    __rt_lib_init_heap_1                     0x08000163   Thumb Code     0  libinit2.o(.ARM.Collect$$libinit$$0000000A)
    __rt_lib_init_lc_collate_1               0x08000163   Thumb Code     0  libinit2.o(.ARM.Collect$$libinit$$00000011)
    __rt_lib_init_lc_ctype_1                 0x08000163   Thumb Code     0  libinit2.o(.ARM.Collect$$libinit$$00000013)
    __rt_lib_init_lc_monetary_1              0x08000163   Thumb Code     0  libinit2.o(.ARM.Collect$$libinit$$00000015)
    __rt_lib_init_lc_numeric_1               0x08000163   Thumb Code     0  libinit2.o(.ARM.Collect$$libinit$$00000017)
    __rt_lib_init_lc_time_1                  0x08000163   Thumb Code     0  libinit2.o(.ARM.Collect$$libinit$$00000019)
    __rt_lib_init_preinit_1                  0x08000163   Thumb Code     0  libinit2.o(.ARM.Collect$$libinit$$00000004)
    __rt_lib_init_rand_1                     0x08000163   Thumb Code     0  libinit2.o(.ARM.Collect$$libinit$$0000000E)
    __rt_lib_init_return                     0x08000163   Thumb Code     0  libinit2.o(.ARM.Collect$$libinit$$00000033)
    __rt_lib_init_signal_1                   0x08000163   Thumb Code     0  libinit2.o(.ARM.Collect$$libinit$$0000001D)
    __rt_lib_init_stdio_1                    0x08000163   Thumb Code     0  libinit2.o(.ARM.Collect$$libinit$$00000025)
    __rt_lib_init_user_alloc_1               0x08000163   Thumb Code     0  libinit2.o(.ARM.Collect$$libinit$$0000000C)
    __rt_lib_shutdown                        0x08000165   Thumb Code     0  libshutdown.o(.ARM.Collect$$libshutdown$$00000000)
    __rt_lib_shutdown_cpp_1                  0x08000167   Thumb Code     0  libshutdown2.o(.ARM.Collect$$libshutdown$$00000002)
    __rt_lib_shutdown_fp_trap_1              0x08000167   Thumb Code     0  libshutdown2.o(.ARM.Collect$$libshutdown$$00000007)
    __rt_lib_shutdown_heap_1                 0x08000167   Thumb Code     0  libshutdown2.o(.ARM.Collect$$libshutdown$$0000000F)
    __rt_lib_shutdown_return                 0x08000167   Thumb Code     0  libshutdown2.o(.ARM.Collect$$libshutdown$$00000010)
    __rt_lib_shutdown_signal_1               0x08000167   Thumb Code     0  libshutdown2.o(.ARM.Collect$$libshutdown$$0000000A)
    __rt_lib_shutdown_stdio_1                0x08000167   Thumb Code     0  libshutdown2.o(.ARM.Collect$$libshutdown$$00000004)
    __rt_lib_shutdown_user_alloc_1           0x08000167   Thumb Code     0  libshutdown2.o(.ARM.Collect$$libshutdown$$0000000C)
    __rt_entry                               0x08000169   Thumb Code     0  __rtentry.o(.ARM.Collect$$rtentry$$00000000)
    __rt_entry_presh_1                       0x08000169   Thumb Code     0  __rtentry2.o(.ARM.Collect$$rtentry$$00000002)
    __rt_entry_sh                            0x08000169   Thumb Code     0  __rtentry4.o(.ARM.Collect$$rtentry$$00000004)
    __rt_entry_li                            0x0800016f   Thumb Code     0  __rtentry2.o(.ARM.Collect$$rtentry$$0000000A)
    __rt_entry_postsh_1                      0x0800016f   Thumb Code     0  __rtentry2.o(.ARM.Collect$$rtentry$$00000009)
    __rt_entry_main                          0x08000173   Thumb Code     0  __rtentry2.o(.ARM.Collect$$rtentry$$0000000D)
    __rt_entry_postli_1                      0x08000173   Thumb Code     0  __rtentry2.o(.ARM.Collect$$rtentry$$0000000C)
    __rt_exit                                0x0800017b   Thumb Code     0  rtexit.o(.ARM.Collect$$rtexit$$00000000)
    __rt_exit_ls                             0x0800017d   Thumb Code     0  rtexit2.o(.ARM.Collect$$rtexit$$00000003)
    __rt_exit_prels_1                        0x0800017d   Thumb Code     0  rtexit2.o(.ARM.Collect$$rtexit$$00000002)
    __rt_exit_exit                           0x08000181   Thumb Code     0  rtexit2.o(.ARM.Collect$$rtexit$$00000004)
    Reset_Handler                            0x08000189   Thumb Code     8  startup_stm32f10x_md.o(.text)
    ADC1_2_IRQHandler                        0x080001a3   Thumb Code     0  startup_stm32f10x_md.o(.text)
    CAN1_RX1_IRQHandler                      0x080001a3   Thumb Code     0  startup_stm32f10x_md.o(.text)
    CAN1_SCE_IRQHandler                      0x080001a3   Thumb Code     0  startup_stm32f10x_md.o(.text)
    DMA1_Channel1_IRQHandler                 0x080001a3   Thumb Code     0  startup_stm32f10x_md.o(.text)
    DMA1_Channel2_IRQHandler                 0x080001a3   Thumb Code     0  startup_stm32f10x_md.o(.text)
    DMA1_Channel3_IRQHandler                 0x080001a3   Thumb Code     0  startup_stm32f10x_md.o(.text)
    DMA1_Channel4_IRQHandler                 0x080001a3   Thumb Code     0  startup_stm32f10x_md.o(.text)
    DMA1_Channel5_IRQHandler                 0x080001a3   Thumb Code     0  startup_stm32f10x_md.o(.text)
    DMA1_Channel6_IRQHandler                 0x080001a3   Thumb Code     0  startup_stm32f10x_md.o(.text)
    DMA1_Channel7_IRQHandler                 0x080001a3   Thumb Code     0  startup_stm32f10x_md.o(.text)
    EXTI0_IRQHandler                         0x080001a3   Thumb Code     0  startup_stm32f10x_md.o(.text)
    EXTI15_10_IRQHandler                     0x080001a3   Thumb Code     0  startup_stm32f10x_md.o(.text)
    EXTI1_IRQHandler                         0x080001a3   Thumb Code     0  startup_stm32f10x_md.o(.text)
    EXTI2_IRQHandler                         0x080001a3   Thumb Code     0  startup_stm32f10x_md.o(.text)
    EXTI3_IRQHandler                         0x080001a3   Thumb Code     0  startup_stm32f10x_md.o(.text)
    EXTI4_IRQHandler                         0x080001a3   Thumb Code     0  startup_stm32f10x_md.o(.text)
    EXTI9_5_IRQHandler                       0x080001a3   Thumb Code     0  startup_stm32f10x_md.o(.text)
    FLASH_IRQHandler                         0x080001a3   Thumb Code     0  startup_stm32f10x_md.o(.text)
    I2C1_ER_IRQHandler                       0x080001a3   Thumb Code     0  startup_stm32f10x_md.o(.text)
    I2C1_EV_IRQHandler                       0x080001a3   Thumb Code     0  startup_stm32f10x_md.o(.text)
    I2C2_ER_IRQHandler                       0x080001a3   Thumb Code     0  startup_stm32f10x_md.o(.text)
    I2C2_EV_IRQHandler                       0x080001a3   Thumb Code     0  startup_stm32f10x_md.o(.text)
    PVD_IRQHandler                           0x080001a3   Thumb Code     0  startup_stm32f10x_md.o(.text)
    RCC_IRQHandler                           0x080001a3   Thumb Code     0  startup_stm32f10x_md.o(.text)
    RTCAlarm_IRQHandler                      0x080001a3   Thumb Code     0  startup_stm32f10x_md.o(.text)
    RTC_IRQHandler                           0x080001a3   Thumb Code     0  startup_stm32f10x_md.o(.text)
    SPI1_IRQHandler                          0x080001a3   Thumb Code     0  startup_stm32f10x_md.o(.text)
    SPI2_IRQHandler                          0x080001a3   Thumb Code     0  startup_stm32f10x_md.o(.text)
    TAMPER_IRQHandler                        0x080001a3   Thumb Code     0  startup_stm32f10x_md.o(.text)
    TIM1_BRK_IRQHandler                      0x080001a3   Thumb Code     0  startup_stm32f10x_md.o(.text)
    TIM1_CC_IRQHandler                       0x080001a3   Thumb Code     0  startup_stm32f10x_md.o(.text)
    TIM1_TRG_COM_IRQHandler                  0x080001a3   Thumb Code     0  startup_stm32f10x_md.o(.text)
    TIM1_UP_IRQHandler                       0x080001a3   Thumb Code     0  startup_stm32f10x_md.o(.text)
    TIM2_IRQHandler                          0x080001a3   Thumb Code     0  startup_stm32f10x_md.o(.text)
    TIM3_IRQHandler                          0x080001a3   Thumb Code     0  startup_stm32f10x_md.o(.text)
    TIM4_IRQHandler                          0x080001a3   Thumb Code     0  startup_stm32f10x_md.o(.text)
    USART1_IRQHandler                        0x080001a3   Thumb Code     0  startup_stm32f10x_md.o(.text)
    USART3_IRQHandler                        0x080001a3   Thumb Code     0  startup_stm32f10x_md.o(.text)
    USBWakeUp_IRQHandler                     0x080001a3   Thumb Code     0  startup_stm32f10x_md.o(.text)
    USB_HP_CAN1_TX_IRQHandler                0x080001a3   Thumb Code     0  startup_stm32f10x_md.o(.text)
    USB_LP_CAN1_RX0_IRQHandler               0x080001a3   Thumb Code     0  startup_stm32f10x_md.o(.text)
    WWDG_IRQHandler                          0x080001a3   Thumb Code     0  startup_stm32f10x_md.o(.text)
    __user_initial_stackheap                 0x080001a5   Thumb Code     0  startup_stm32f10x_md.o(.text)
    rt_hw_interrupt_disable                  0x080001c9   Thumb Code     8  context_rvds.o(.text)
    rt_hw_interrupt_enable                   0x080001d1   Thumb Code     6  context_rvds.o(.text)
    rt_hw_context_switch                     0x080001d7   Thumb Code    32  context_rvds.o(.text)
    rt_hw_context_switch_interrupt           0x080001d7   Thumb Code     0  context_rvds.o(.text)
    PendSV_Handler                           0x080001f7   Thumb Code    60  context_rvds.o(.text)
    rt_hw_context_switch_to                  0x08000233   Thumb Code    56  context_rvds.o(.text)
    rt_hw_interrupt_thread_switch            0x0800026b   Thumb Code     2  context_rvds.o(.text)
    HardFault_Handler                        0x0800026d   Thumb Code    52  context_rvds.o(.text)
    strcpy                                   0x080002bd   Thumb Code    72  strcpy.o(.text)
    strlen                                   0x08000305   Thumb Code    62  strlen.o(.text)
    strncmp                                  0x08000343   Thumb Code   150  strncmp.o(.text)
    strcat                                   0x080003d9   Thumb Code    24  strcat.o(.text)
    __aeabi_memcpy4                          0x080003f1   Thumb Code     0  rt_memcpy_w.o(.text)
    __aeabi_memcpy8                          0x080003f1   Thumb Code     0  rt_memcpy_w.o(.text)
    __rt_memcpy_w                            0x080003f1   Thumb Code   100  rt_memcpy_w.o(.text)
    _memcpy_lastbytes_aligned                0x08000439   Thumb Code     0  rt_memcpy_w.o(.text)
    __aeabi_memclr                           0x08000455   Thumb Code     0  rt_memclr.o(.text)
    __rt_memclr                              0x08000455   Thumb Code    68  rt_memclr.o(.text)
    _memset                                  0x08000459   Thumb Code     0  rt_memclr.o(.text)
    __aeabi_memclr4                          0x08000499   Thumb Code     0  rt_memclr_w.o(.text)
    __aeabi_memclr8                          0x08000499   Thumb Code     0  rt_memclr_w.o(.text)
    __rt_memclr_w                            0x08000499   Thumb Code    78  rt_memclr_w.o(.text)
    _memset_w                                0x0800049d   Thumb Code     0  rt_memclr_w.o(.text)
    strncpy                                  0x080004e7   Thumb Code    86  strncpy.o(.text)
    strcmp                                   0x0800053d   Thumb Code   128  strcmpv7m.o(.text)
    __use_two_region_memory                  0x080005bd   Thumb Code     2  heapauxi.o(.text)
    __rt_heap_escrow$2region                 0x080005bf   Thumb Code     2  heapauxi.o(.text)
    __rt_heap_expand$2region                 0x080005c1   Thumb Code     2  heapauxi.o(.text)
    __user_libspace                          0x080005c5   Thumb Code     8  libspace.o(.text)
    __user_perproc_libspace                  0x080005c5   Thumb Code     0  libspace.o(.text)
    __user_perthread_libspace                0x080005c5   Thumb Code     0  libspace.o(.text)
    __user_setup_stackheap                   0x080005cd   Thumb Code    74  sys_stackheap_outer.o(.text)
    exit                                     0x08000617   Thumb Code    18  exit.o(.text)
    _sys_exit                                0x08000629   Thumb Code     8  sys_exit.o(.text)
    __I$use$semihosting                      0x08000635   Thumb Code     0  use_no_semi.o(.text)
    __use_no_semihosting_swi                 0x08000635   Thumb Code     2  use_no_semi.o(.text)
    __semihosting_library_function           0x08000637   Thumb Code     0  indicate_semi.o(.text)
    main                                     0x08000637   Thumb Code    10  components.o(i.$Sub$$main)
    BusFault_Handler                         0x08000641   Thumb Code     4  stm32f10x_it.o(i.BusFault_Handler)
    DHT11_GPIO_Config                        0x08000645   Thumb Code    46  dht11.o(i.DHT11_GPIO_Config)
    DebugMon_Handler                         0x080006b9   Thumb Code     2  stm32f10x_it.o(i.DebugMon_Handler)
    Delay_ms                                 0x080006bb   Thumb Code    24  delay.o(i.Delay_ms)
    Delay_us                                 0x080006d3   Thumb Code    46  delay.o(i.Delay_us)
    GPIO_Init                                0x08000701   Thumb Code   278  stm32f10x_gpio.o(i.GPIO_Init)
    GPIO_PinRemapConfig                      0x08000819   Thumb Code   138  stm32f10x_gpio.o(i.GPIO_PinRemapConfig)
    GPIO_ReadInputDataBit                    0x080008a9   Thumb Code    18  stm32f10x_gpio.o(i.GPIO_ReadInputDataBit)
    GPIO_ResetBits                           0x080008bb   Thumb Code     4  stm32f10x_gpio.o(i.GPIO_ResetBits)
    GPIO_SetBits                             0x080008bf   Thumb Code     4  stm32f10x_gpio.o(i.GPIO_SetBits)
    GPIO_WriteBit                            0x080008c3   Thumb Code    10  stm32f10x_gpio.o(i.GPIO_WriteBit)
    Key_Init                                 0x080008cd   Thumb Code    40  key.o(i.Key_Init)
    LED_Init                                 0x080008f9   Thumb Code    46  led.o(i.LED_Init)
    MemManage_Handler                        0x0800092d   Thumb Code     4  stm32f10x_it.o(i.MemManage_Handler)
    MotorAll_Init                            0x08000931   Thumb Code    40  car.o(i.MotorAll_Init)
    MotorL_SetSpeed                          0x0800095d   Thumb Code    64  car.o(i.MotorL_SetSpeed)
    MotorR_SetSpeed                          0x080009a1   Thumb Code    64  car.o(i.MotorR_SetSpeed)
    NMI_Handler                              0x080009e5   Thumb Code     2  stm32f10x_it.o(i.NMI_Handler)
    NRF24L01_Check                           0x080009e9   Thumb Code   102  nrf24l01.o(i.NRF24L01_Check)
    NRF24L01_GetRxBuf                        0x08000a59   Thumb Code    74  nrf24l01.o(i.NRF24L01_GetRxBuf)
    NRF24L01_Init                            0x08000aa3   Thumb Code    22  nrf24l01.o(i.NRF24L01_Init)
    NRF24L01_Pin_Init                        0x08000ab9   Thumb Code   166  nrf24l01.o(i.NRF24L01_Pin_Init)
    NRF24L01_RT_Init                         0x08000b69   Thumb Code   104  nrf24l01.o(i.NRF24L01_RT_Init)
    NRF24L01_Read_Buf                        0x08000bd9   Thumb Code    58  nrf24l01.o(i.NRF24L01_Read_Buf)
    NRF24L01_Read_Reg                        0x08000c13   Thumb Code    36  nrf24l01.o(i.NRF24L01_Read_Reg)
    NRF24L01_Write_Buf                       0x08000c37   Thumb Code    56  nrf24l01.o(i.NRF24L01_Write_Buf)
    NRF24L01_Write_Reg                       0x08000c6f   Thumb Code    36  nrf24l01.o(i.NRF24L01_Write_Reg)
    NVIC_Init                                0x08000c95   Thumb Code   100  misc.o(i.NVIC_Init)
    NVIC_PriorityGroupConfig                 0x08000d05   Thumb Code    10  misc.o(i.NVIC_PriorityGroupConfig)
    OLED_Clear                               0x08000d19   Thumb Code    36  oled.o(i.OLED_Clear)
    OLED_ClearArea                           0x08000d41   Thumb Code   162  oled.o(i.OLED_ClearArea)
    OLED_GPIO_Init                           0x08000de9   Thumb Code    92  oled.o(i.OLED_GPIO_Init)
    OLED_I2C_SendByte                        0x08000e49   Thumb Code    62  oled.o(i.OLED_I2C_SendByte)
    OLED_I2C_Start                           0x08000e87   Thumb Code    28  oled.o(i.OLED_I2C_Start)
    OLED_I2C_Stop                            0x08000ea3   Thumb Code    22  oled.o(i.OLED_I2C_Stop)
    OLED_Init                                0x08000eb9   Thumb Code   154  oled.o(i.OLED_Init)
    OLED_Pow                                 0x08000f53   Thumb Code    20  oled.o(i.OLED_Pow)
    OLED_SetCursor                           0x08000f67   Thumb Code    34  oled.o(i.OLED_SetCursor)
    OLED_ShowChar                            0x08000f89   Thumb Code    74  oled.o(i.OLED_ShowChar)
    OLED_ShowChinese                         0x08000fdd   Thumb Code   148  oled.o(i.OLED_ShowChinese)
    OLED_ShowImage                           0x08001079   Thumb Code   296  oled.o(i.OLED_ShowImage)
    OLED_ShowNum                             0x080011a5   Thumb Code    76  oled.o(i.OLED_ShowNum)
    OLED_ShowString                          0x080011f1   Thumb Code    46  oled.o(i.OLED_ShowString)
    OLED_Update                              0x08001221   Thumb Code    36  oled.o(i.OLED_Update)
    OLED_W_SCL                               0x08001249   Thumb Code    18  oled.o(i.OLED_W_SCL)
    OLED_W_SDA                               0x08001261   Thumb Code    18  oled.o(i.OLED_W_SDA)
    OLED_WriteCommand                        0x08001279   Thumb Code    32  oled.o(i.OLED_WriteCommand)
    OLED_WriteData                           0x08001299   Thumb Code    46  oled.o(i.OLED_WriteData)
    PWM_Init                                 0x080012c9   Thumb Code   194  pwm.o(i.PWM_Init)
    PWM_SetCompare1                          0x08001399   Thumb Code    14  pwm.o(i.PWM_SetCompare1)
    PWM_SetCompare2                          0x080013ad   Thumb Code    14  pwm.o(i.PWM_SetCompare2)
    RCC_APB1PeriphClockCmd                   0x080013c1   Thumb Code    26  stm32f10x_rcc.o(i.RCC_APB1PeriphClockCmd)
    RCC_APB2PeriphClockCmd                   0x080013e1   Thumb Code    26  stm32f10x_rcc.o(i.RCC_APB2PeriphClockCmd)
    RCC_GetClocksFreq                        0x08001401   Thumb Code   192  stm32f10x_rcc.o(i.RCC_GetClocksFreq)
    R_MISO                                   0x080014d5   Thumb Code    12  nrf24l01.o(i.R_MISO)
    Read_DHT11                               0x08001545   Thumb Code   154  dht11.o(i.Read_DHT11)
    SPI_SwapByte                             0x080015e5   Thumb Code    66  nrf24l01.o(i.SPI_SwapByte)
    SVC_Handler                              0x08001627   Thumb Code     2  stm32f10x_it.o(i.SVC_Handler)
    Serial1_Init                             0x08001629   Thumb Code   170  serial.o(i.Serial1_Init)
    Serial1_SendByte                         0x080016dd   Thumb Code    28  serial.o(i.Serial1_SendByte)
    Set_Servos_Angles                        0x080017e5   Thumb Code    62  sg90.o(i.Set_Servos_Angles)
    SysTick_Handler                          0x08001829   Thumb Code    16  board.o(i.SysTick_Handler)
    SystemInit                               0x08001839   Thumb Code    78  system_stm32f10x.o(i.SystemInit)
    TIM1_PWM_Init                            0x08001899   Thumb Code   224  sg90.o(i.TIM1_PWM_Init)
    TIM_ARRPreloadConfig                     0x08001985   Thumb Code    24  stm32f10x_tim.o(i.TIM_ARRPreloadConfig)
    TIM_Cmd                                  0x0800199d   Thumb Code    24  stm32f10x_tim.o(i.TIM_Cmd)
    TIM_CtrlPWMOutputs                       0x080019b5   Thumb Code    30  stm32f10x_tim.o(i.TIM_CtrlPWMOutputs)
    TIM_InternalClockConfig                  0x080019d3   Thumb Code    12  stm32f10x_tim.o(i.TIM_InternalClockConfig)
    TIM_OC1Init                              0x080019e1   Thumb Code   132  stm32f10x_tim.o(i.TIM_OC1Init)
    TIM_OC1PreloadConfig                     0x08001a79   Thumb Code    18  stm32f10x_tim.o(i.TIM_OC1PreloadConfig)
    TIM_OC2Init                              0x08001a8d   Thumb Code   154  stm32f10x_tim.o(i.TIM_OC2Init)
    TIM_OC2PreloadConfig                     0x08001b31   Thumb Code    26  stm32f10x_tim.o(i.TIM_OC2PreloadConfig)
    TIM_OC3Init                              0x08001b4d   Thumb Code   150  stm32f10x_tim.o(i.TIM_OC3Init)
    TIM_OC3PreloadConfig                     0x08001bed   Thumb Code    18  stm32f10x_tim.o(i.TIM_OC3PreloadConfig)
    TIM_OC4Init                              0x08001c01   Thumb Code   114  stm32f10x_tim.o(i.TIM_OC4Init)
    TIM_OC4PreloadConfig                     0x08001c7d   Thumb Code    26  stm32f10x_tim.o(i.TIM_OC4PreloadConfig)
    TIM_OCStructInit                         0x08001c97   Thumb Code    20  stm32f10x_tim.o(i.TIM_OCStructInit)
    TIM_SetCompare1                          0x08001cab   Thumb Code     4  stm32f10x_tim.o(i.TIM_SetCompare1)
    TIM_SetCompare2                          0x08001caf   Thumb Code     4  stm32f10x_tim.o(i.TIM_SetCompare2)
    TIM_SetCompare3                          0x08001cb3   Thumb Code     4  stm32f10x_tim.o(i.TIM_SetCompare3)
    TIM_SetCompare4                          0x08001cb7   Thumb Code     6  stm32f10x_tim.o(i.TIM_SetCompare4)
    TIM_TimeBaseInit                         0x08001cbd   Thumb Code   122  stm32f10x_tim.o(i.TIM_TimeBaseInit)
    USART2_IRQHandler                        0x08001d61   Thumb Code   180  serial.o(i.USART2_IRQHandler)
    USART_ClearFlag                          0x08001e25   Thumb Code    18  stm32f10x_usart.o(i.USART_ClearFlag)
    USART_ClearITPendingBit                  0x08001e37   Thumb Code    30  stm32f10x_usart.o(i.USART_ClearITPendingBit)
    USART_Cmd                                0x08001e55   Thumb Code    24  stm32f10x_usart.o(i.USART_Cmd)
    USART_Config                             0x08001e6d   Thumb Code   120  usart.o(i.USART_Config)
    USART_GetFlagStatus                      0x08001eed   Thumb Code    26  stm32f10x_usart.o(i.USART_GetFlagStatus)
    USART_GetITStatus                        0x08001f07   Thumb Code    84  stm32f10x_usart.o(i.USART_GetITStatus)
    USART_ITConfig                           0x08001f5b   Thumb Code    74  stm32f10x_usart.o(i.USART_ITConfig)
    USART_Init                               0x08001fa5   Thumb Code   210  stm32f10x_usart.o(i.USART_Init)
    USART_ReceiveData                        0x0800207d   Thumb Code    10  stm32f10x_usart.o(i.USART_ReceiveData)
    USART_SendData                           0x08002087   Thumb Code     8  stm32f10x_usart.o(i.USART_SendData)
    UsageFault_Handler                       0x0800208f   Thumb Code     4  stm32f10x_it.o(i.UsageFault_Handler)
    W_CE                                     0x08002095   Thumb Code    16  nrf24l01.o(i.W_CE)
    W_MOSI                                   0x080020a9   Thumb Code    16  nrf24l01.o(i.W_MOSI)
    W_SCK                                    0x080020bd   Thumb Code    16  nrf24l01.o(i.W_SCK)
    W_SS                                     0x080020d1   Thumb Code    16  nrf24l01.o(i.W_SS)
    __rt_ffs                                 0x080020e5   Thumb Code    70  kservice.o(i.__rt_ffs)
    angle_to_pulse                           0x0800229b   Thumb Code    28  sg90.o(i.angle_to_pulse)
    cmd_free                                 0x080023b5   Thumb Code    14  msh.o(i.cmd_free)
    cmd_ps                                   0x080023c3   Thumb Code    14  msh.o(i.cmd_ps)
    finsh_get_prompt                         0x080023d1   Thumb Code    86  shell.o(i.finsh_get_prompt)
    finsh_set_prompt_mode                    0x08002451   Thumb Code    22  shell.o(i.finsh_set_prompt_mode)
    finsh_system_function_init               0x0800246d   Thumb Code    10  shell.o(i.finsh_system_function_init)
    finsh_system_init                        0x08002481   Thumb Code    98  shell.o(i.finsh_system_init)
    finsh_thread_entry                       0x0800251d   Thumb Code   936  shell.o(i.finsh_thread_entry)
    hello                                    0x08002965   Thumb Code    12  cmd.o(i.hello)
    huanjing                                 0x08002985   Thumb Code   216  dht11.o(i.huanjing)
    list                                     0x08002bb9   Thumb Code    54  cmd.o(i.list)
    list_mailbox                             0x08002cd5   Thumb Code   224  cmd.o(i.list_mailbox)
    list_mem                                 0x08002e31   Thumb Code    34  mem.o(i.list_mem)
    list_sem                                 0x08002ea9   Thumb Code   216  cmd.o(i.list_sem)
    list_thread                              0x08002fe1   Thumb Code   294  cmd.o(i.list_thread)
    list_timer                               0x080031c5   Thumb Code   190  cmd.o(i.list_timer)
    $Super$$main                             0x08003325   Thumb Code   102  main.o(i.main)
    main_thread_entry                        0x080033a1   Thumb Code    14  components.o(i.main_thread_entry)
    msh_auto_complete                        0x08003499   Thumb Code   138  msh.o(i.msh_auto_complete)
    msh_exec                                 0x08003539   Thumb Code    84  msh.o(i.msh_exec)
    msh_help                                 0x08003601   Thumb Code    66  msh.o(i.msh_help)
    msh_is_used                              0x08003681   Thumb Code     4  msh.o(i.msh_is_used)
    rt_application_init                      0x080039a1   Thumb Code    34  components.o(i.rt_application_init)
    rt_calloc                                0x080039d1   Thumb Code    34  mem.o(i.rt_calloc)
    rt_components_board_init                 0x080039f5   Thumb Code    20  components.o(i.rt_components_board_init)
    rt_components_init                       0x08003a11   Thumb Code    20  components.o(i.rt_components_init)
    rt_enter_critical                        0x08003a2d   Thumb Code    28  scheduler.o(i.rt_enter_critical)
    rt_exit_critical                         0x08003a4d   Thumb Code    60  scheduler.o(i.rt_exit_critical)
    rt_free                                  0x08003a91   Thumb Code   128  mem.o(i.rt_free)
    rt_heap_begin_get                        0x08003b71   Thumb Code     4  board.o(i.rt_heap_begin_get)
    rt_heap_end_get                          0x08003b79   Thumb Code     4  board.o(i.rt_heap_end_get)
    rt_hw_board_init                         0x08003b81   Thumb Code   122  board.o(i.rt_hw_board_init)
    rt_hw_console_getchar                    0x08003c09   Thumb Code    62  finsh_port.o(i.rt_hw_console_getchar)
    rt_hw_console_output                     0x08003c4d   Thumb Code    74  kservice.o(i.rt_hw_console_output)
    rt_hw_hard_fault_exception               0x08003c9d   Thumb Code   198  cpuport.o(i.rt_hw_hard_fault_exception)
    rt_hw_stack_init                         0x08003ea5   Thumb Code    70  cpuport.o(i.rt_hw_stack_init)
    rt_interrupt_enter                       0x08003ef1   Thumb Code    26  irq.o(i.rt_interrupt_enter)
    rt_interrupt_leave                       0x08003f11   Thumb Code    26  irq.o(i.rt_interrupt_leave)
    rt_kprintf                               0x08003fc5   Thumb Code    44  kservice.o(i.rt_kprintf)
    rt_malloc                                0x080040b9   Thumb Code   336  mem.o(i.rt_malloc)
    rt_memmove                               0x08004225   Thumb Code    66  kservice.o(i.rt_memmove)
    rt_memset                                0x08004267   Thumb Code    72  kservice.o(i.rt_memset)
    rt_object_allocate                       0x080042af   Thumb Code    84  object.o(i.rt_object_allocate)
    rt_object_delete                         0x08004303   Thumb Code    36  object.o(i.rt_object_delete)
    rt_object_detach                         0x08004327   Thumb Code    30  object.o(i.rt_object_detach)
    rt_object_get_information                0x08004345   Thumb Code    36  object.o(i.rt_object_get_information)
    rt_object_init                           0x0800436d   Thumb Code    86  object.o(i.rt_object_init)
    rt_object_is_systemobject                0x080043c3   Thumb Code    18  object.o(i.rt_object_is_systemobject)
    rt_schedule                              0x080043d5   Thumb Code   106  scheduler.o(i.rt_schedule)
    rt_schedule_insert_thread                0x08004459   Thumb Code    72  scheduler.o(i.rt_schedule_insert_thread)
    rt_schedule_remove_thread                0x080044a9   Thumb Code    76  scheduler.o(i.rt_schedule_remove_thread)
    rt_sem_init                              0x080044fd   Thumb Code    38  ipc.o(i.rt_sem_init)
    rt_sem_release                           0x08004523   Thumb Code    82  ipc.o(i.rt_sem_release)
    rt_sem_take                              0x08004575   Thumb Code   116  ipc.o(i.rt_sem_take)
    rt_show_version                          0x080045e9   Thumb Code    38  kservice.o(i.rt_show_version)
    rt_strncpy                               0x08004699   Thumb Code    52  kservice.o(i.rt_strncpy)
    rt_system_heap_init                      0x080046cd   Thumb Code   160  mem.o(i.rt_system_heap_init)
    rt_system_scheduler_init                 0x080047c5   Thumb Code    52  scheduler.o(i.rt_system_scheduler_init)
    rt_system_scheduler_start                0x08004811   Thumb Code    36  scheduler.o(i.rt_system_scheduler_start)
    rt_system_timer_init                     0x08004841   Thumb Code    24  timer.o(i.rt_system_timer_init)
    rt_system_timer_thread_init              0x0800485d   Thumb Code     2  timer.o(i.rt_system_timer_thread_init)
    rt_thread_create                         0x0800485f   Thumb Code    80  thread.o(i.rt_thread_create)
    rt_thread_exit                           0x080048b1   Thumb Code    78  thread.o(i.rt_thread_exit)
    rt_thread_idle_excute                    0x08004911   Thumb Code    92  idle.o(i.rt_thread_idle_excute)
    rt_thread_idle_init                      0x08004971   Thumb Code    38  idle.o(i.rt_thread_idle_init)
    rt_thread_init                           0x080049ad   Thumb Code    52  thread.o(i.rt_thread_init)
    rt_thread_mdelay                         0x080049e1   Thumb Code    20  thread.o(i.rt_thread_mdelay)
    rt_thread_resume                         0x080049f5   Thumb Code    60  thread.o(i.rt_thread_resume)
    rt_thread_self                           0x08004a31   Thumb Code     6  thread.o(i.rt_thread_self)
    rt_thread_sleep                          0x08004a3d   Thumb Code    62  thread.o(i.rt_thread_sleep)
    rt_thread_startup                        0x08004a81   Thumb Code    44  thread.o(i.rt_thread_startup)
    rt_thread_suspend                        0x08004aad   Thumb Code    68  thread.o(i.rt_thread_suspend)
    rt_thread_timeout                        0x08004af1   Thumb Code    32  thread.o(i.rt_thread_timeout)
    rt_thread_yield                          0x08004b11   Thumb Code    92  thread.o(i.rt_thread_yield)
    rt_tick_from_millisecond                 0x08004b75   Thumb Code    56  clock.o(i.rt_tick_from_millisecond)
    rt_tick_get                              0x08004bad   Thumb Code     6  clock.o(i.rt_tick_get)
    rt_tick_increase                         0x08004bb9   Thumb Code    42  clock.o(i.rt_tick_increase)
    rt_timer_check                           0x08004be9   Thumb Code   160  timer.o(i.rt_timer_check)
    rt_timer_control                         0x08004c8d   Thumb Code    98  timer.o(i.rt_timer_control)
    rt_timer_detach                          0x08004cef   Thumb Code    40  timer.o(i.rt_timer_detach)
    rt_timer_init                            0x08004d17   Thumb Code    46  timer.o(i.rt_timer_init)
    rt_timer_start                           0x08004d45   Thumb Code   226  timer.o(i.rt_timer_start)
    rt_timer_stop                            0x08004e31   Thumb Code    48  timer.o(i.rt_timer_stop)
    rt_vsnprintf                             0x08004e61   Thumb Code   824  kservice.o(i.rt_vsnprintf)
    rtthread_startup                         0x080051b1   Thumb Code    42  components.o(i.rtthread_startup)
    version                                  0x0800537d   Thumb Code    10  cmd.o(i.version)
    yidong                                   0x08005389   Thumb Code   460  car.o(i.yidong)
    __aeabi_dadd                             0x08005581   Thumb Code     0  daddsub_clz.o(x$fpl$dadd)
    _dadd                                    0x08005581   Thumb Code   332  daddsub_clz.o(x$fpl$dadd)
    __aeabi_d2iz                             0x080056d1   Thumb Code     0  dfix.o(x$fpl$dfix)
    _dfix                                    0x080056d1   Thumb Code    94  dfix.o(x$fpl$dfix)
    __aeabi_i2d                              0x0800572f   Thumb Code     0  dflt_clz.o(x$fpl$dflt)
    _dflt                                    0x0800572f   Thumb Code    46  dflt_clz.o(x$fpl$dflt)
    __aeabi_dmul                             0x0800575d   Thumb Code     0  dmul.o(x$fpl$dmul)
    _dmul                                    0x0800575d   Thumb Code   332  dmul.o(x$fpl$dmul)
    __fpl_dnaninf                            0x080058b1   Thumb Code   156  dnaninf.o(x$fpl$dnaninf)
    __fpl_dretinf                            0x0800594d   Thumb Code    12  dretinf.o(x$fpl$dretinf)
    __aeabi_dsub                             0x08005959   Thumb Code     0  daddsub_clz.o(x$fpl$dsub)
    _dsub                                    0x08005959   Thumb Code   464  daddsub_clz.o(x$fpl$dsub)
    TX_ADDRESS                               0x08005b2c   Data           5  nrf24l01.o(.constdata)
    __I$use$fp                               0x08005b2c   Number         0  usenofp.o(x$fpl$usenofp)
    RX_ADDRESS                               0x08005b31   Data           5  nrf24l01.o(.constdata)
    OLED_F8x16                               0x08005b36   Data        1520  oled_data.o(.constdata)
    OLED_F6x8                                0x08006126   Data         570  oled_data.o(.constdata)
    OLED_CF16x16                             0x08006360   Data         350  oled_data.o(.constdata)
    Diode                                    0x080064be   Data          32  oled_data.o(.constdata)
    WEIXIAO                                  0x080064de   Data         200  oled_data.o(.constdata)
    bukaixin                                 0x080065a6   Data         200  oled_data.o(.constdata)
    ling                                     0x0800666e   Data         108  oled_data.o(.constdata)
    yi                                       0x080066da   Data         108  oled_data.o(.constdata)
    er                                       0x08006746   Data         108  oled_data.o(.constdata)
    san                                      0x080067b2   Data         108  oled_data.o(.constdata)
    si                                       0x0800681e   Data         108  oled_data.o(.constdata)
    wu                                       0x0800688a   Data         108  oled_data.o(.constdata)
    liu                                      0x080068f6   Data         108  oled_data.o(.constdata)
    qi                                       0x08006962   Data         108  oled_data.o(.constdata)
    ba                                       0x080069ce   Data         108  oled_data.o(.constdata)
    jiu                                      0x08006a3a   Data         108  oled_data.o(.constdata)
    zhangchuang                              0x08006aa6   Data         108  oled_data.o(.constdata)
    zonghe                                   0x08006b12   Data        1188  oled_data.o(.constdata)
    yiban1                                   0x08006fb6   Data          24  oled_data.o(.constdata)
    __lowest_bit_bitmap                      0x08006fce   Data         256  kservice.o(.constdata)
    __fsym_hello_name                        0x08007134   Data           6  cmd.o(.rodata.name)
    __fsym_hello_desc                        0x0800713a   Data          16  cmd.o(.rodata.name)
    __fsym_version_name                      0x0800714a   Data           8  cmd.o(.rodata.name)
    __fsym_version_desc                      0x08007152   Data          35  cmd.o(.rodata.name)
    __fsym___cmd_version_name                0x08007175   Data          14  cmd.o(.rodata.name)
    __fsym___cmd_version_desc                0x08007183   Data          35  cmd.o(.rodata.name)
    __fsym_list_thread_name                  0x080071a6   Data          12  cmd.o(.rodata.name)
    __fsym_list_thread_desc                  0x080071b2   Data          12  cmd.o(.rodata.name)
    __fsym___cmd_list_thread_name            0x080071be   Data          18  cmd.o(.rodata.name)
    __fsym___cmd_list_thread_desc            0x080071d0   Data          12  cmd.o(.rodata.name)
    __fsym_list_sem_name                     0x080071dc   Data           9  cmd.o(.rodata.name)
    __fsym_list_sem_desc                     0x080071e5   Data          25  cmd.o(.rodata.name)
    __fsym___cmd_list_sem_name               0x080071fe   Data          15  cmd.o(.rodata.name)
    __fsym___cmd_list_sem_desc               0x0800720d   Data          25  cmd.o(.rodata.name)
    __fsym_list_mailbox_name                 0x08007226   Data          13  cmd.o(.rodata.name)
    __fsym_list_mailbox_desc                 0x08007233   Data          24  cmd.o(.rodata.name)
    __fsym___cmd_list_mailbox_name           0x0800724b   Data          19  cmd.o(.rodata.name)
    __fsym___cmd_list_mailbox_desc           0x0800725e   Data          24  cmd.o(.rodata.name)
    __fsym_list_timer_name                   0x08007276   Data          11  cmd.o(.rodata.name)
    __fsym_list_timer_desc                   0x08007281   Data          21  cmd.o(.rodata.name)
    __fsym___cmd_list_timer_name             0x08007296   Data          17  cmd.o(.rodata.name)
    __fsym___cmd_list_timer_desc             0x080072a7   Data          21  cmd.o(.rodata.name)
    __fsym_list_name                         0x080072bc   Data           5  cmd.o(.rodata.name)
    __fsym_list_desc                         0x080072c1   Data          26  cmd.o(.rodata.name)
    __fsym___cmd_help_name                   0x080072db   Data          11  msh.o(.rodata.name)
    __fsym___cmd_help_desc                   0x080072e6   Data          22  msh.o(.rodata.name)
    __fsym___cmd_ps_name                     0x080072fc   Data           9  msh.o(.rodata.name)
    __fsym___cmd_ps_desc                     0x08007305   Data          28  msh.o(.rodata.name)
    __fsym___cmd_free_name                   0x08007321   Data          11  msh.o(.rodata.name)
    __fsym___cmd_free_desc                   0x0800732c   Data          37  msh.o(.rodata.name)
    __fsym_list_mem_name                     0x08007351   Data           9  mem.o(.rodata.name)
    __fsym_list_mem_desc                     0x0800735a   Data          30  mem.o(.rodata.name)
    __rt_init_rti_start                      0x08007378   Data           4  components.o(.rti_fn.0)
    __rt_init_rti_board_start                0x0800737c   Data           4  components.o(.rti_fn.0.end)
    __rt_init_uart_init                      0x08007380   Data           4  board.o(.rti_fn.1)
    __rt_init_rti_board_end                  0x08007384   Data           4  components.o(.rti_fn.1.end)
    __rt_init_finsh_system_init              0x08007388   Data           4  shell.o(.rti_fn.6)
    __rt_init_rti_end                        0x0800738c   Data           4  components.o(.rti_fn.6.end)
    FSymTab$$Base                            0x08007390   Number         0  cmd.o(FSymTab)
    __fsym_hello                             0x08007390   Data          12  cmd.o(FSymTab)
    __fsym_version                           0x0800739c   Data          12  cmd.o(FSymTab)
    __fsym___cmd_version                     0x080073a8   Data          12  cmd.o(FSymTab)
    __fsym_list_thread                       0x080073b4   Data          12  cmd.o(FSymTab)
    __fsym___cmd_list_thread                 0x080073c0   Data          12  cmd.o(FSymTab)
    __fsym_list_sem                          0x080073cc   Data          12  cmd.o(FSymTab)
    __fsym___cmd_list_sem                    0x080073d8   Data          12  cmd.o(FSymTab)
    __fsym_list_mailbox                      0x080073e4   Data          12  cmd.o(FSymTab)
    __fsym___cmd_list_mailbox                0x080073f0   Data          12  cmd.o(FSymTab)
    __fsym_list_timer                        0x080073fc   Data          12  cmd.o(FSymTab)
    __fsym___cmd_list_timer                  0x08007408   Data          12  cmd.o(FSymTab)
    __fsym_list                              0x08007414   Data          12  cmd.o(FSymTab)
    __fsym___cmd_help                        0x08007420   Data          12  msh.o(FSymTab)
    __fsym___cmd_ps                          0x0800742c   Data          12  msh.o(FSymTab)
    __fsym___cmd_free                        0x08007438   Data          12  msh.o(FSymTab)
    __fsym_list_mem                          0x08007444   Data          12  mem.o(FSymTab)
    FSymTab$$Limit                           0x08007450   Number         0  mem.o(FSymTab)
    Region$$Table$$Base                      0x08007450   Number         0  anon$$obj.o(Region$$Table)
    Region$$Table$$Limit                     0x08007470   Number         0  anon$$obj.o(Region$$Table)
    SystemCoreClock                          0x20000000   Data           4  system_stm32f10x.o(.data)
    AHBPrescTable                            0x20000004   Data          16  system_stm32f10x.o(.data)
    x                                        0x20000028   Data           1  car.o(.data)
    y                                        0x20000029   Data           1  car.o(.data)
    DHT11_Data                               0x2000002a   Data           5  dht11.o(.data)
    wenshidu                                 0x2000002f   Data           4  dht11.o(.data)
    D                                        0x20000033   Data           1  dht11.o(.data)
    Serial1_RxData                           0x20000034   Data           1  serial.o(.data)
    Serial1_RxFlag                           0x20000035   Data           1  serial.o(.data)
    xuanze                                   0x2000003c   Data           1  main.o(.data)
    SG90_yaw                                 0x2000003d   Data           1  main.o(.data)
    SG90_yroll_1                             0x2000003e   Data           1  main.o(.data)
    SG90_yroll_2                             0x2000003f   Data           1  main.o(.data)
    _syscall_table_begin                     0x20000040   Data           4  shell.o(.data)
    _syscall_table_end                       0x20000044   Data           4  shell.o(.data)
    _sysvar_table_begin                      0x20000048   Data           4  shell.o(.data)
    _sysvar_table_end                        0x2000004c   Data           4  shell.o(.data)
    shell                                    0x20000050   Data           4  shell.o(.data)
    rt_interrupt_from_thread                 0x20000058   Data           4  cpuport.o(.data)
    rt_interrupt_to_thread                   0x2000005c   Data           4  cpuport.o(.data)
    rt_thread_switch_interrupt_flag          0x20000060   Data           4  cpuport.o(.data)
    rt_interrupt_nest                        0x2000006c   Data           1  irq.o(.data)
    rt_thread_ready_priority_group           0x200000c8   Data           4  scheduler.o(.data)
    rt_current_thread                        0x200000d0   Data           4  scheduler.o(.data)
    rt_current_priority                      0x200000d4   Data           1  scheduler.o(.data)
    rt_thread_defunct                        0x200000d8   Data           8  scheduler.o(.data)
    OLED_DisplayBuf                          0x200000ec   Data        1024  oled.o(.bss)
    chary                                    0x200004ec   Data           9  car.o(.bss)
    rt_thread_priority_table                 0x20000890   Data         256  scheduler.o(.bss)
    __libspace_start                         0x20001990   Data          96  libspace.o(.bss)
    __temporary_stack_top$libspace           0x200019f0   Data           0  libspace.o(.bss)



==============================================================================

Memory Map of the image

  Image Entry point : 0x080000ed

  Load Region LR_IROM1 (Base: 0x08000000, Size: 0x0000755c, Max: 0x00010000, ABSOLUTE)

    Execution Region ER_IROM1 (Exec base: 0x08000000, Load base: 0x08000000, Size: 0x00007470, Max: 0x00010000, ABSOLUTE)

    Exec Addr    Load Addr    Size         Type   Attr      Idx    E Section Name        Object

    0x08000000   0x08000000   0x000000ec   Data   RO            3    RESET               startup_stm32f10x_md.o
    0x080000ec   0x080000ec   0x00000008   Code   RO         5421  * !!!main             c_w.l(__main.o)
    0x080000f4   0x080000f4   0x00000034   Code   RO         5852    !!!scatter          c_w.l(__scatter.o)
    0x08000128   0x08000128   0x0000001a   Code   RO         5854    !!handler_copy      c_w.l(__scatter_copy.o)
    0x08000142   0x08000142   0x00000002   PAD
    0x08000144   0x08000144   0x0000001c   Code   RO         5856    !!handler_zi        c_w.l(__scatter_zi.o)
    0x08000160   0x08000160   0x00000002   Code   RO         5714    .ARM.Collect$$libinit$$00000000  c_w.l(libinit.o)
    0x08000162   0x08000162   0x00000000   Code   RO         5725    .ARM.Collect$$libinit$$00000002  c_w.l(libinit2.o)
    0x08000162   0x08000162   0x00000000   Code   RO         5727    .ARM.Collect$$libinit$$00000004  c_w.l(libinit2.o)
    0x08000162   0x08000162   0x00000000   Code   RO         5730    .ARM.Collect$$libinit$$0000000A  c_w.l(libinit2.o)
    0x08000162   0x08000162   0x00000000   Code   RO         5732    .ARM.Collect$$libinit$$0000000C  c_w.l(libinit2.o)
    0x08000162   0x08000162   0x00000000   Code   RO         5734    .ARM.Collect$$libinit$$0000000E  c_w.l(libinit2.o)
    0x08000162   0x08000162   0x00000000   Code   RO         5737    .ARM.Collect$$libinit$$00000011  c_w.l(libinit2.o)
    0x08000162   0x08000162   0x00000000   Code   RO         5739    .ARM.Collect$$libinit$$00000013  c_w.l(libinit2.o)
    0x08000162   0x08000162   0x00000000   Code   RO         5741    .ARM.Collect$$libinit$$00000015  c_w.l(libinit2.o)
    0x08000162   0x08000162   0x00000000   Code   RO         5743    .ARM.Collect$$libinit$$00000017  c_w.l(libinit2.o)
    0x08000162   0x08000162   0x00000000   Code   RO         5745    .ARM.Collect$$libinit$$00000019  c_w.l(libinit2.o)
    0x08000162   0x08000162   0x00000000   Code   RO         5747    .ARM.Collect$$libinit$$0000001B  c_w.l(libinit2.o)
    0x08000162   0x08000162   0x00000000   Code   RO         5749    .ARM.Collect$$libinit$$0000001D  c_w.l(libinit2.o)
    0x08000162   0x08000162   0x00000000   Code   RO         5751    .ARM.Collect$$libinit$$0000001F  c_w.l(libinit2.o)
    0x08000162   0x08000162   0x00000000   Code   RO         5753    .ARM.Collect$$libinit$$00000021  c_w.l(libinit2.o)
    0x08000162   0x08000162   0x00000000   Code   RO         5755    .ARM.Collect$$libinit$$00000023  c_w.l(libinit2.o)
    0x08000162   0x08000162   0x00000000   Code   RO         5757    .ARM.Collect$$libinit$$00000025  c_w.l(libinit2.o)
    0x08000162   0x08000162   0x00000000   Code   RO         5761    .ARM.Collect$$libinit$$0000002C  c_w.l(libinit2.o)
    0x08000162   0x08000162   0x00000000   Code   RO         5763    .ARM.Collect$$libinit$$0000002E  c_w.l(libinit2.o)
    0x08000162   0x08000162   0x00000000   Code   RO         5765    .ARM.Collect$$libinit$$00000030  c_w.l(libinit2.o)
    0x08000162   0x08000162   0x00000000   Code   RO         5767    .ARM.Collect$$libinit$$00000032  c_w.l(libinit2.o)
    0x08000162   0x08000162   0x00000002   Code   RO         5768    .ARM.Collect$$libinit$$00000033  c_w.l(libinit2.o)
    0x08000164   0x08000164   0x00000002   Code   RO         5792    .ARM.Collect$$libshutdown$$00000000  c_w.l(libshutdown.o)
    0x08000166   0x08000166   0x00000000   Code   RO         5805    .ARM.Collect$$libshutdown$$00000002  c_w.l(libshutdown2.o)
    0x08000166   0x08000166   0x00000000   Code   RO         5807    .ARM.Collect$$libshutdown$$00000004  c_w.l(libshutdown2.o)
    0x08000166   0x08000166   0x00000000   Code   RO         5810    .ARM.Collect$$libshutdown$$00000007  c_w.l(libshutdown2.o)
    0x08000166   0x08000166   0x00000000   Code   RO         5813    .ARM.Collect$$libshutdown$$0000000A  c_w.l(libshutdown2.o)
    0x08000166   0x08000166   0x00000000   Code   RO         5815    .ARM.Collect$$libshutdown$$0000000C  c_w.l(libshutdown2.o)
    0x08000166   0x08000166   0x00000000   Code   RO         5818    .ARM.Collect$$libshutdown$$0000000F  c_w.l(libshutdown2.o)
    0x08000166   0x08000166   0x00000002   Code   RO         5819    .ARM.Collect$$libshutdown$$00000010  c_w.l(libshutdown2.o)
    0x08000168   0x08000168   0x00000000   Code   RO         5479    .ARM.Collect$$rtentry$$00000000  c_w.l(__rtentry.o)
    0x08000168   0x08000168   0x00000000   Code   RO         5622    .ARM.Collect$$rtentry$$00000002  c_w.l(__rtentry2.o)
    0x08000168   0x08000168   0x00000006   Code   RO         5634    .ARM.Collect$$rtentry$$00000004  c_w.l(__rtentry4.o)
    0x0800016e   0x0800016e   0x00000000   Code   RO         5624    .ARM.Collect$$rtentry$$00000009  c_w.l(__rtentry2.o)
    0x0800016e   0x0800016e   0x00000004   Code   RO         5625    .ARM.Collect$$rtentry$$0000000A  c_w.l(__rtentry2.o)
    0x08000172   0x08000172   0x00000000   Code   RO         5627    .ARM.Collect$$rtentry$$0000000C  c_w.l(__rtentry2.o)
    0x08000172   0x08000172   0x00000008   Code   RO         5628    .ARM.Collect$$rtentry$$0000000D  c_w.l(__rtentry2.o)
    0x0800017a   0x0800017a   0x00000002   Code   RO         5719    .ARM.Collect$$rtexit$$00000000  c_w.l(rtexit.o)
    0x0800017c   0x0800017c   0x00000000   Code   RO         5772    .ARM.Collect$$rtexit$$00000002  c_w.l(rtexit2.o)
    0x0800017c   0x0800017c   0x00000004   Code   RO         5773    .ARM.Collect$$rtexit$$00000003  c_w.l(rtexit2.o)
    0x08000180   0x08000180   0x00000006   Code   RO         5774    .ARM.Collect$$rtexit$$00000004  c_w.l(rtexit2.o)
    0x08000186   0x08000186   0x00000002   PAD
    0x08000188   0x08000188   0x00000040   Code   RO            4    .text               startup_stm32f10x_md.o
    0x080001c8   0x080001c8   0x000000f4   Code   RO         4319    .text               context_rvds.o
    0x080002bc   0x080002bc   0x00000048   Code   RO         5401    .text               c_w.l(strcpy.o)
    0x08000304   0x08000304   0x0000003e   Code   RO         5403    .text               c_w.l(strlen.o)
    0x08000342   0x08000342   0x00000096   Code   RO         5405    .text               c_w.l(strncmp.o)
    0x080003d8   0x080003d8   0x00000018   Code   RO         5407    .text               c_w.l(strcat.o)
    0x080003f0   0x080003f0   0x00000064   Code   RO         5409    .text               c_w.l(rt_memcpy_w.o)
    0x08000454   0x08000454   0x00000044   Code   RO         5411    .text               c_w.l(rt_memclr.o)
    0x08000498   0x08000498   0x0000004e   Code   RO         5413    .text               c_w.l(rt_memclr_w.o)
    0x080004e6   0x080004e6   0x00000056   Code   RO         5415    .text               c_w.l(strncpy.o)
    0x0800053c   0x0800053c   0x00000080   Code   RO         5417    .text               c_w.l(strcmpv7m.o)
    0x080005bc   0x080005bc   0x00000006   Code   RO         5419    .text               c_w.l(heapauxi.o)
    0x080005c2   0x080005c2   0x00000002   PAD
    0x080005c4   0x080005c4   0x00000008   Code   RO         5665    .text               c_w.l(libspace.o)
    0x080005cc   0x080005cc   0x0000004a   Code   RO         5668    .text               c_w.l(sys_stackheap_outer.o)
    0x08000616   0x08000616   0x00000012   Code   RO         5707    .text               c_w.l(exit.o)
    0x08000628   0x08000628   0x0000000c   Code   RO         5784    .text               c_w.l(sys_exit.o)
    0x08000634   0x08000634   0x00000002   Code   RO         5795    .text               c_w.l(use_no_semi.o)
    0x08000636   0x08000636   0x00000000   Code   RO         5797    .text               c_w.l(indicate_semi.o)
    0x08000636   0x08000636   0x0000000a   Code   RO         4420    i.$Sub$$main        components.o
    0x08000640   0x08000640   0x00000004   Code   RO         4004    i.BusFault_Handler  stm32f10x_it.o
    0x08000644   0x08000644   0x00000034   Code   RO         3587    i.DHT11_GPIO_Config  dht11.o
    0x08000678   0x08000678   0x0000001c   Code   RO         3588    i.DHT11_Mode_IPU    dht11.o
    0x08000694   0x08000694   0x00000024   Code   RO         3589    i.DHT11_Mode_Out_PP  dht11.o
    0x080006b8   0x080006b8   0x00000002   Code   RO         4005    i.DebugMon_Handler  stm32f10x_it.o
    0x080006ba   0x080006ba   0x00000018   Code   RO         3196    i.Delay_ms          delay.o
    0x080006d2   0x080006d2   0x0000002e   Code   RO         3198    i.Delay_us          delay.o
    0x08000700   0x08000700   0x00000116   Code   RO         1347    i.GPIO_Init         stm32f10x_gpio.o
    0x08000816   0x08000816   0x00000002   PAD
    0x08000818   0x08000818   0x00000090   Code   RO         1349    i.GPIO_PinRemapConfig  stm32f10x_gpio.o
    0x080008a8   0x080008a8   0x00000012   Code   RO         1351    i.GPIO_ReadInputDataBit  stm32f10x_gpio.o
    0x080008ba   0x080008ba   0x00000004   Code   RO         1354    i.GPIO_ResetBits    stm32f10x_gpio.o
    0x080008be   0x080008be   0x00000004   Code   RO         1355    i.GPIO_SetBits      stm32f10x_gpio.o
    0x080008c2   0x080008c2   0x0000000a   Code   RO         1358    i.GPIO_WriteBit     stm32f10x_gpio.o
    0x080008cc   0x080008cc   0x0000002c   Code   RO         3269    i.Key_Init          key.o
    0x080008f8   0x080008f8   0x00000034   Code   RO         3226    i.LED_Init          led.o
    0x0800092c   0x0800092c   0x00000004   Code   RO         4006    i.MemManage_Handler  stm32f10x_it.o
    0x08000930   0x08000930   0x0000002c   Code   RO         3541    i.MotorAll_Init     car.o
    0x0800095c   0x0800095c   0x00000044   Code   RO         3542    i.MotorL_SetSpeed   car.o
    0x080009a0   0x080009a0   0x00000044   Code   RO         3543    i.MotorR_SetSpeed   car.o
    0x080009e4   0x080009e4   0x00000002   Code   RO         4007    i.NMI_Handler       stm32f10x_it.o
    0x080009e6   0x080009e6   0x00000002   PAD
    0x080009e8   0x080009e8   0x00000070   Code   RO         3640    i.NRF24L01_Check    nrf24l01.o
    0x08000a58   0x08000a58   0x0000004a   Code   RO         3641    i.NRF24L01_GetRxBuf  nrf24l01.o
    0x08000aa2   0x08000aa2   0x00000016   Code   RO         3643    i.NRF24L01_Init     nrf24l01.o
    0x08000ab8   0x08000ab8   0x000000b0   Code   RO         3644    i.NRF24L01_Pin_Init  nrf24l01.o
    0x08000b68   0x08000b68   0x00000070   Code   RO         3645    i.NRF24L01_RT_Init  nrf24l01.o
    0x08000bd8   0x08000bd8   0x0000003a   Code   RO         3646    i.NRF24L01_Read_Buf  nrf24l01.o
    0x08000c12   0x08000c12   0x00000024   Code   RO         3647    i.NRF24L01_Read_Reg  nrf24l01.o
    0x08000c36   0x08000c36   0x00000038   Code   RO         3650    i.NRF24L01_Write_Buf  nrf24l01.o
    0x08000c6e   0x08000c6e   0x00000024   Code   RO         3651    i.NRF24L01_Write_Reg  nrf24l01.o
    0x08000c92   0x08000c92   0x00000002   PAD
    0x08000c94   0x08000c94   0x00000070   Code   RO          137    i.NVIC_Init         misc.o
    0x08000d04   0x08000d04   0x00000014   Code   RO          138    i.NVIC_PriorityGroupConfig  misc.o
    0x08000d18   0x08000d18   0x00000028   Code   RO         3289    i.OLED_Clear        oled.o
    0x08000d40   0x08000d40   0x000000a8   Code   RO         3290    i.OLED_ClearArea    oled.o
    0x08000de8   0x08000de8   0x00000060   Code   RO         3298    i.OLED_GPIO_Init    oled.o
    0x08000e48   0x08000e48   0x0000003e   Code   RO         3300    i.OLED_I2C_SendByte  oled.o
    0x08000e86   0x08000e86   0x0000001c   Code   RO         3301    i.OLED_I2C_Start    oled.o
    0x08000ea2   0x08000ea2   0x00000016   Code   RO         3302    i.OLED_I2C_Stop     oled.o
    0x08000eb8   0x08000eb8   0x0000009a   Code   RO         3303    i.OLED_Init         oled.o
    0x08000f52   0x08000f52   0x00000014   Code   RO         3305    i.OLED_Pow          oled.o
    0x08000f66   0x08000f66   0x00000022   Code   RO         3309    i.OLED_SetCursor    oled.o
    0x08000f88   0x08000f88   0x00000054   Code   RO         3311    i.OLED_ShowChar     oled.o
    0x08000fdc   0x08000fdc   0x0000009c   Code   RO         3312    i.OLED_ShowChinese  oled.o
    0x08001078   0x08001078   0x0000012c   Code   RO         3315    i.OLED_ShowImage    oled.o
    0x080011a4   0x080011a4   0x0000004c   Code   RO         3316    i.OLED_ShowNum      oled.o
    0x080011f0   0x080011f0   0x0000002e   Code   RO         3318    i.OLED_ShowString   oled.o
    0x0800121e   0x0800121e   0x00000002   PAD
    0x08001220   0x08001220   0x00000028   Code   RO         3319    i.OLED_Update       oled.o
    0x08001248   0x08001248   0x00000018   Code   RO         3321    i.OLED_W_SCL        oled.o
    0x08001260   0x08001260   0x00000018   Code   RO         3322    i.OLED_W_SDA        oled.o
    0x08001278   0x08001278   0x00000020   Code   RO         3323    i.OLED_WriteCommand  oled.o
    0x08001298   0x08001298   0x0000002e   Code   RO         3324    i.OLED_WriteData    oled.o
    0x080012c6   0x080012c6   0x00000002   PAD
    0x080012c8   0x080012c8   0x000000d0   Code   RO         3778    i.PWM_Init          pwm.o
    0x08001398   0x08001398   0x00000014   Code   RO         3779    i.PWM_SetCompare1   pwm.o
    0x080013ac   0x080013ac   0x00000014   Code   RO         3780    i.PWM_SetCompare2   pwm.o
    0x080013c0   0x080013c0   0x00000020   Code   RO         1775    i.RCC_APB1PeriphClockCmd  stm32f10x_rcc.o
    0x080013e0   0x080013e0   0x00000020   Code   RO         1777    i.RCC_APB2PeriphClockCmd  stm32f10x_rcc.o
    0x08001400   0x08001400   0x000000d4   Code   RO         1785    i.RCC_GetClocksFreq  stm32f10x_rcc.o
    0x080014d4   0x080014d4   0x00000010   Code   RO         3653    i.R_MISO            nrf24l01.o
    0x080014e4   0x080014e4   0x00000060   Code   RO         3590    i.Read_Byte         dht11.o
    0x08001544   0x08001544   0x000000a0   Code   RO         3591    i.Read_DHT11        dht11.o
    0x080015e4   0x080015e4   0x00000042   Code   RO         3654    i.SPI_SwapByte      nrf24l01.o
    0x08001626   0x08001626   0x00000002   Code   RO         4008    i.SVC_Handler       stm32f10x_it.o
    0x08001628   0x08001628   0x000000b4   Code   RO         3804    i.Serial1_Init      serial.o
    0x080016dc   0x080016dc   0x00000020   Code   RO         3807    i.Serial1_SendByte  serial.o
    0x080016fc   0x080016fc   0x00000008   Code   RO           24    i.SetSysClock       system_stm32f10x.o
    0x08001704   0x08001704   0x000000e0   Code   RO           25    i.SetSysClockTo72   system_stm32f10x.o
    0x080017e4   0x080017e4   0x00000044   Code   RO         3881    i.Set_Servos_Angles  sg90.o
    0x08001828   0x08001828   0x00000010   Code   RO         5330    i.SysTick_Handler   board.o
    0x08001838   0x08001838   0x00000060   Code   RO           27    i.SystemInit        system_stm32f10x.o
    0x08001898   0x08001898   0x000000ec   Code   RO         3882    i.TIM1_PWM_Init     sg90.o
    0x08001984   0x08001984   0x00000018   Code   RO         2409    i.TIM_ARRPreloadConfig  stm32f10x_tim.o
    0x0800199c   0x0800199c   0x00000018   Code   RO         2421    i.TIM_Cmd           stm32f10x_tim.o
    0x080019b4   0x080019b4   0x0000001e   Code   RO         2423    i.TIM_CtrlPWMOutputs  stm32f10x_tim.o
    0x080019d2   0x080019d2   0x0000000c   Code   RO         2448    i.TIM_InternalClockConfig  stm32f10x_tim.o
    0x080019de   0x080019de   0x00000002   PAD
    0x080019e0   0x080019e0   0x00000098   Code   RO         2450    i.TIM_OC1Init       stm32f10x_tim.o
    0x08001a78   0x08001a78   0x00000012   Code   RO         2453    i.TIM_OC1PreloadConfig  stm32f10x_tim.o
    0x08001a8a   0x08001a8a   0x00000002   PAD
    0x08001a8c   0x08001a8c   0x000000a4   Code   RO         2455    i.TIM_OC2Init       stm32f10x_tim.o
    0x08001b30   0x08001b30   0x0000001a   Code   RO         2458    i.TIM_OC2PreloadConfig  stm32f10x_tim.o
    0x08001b4a   0x08001b4a   0x00000002   PAD
    0x08001b4c   0x08001b4c   0x000000a0   Code   RO         2460    i.TIM_OC3Init       stm32f10x_tim.o
    0x08001bec   0x08001bec   0x00000012   Code   RO         2463    i.TIM_OC3PreloadConfig  stm32f10x_tim.o
    0x08001bfe   0x08001bfe   0x00000002   PAD
    0x08001c00   0x08001c00   0x0000007c   Code   RO         2465    i.TIM_OC4Init       stm32f10x_tim.o
    0x08001c7c   0x08001c7c   0x0000001a   Code   RO         2467    i.TIM_OC4PreloadConfig  stm32f10x_tim.o
    0x08001c96   0x08001c96   0x00000014   Code   RO         2468    i.TIM_OCStructInit  stm32f10x_tim.o
    0x08001caa   0x08001caa   0x00000004   Code   RO         2482    i.TIM_SetCompare1   stm32f10x_tim.o
    0x08001cae   0x08001cae   0x00000004   Code   RO         2483    i.TIM_SetCompare2   stm32f10x_tim.o
    0x08001cb2   0x08001cb2   0x00000004   Code   RO         2484    i.TIM_SetCompare3   stm32f10x_tim.o
    0x08001cb6   0x08001cb6   0x00000006   Code   RO         2485    i.TIM_SetCompare4   stm32f10x_tim.o
    0x08001cbc   0x08001cbc   0x000000a4   Code   RO         2492    i.TIM_TimeBaseInit  stm32f10x_tim.o
    0x08001d60   0x08001d60   0x000000c4   Code   RO         3810    i.USART2_IRQHandler  serial.o
    0x08001e24   0x08001e24   0x00000012   Code   RO         2956    i.USART_ClearFlag   stm32f10x_usart.o
    0x08001e36   0x08001e36   0x0000001e   Code   RO         2957    i.USART_ClearITPendingBit  stm32f10x_usart.o
    0x08001e54   0x08001e54   0x00000018   Code   RO         2960    i.USART_Cmd         stm32f10x_usart.o
    0x08001e6c   0x08001e6c   0x00000080   Code   RO         3905    i.USART_Config      usart.o
    0x08001eec   0x08001eec   0x0000001a   Code   RO         2963    i.USART_GetFlagStatus  stm32f10x_usart.o
    0x08001f06   0x08001f06   0x00000054   Code   RO         2964    i.USART_GetITStatus  stm32f10x_usart.o
    0x08001f5a   0x08001f5a   0x0000004a   Code   RO         2966    i.USART_ITConfig    stm32f10x_usart.o
    0x08001fa4   0x08001fa4   0x000000d8   Code   RO         2967    i.USART_Init        stm32f10x_usart.o
    0x0800207c   0x0800207c   0x0000000a   Code   RO         2974    i.USART_ReceiveData  stm32f10x_usart.o
    0x08002086   0x08002086   0x00000008   Code   RO         2977    i.USART_SendData    stm32f10x_usart.o
    0x0800208e   0x0800208e   0x00000004   Code   RO         4009    i.UsageFault_Handler  stm32f10x_it.o
    0x08002092   0x08002092   0x00000002   PAD
    0x08002094   0x08002094   0x00000014   Code   RO         3655    i.W_CE              nrf24l01.o
    0x080020a8   0x080020a8   0x00000014   Code   RO         3656    i.W_MOSI            nrf24l01.o
    0x080020bc   0x080020bc   0x00000014   Code   RO         3657    i.W_SCK             nrf24l01.o
    0x080020d0   0x080020d0   0x00000014   Code   RO         3658    i.W_SS              nrf24l01.o
    0x080020e4   0x080020e4   0x0000004c   Code   RO         4690    i.__rt_ffs          kservice.o
    0x08002130   0x08002130   0x0000006a   Code   RO         4151    i._msh_exec_cmd     msh.o
    0x0800219a   0x0800219a   0x00000002   PAD
    0x0800219c   0x0800219c   0x00000084   Code   RO         5086    i._rt_thread_init   thread.o
    0x08002220   0x08002220   0x00000042   Code   RO         5218    i._rt_timer_init    timer.o
    0x08002262   0x08002262   0x0000001c   Code   RO         5219    i._rt_timer_remove  timer.o
    0x0800227e   0x0800227e   0x0000001c   Code   RO         5087    i._thread_cleanup_execute  thread.o
    0x0800229a   0x0800229a   0x0000001c   Code   RO         3883    i.angle_to_pulse    sg90.o
    0x080022b6   0x080022b6   0x00000002   PAD
    0x080022b8   0x080022b8   0x000000fc   Code   RO         4323    i.bus_fault_track   cpuport.o
    0x080023b4   0x080023b4   0x0000000e   Code   RO         4152    i.cmd_free          msh.o
    0x080023c2   0x080023c2   0x0000000e   Code   RO         4153    i.cmd_ps            msh.o
    0x080023d0   0x080023d0   0x00000078   Code   RO         4228    i.finsh_get_prompt  shell.o
    0x08002448   0x08002448   0x00000008   Code   RO         4230    i.finsh_getchar     shell.o
    0x08002450   0x08002450   0x0000001c   Code   RO         4233    i.finsh_set_prompt_mode  shell.o
    0x0800246c   0x0800246c   0x00000014   Code   RO         4234    i.finsh_system_function_init  shell.o
    0x08002480   0x08002480   0x0000009c   Code   RO         4235    i.finsh_system_init  shell.o
    0x0800251c   0x0800251c   0x000003c8   Code   RO         4237    i.finsh_thread_entry  shell.o
    0x080028e4   0x080028e4   0x00000080   Code   RO         4324    i.hard_fault_track  cpuport.o
    0x08002964   0x08002964   0x00000020   Code   RO         4049    i.hello             cmd.o
    0x08002984   0x08002984   0x000000fc   Code   RO         3592    i.huanjing          dht11.o
    0x08002a80   0x08002a80   0x00000138   Code   RO         3946    i.led1_thread_entry  main.o
    0x08002bb8   0x08002bb8   0x00000068   Code   RO         4050    i.list              cmd.o
    0x08002c20   0x08002c20   0x0000002a   Code   RO         4051    i.list_find_init    cmd.o
    0x08002c4a   0x08002c4a   0x00000088   Code   RO         4052    i.list_get_next     cmd.o
    0x08002cd2   0x08002cd2   0x00000002   PAD
    0x08002cd4   0x08002cd4   0x0000015c   Code   RO         4053    i.list_mailbox      cmd.o
    0x08002e30   0x08002e30   0x00000078   Code   RO         4867    i.list_mem          mem.o
    0x08002ea8   0x08002ea8   0x00000138   Code   RO         4054    i.list_sem          cmd.o
    0x08002fe0   0x08002fe0   0x000001e4   Code   RO         4055    i.list_thread       cmd.o
    0x080031c4   0x080031c4   0x00000160   Code   RO         4056    i.list_timer        cmd.o
    0x08003324   0x08003324   0x0000007c   Code   RO         3947    i.main              main.o
    0x080033a0   0x080033a0   0x0000000e   Code   RO         4421    i.main_thread_entry  components.o
    0x080033ae   0x080033ae   0x00000002   PAD
    0x080033b0   0x080033b0   0x000000e8   Code   RO         4325    i.mem_manage_fault_track  cpuport.o
    0x08003498   0x08003498   0x000000a0   Code   RO         4154    i.msh_auto_complete  msh.o
    0x08003538   0x08003538   0x0000006c   Code   RO         4155    i.msh_exec          msh.o
    0x080035a4   0x080035a4   0x0000005c   Code   RO         4156    i.msh_get_cmd       msh.o
    0x08003600   0x08003600   0x00000080   Code   RO         4157    i.msh_help          msh.o
    0x08003680   0x08003680   0x00000004   Code   RO         4158    i.msh_is_used       msh.o
    0x08003684   0x08003684   0x000000f0   Code   RO         4159    i.msh_split         msh.o
    0x08003774   0x08003774   0x0000001c   Code   RO         4057    i.object_split      cmd.o
    0x08003790   0x08003790   0x00000078   Code   RO         4868    i.plug_holes        mem.o
    0x08003808   0x08003808   0x00000198   Code   RO         4692    i.print_number      kservice.o
    0x080039a0   0x080039a0   0x00000030   Code   RO         4422    i.rt_application_init  components.o
    0x080039d0   0x080039d0   0x00000022   Code   RO         4869    i.rt_calloc         mem.o
    0x080039f2   0x080039f2   0x00000002   PAD
    0x080039f4   0x080039f4   0x0000001c   Code   RO         4423    i.rt_components_board_init  components.o
    0x08003a10   0x08003a10   0x0000001c   Code   RO         4424    i.rt_components_init  components.o
    0x08003a2c   0x08003a2c   0x00000020   Code   RO         5020    i.rt_enter_critical  scheduler.o
    0x08003a4c   0x08003a4c   0x00000044   Code   RO         5021    i.rt_exit_critical  scheduler.o
    0x08003a90   0x08003a90   0x000000e0   Code   RO         4870    i.rt_free           mem.o
    0x08003b70   0x08003b70   0x00000008   Code   RO         5331    i.rt_heap_begin_get  board.o
    0x08003b78   0x08003b78   0x00000008   Code   RO         5332    i.rt_heap_end_get   board.o
    0x08003b80   0x08003b80   0x00000088   Code   RO         5333    i.rt_hw_board_init  board.o
    0x08003c08   0x08003c08   0x00000044   Code   RO         5385    i.rt_hw_console_getchar  finsh_port.o
    0x08003c4c   0x08003c4c   0x00000050   Code   RO         4695    i.rt_hw_console_output  kservice.o
    0x08003c9c   0x08003c9c   0x00000208   Code   RO         4329    i.rt_hw_hard_fault_exception  cpuport.o
    0x08003ea4   0x08003ea4   0x0000004c   Code   RO         4330    i.rt_hw_stack_init  cpuport.o
    0x08003ef0   0x08003ef0   0x00000020   Code   RO         4663    i.rt_interrupt_enter  irq.o
    0x08003f10   0x08003f10   0x00000020   Code   RO         4665    i.rt_interrupt_leave  irq.o
    0x08003f30   0x08003f30   0x00000014   Code   RO         4523    i.rt_ipc_list_resume  ipc.o
    0x08003f44   0x08003f44   0x0000006e   Code   RO         4525    i.rt_ipc_list_suspend  ipc.o
    0x08003fb2   0x08003fb2   0x00000010   Code   RO         4526    i.rt_ipc_object_init  ipc.o
    0x08003fc2   0x08003fc2   0x00000002   PAD
    0x08003fc4   0x08003fc4   0x00000030   Code   RO         4696    i.rt_kprintf        kservice.o
    0x08003ff4   0x08003ff4   0x00000006   Code   RO         4527    i.rt_list_init      ipc.o
    0x08003ffa   0x08003ffa   0x00000006   Code   RO         5022    i.rt_list_init      scheduler.o
    0x08004000   0x08004000   0x00000006   Code   RO         5220    i.rt_list_init      timer.o
    0x08004006   0x08004006   0x0000000e   Code   RO         4932    i.rt_list_insert_after  object.o
    0x08004014   0x08004014   0x0000000e   Code   RO         5088    i.rt_list_insert_after  thread.o
    0x08004022   0x08004022   0x0000000e   Code   RO         5221    i.rt_list_insert_after  timer.o
    0x08004030   0x08004030   0x0000000e   Code   RO         4528    i.rt_list_insert_before  ipc.o
    0x0800403e   0x0800403e   0x00000010   Code   RO         4058    i.rt_list_isempty   cmd.o
    0x0800404e   0x0800404e   0x00000010   Code   RO         4529    i.rt_list_isempty   ipc.o
    0x0800405e   0x0800405e   0x00000010   Code   RO         5222    i.rt_list_isempty   timer.o
    0x0800406e   0x0800406e   0x00000014   Code   RO         4059    i.rt_list_len       cmd.o
    0x08004082   0x08004082   0x00000012   Code   RO         4933    i.rt_list_remove    object.o
    0x08004094   0x08004094   0x00000012   Code   RO         5089    i.rt_list_remove    thread.o
    0x080040a6   0x080040a6   0x00000012   Code   RO         5223    i.rt_list_remove    timer.o
    0x080040b8   0x080040b8   0x0000016c   Code   RO         4871    i.rt_malloc         mem.o
    0x08004224   0x08004224   0x00000042   Code   RO         4701    i.rt_memmove        kservice.o
    0x08004266   0x08004266   0x00000048   Code   RO         4702    i.rt_memset         kservice.o
    0x080042ae   0x080042ae   0x00000054   Code   RO         4934    i.rt_object_allocate  object.o
    0x08004302   0x08004302   0x00000024   Code   RO         4935    i.rt_object_delete  object.o
    0x08004326   0x08004326   0x0000001e   Code   RO         4936    i.rt_object_detach  object.o
    0x08004344   0x08004344   0x00000028   Code   RO         4938    i.rt_object_get_information  object.o
    0x0800436c   0x0800436c   0x00000056   Code   RO         4942    i.rt_object_init    object.o
    0x080043c2   0x080043c2   0x00000012   Code   RO         4943    i.rt_object_is_systemobject  object.o
    0x080043d4   0x080043d4   0x00000084   Code   RO         5023    i.rt_schedule       scheduler.o
    0x08004458   0x08004458   0x00000050   Code   RO         5024    i.rt_schedule_insert_thread  scheduler.o
    0x080044a8   0x080044a8   0x00000054   Code   RO         5025    i.rt_schedule_remove_thread  scheduler.o
    0x080044fc   0x080044fc   0x00000026   Code   RO         4542    i.rt_sem_init       ipc.o
    0x08004522   0x08004522   0x00000052   Code   RO         4543    i.rt_sem_release    ipc.o
    0x08004574   0x08004574   0x00000074   Code   RO         4544    i.rt_sem_take       ipc.o
    0x080045e8   0x080045e8   0x000000b0   Code   RO         4704    i.rt_show_version   kservice.o
    0x08004698   0x08004698   0x00000034   Code   RO         4712    i.rt_strncpy        kservice.o
    0x080046cc   0x080046cc   0x000000f8   Code   RO         4874    i.rt_system_heap_init  mem.o
    0x080047c4   0x080047c4   0x0000004c   Code   RO         5026    i.rt_system_scheduler_init  scheduler.o
    0x08004810   0x08004810   0x00000030   Code   RO         5027    i.rt_system_scheduler_start  scheduler.o
    0x08004840   0x08004840   0x0000001c   Code   RO         5224    i.rt_system_timer_init  timer.o
    0x0800485c   0x0800485c   0x00000002   Code   RO         5225    i.rt_system_timer_thread_init  timer.o
    0x0800485e   0x0800485e   0x00000050   Code   RO         5091    i.rt_thread_create  thread.o
    0x080048ae   0x080048ae   0x00000002   PAD
    0x080048b0   0x080048b0   0x00000058   Code   RO         5096    i.rt_thread_exit    thread.o
    0x08004908   0x08004908   0x00000008   Code   RO         4488    i.rt_thread_idle_entry  idle.o
    0x08004910   0x08004910   0x00000060   Code   RO         4489    i.rt_thread_idle_excute  idle.o
    0x08004970   0x08004970   0x0000003c   Code   RO         4491    i.rt_thread_idle_init  idle.o
    0x080049ac   0x080049ac   0x00000034   Code   RO         5098    i.rt_thread_init    thread.o
    0x080049e0   0x080049e0   0x00000014   Code   RO         5099    i.rt_thread_mdelay  thread.o
    0x080049f4   0x080049f4   0x0000003c   Code   RO         5100    i.rt_thread_resume  thread.o
    0x08004a30   0x08004a30   0x0000000c   Code   RO         5101    i.rt_thread_self    thread.o
    0x08004a3c   0x08004a3c   0x00000044   Code   RO         5102    i.rt_thread_sleep   thread.o
    0x08004a80   0x08004a80   0x0000002c   Code   RO         5103    i.rt_thread_startup  thread.o
    0x08004aac   0x08004aac   0x00000044   Code   RO         5104    i.rt_thread_suspend  thread.o
    0x08004af0   0x08004af0   0x00000020   Code   RO         5105    i.rt_thread_timeout  thread.o
    0x08004b10   0x08004b10   0x00000064   Code   RO         5106    i.rt_thread_yield   thread.o
    0x08004b74   0x08004b74   0x00000038   Code   RO         4383    i.rt_tick_from_millisecond  clock.o
    0x08004bac   0x08004bac   0x0000000c   Code   RO         4384    i.rt_tick_get       clock.o
    0x08004bb8   0x08004bb8   0x00000030   Code   RO         4385    i.rt_tick_increase  clock.o
    0x08004be8   0x08004be8   0x000000a4   Code   RO         5226    i.rt_timer_check    timer.o
    0x08004c8c   0x08004c8c   0x00000062   Code   RO         5227    i.rt_timer_control  timer.o
    0x08004cee   0x08004cee   0x00000028   Code   RO         5230    i.rt_timer_detach   timer.o
    0x08004d16   0x08004d16   0x0000002e   Code   RO         5231    i.rt_timer_init     timer.o
    0x08004d44   0x08004d44   0x000000ec   Code   RO         5234    i.rt_timer_start    timer.o
    0x08004e30   0x08004e30   0x00000030   Code   RO         5235    i.rt_timer_stop     timer.o
    0x08004e60   0x08004e60   0x00000340   Code   RO         4715    i.rt_vsnprintf      kservice.o
    0x080051a0   0x080051a0   0x00000004   Code   RO         4425    i.rti_board_end     components.o
    0x080051a4   0x080051a4   0x00000004   Code   RO         4426    i.rti_board_start   components.o
    0x080051a8   0x080051a8   0x00000004   Code   RO         4427    i.rti_end           components.o
    0x080051ac   0x080051ac   0x00000004   Code   RO         4428    i.rti_start         components.o
    0x080051b0   0x080051b0   0x0000002a   Code   RO         4429    i.rtthread_startup  components.o
    0x080051da   0x080051da   0x00000002   PAD
    0x080051dc   0x080051dc   0x00000038   Code   RO         4238    i.shell_auto_complete  shell.o
    0x08005214   0x08005214   0x00000030   Code   RO         4060    i.show_wait_queue   cmd.o
    0x08005244   0x08005244   0x00000026   Code   RO         4717    i.skip_atoi         kservice.o
    0x0800526a   0x0800526a   0x00000020   Code   RO         4160    i.str_common        msh.o
    0x0800528a   0x0800528a   0x0000000a   Code   RO         5335    i.uart_init         board.o
    0x08005294   0x08005294   0x000000e8   Code   RO         4331    i.usage_fault_track  cpuport.o
    0x0800537c   0x0800537c   0x0000000a   Code   RO         4061    i.version           cmd.o
    0x08005386   0x08005386   0x00000002   PAD
    0x08005388   0x08005388   0x000001f8   Code   RO         3545    i.yidong            car.o
    0x08005580   0x08005580   0x00000150   Code   RO         5425    x$fpl$dadd          fz_ws.l(daddsub_clz.o)
    0x080056d0   0x080056d0   0x0000005e   Code   RO         5435    x$fpl$dfix          fz_ws.l(dfix.o)
    0x0800572e   0x0800572e   0x0000002e   Code   RO         5444    x$fpl$dflt          fz_ws.l(dflt_clz.o)
    0x0800575c   0x0800575c   0x00000154   Code   RO         5451    x$fpl$dmul          fz_ws.l(dmul.o)
    0x080058b0   0x080058b0   0x0000009c   Code   RO         5575    x$fpl$dnaninf       fz_ws.l(dnaninf.o)
    0x0800594c   0x0800594c   0x0000000c   Code   RO         5577    x$fpl$dretinf       fz_ws.l(dretinf.o)
    0x08005958   0x08005958   0x000001d4   Code   RO         5427    x$fpl$dsub          fz_ws.l(daddsub_clz.o)
    0x08005b2c   0x08005b2c   0x00000000   Code   RO         5595    x$fpl$usenofp       fz_ws.l(usenofp.o)
    0x08005b2c   0x08005b2c   0x0000000a   Data   RO         3659    .constdata          nrf24l01.o
    0x08005b36   0x08005b36   0x00001498   Data   RO         3766    .constdata          oled_data.o
    0x08006fce   0x08006fce   0x00000122   Data   RO         4719    .constdata          kservice.o
    0x080070f0   0x080070f0   0x00000044   Data   RO         4062    .conststring        cmd.o
    0x08007134   0x08007134   0x000001a7   Data   RO         4063    .rodata.name        cmd.o
    0x080072db   0x080072db   0x00000076   Data   RO         4161    .rodata.name        msh.o
    0x08007351   0x08007351   0x00000027   Data   RO         4877    .rodata.name        mem.o
    0x08007378   0x08007378   0x00000004   Data   RO         4430    .rti_fn.0           components.o
    0x0800737c   0x0800737c   0x00000004   Data   RO         4431    .rti_fn.0.end       components.o
    0x08007380   0x08007380   0x00000004   Data   RO         5337    .rti_fn.1           board.o
    0x08007384   0x08007384   0x00000004   Data   RO         4432    .rti_fn.1.end       components.o
    0x08007388   0x08007388   0x00000004   Data   RO         4241    .rti_fn.6           shell.o
    0x0800738c   0x0800738c   0x00000004   Data   RO         4433    .rti_fn.6.end       components.o
    0x08007390   0x08007390   0x00000090   Data   RO         4064    FSymTab             cmd.o
    0x08007420   0x08007420   0x00000024   Data   RO         4162    FSymTab             msh.o
    0x08007444   0x08007444   0x0000000c   Data   RO         4878    FSymTab             mem.o
    0x08007450   0x08007450   0x00000020   Data   RO         5850    Region$$Table       anon$$obj.o


    Execution Region RW_IRAM1 (Exec base: 0x20000000, Load base: 0x08007470, Size: 0x00001ff0, Max: 0x00005000, ABSOLUTE)

    Exec Addr    Load Addr    Size         Type   Attr      Idx    E Section Name        Object

    0x20000000   0x08007470   0x00000014   Data   RW           28    .data               system_stm32f10x.o
    0x20000014   0x08007484   0x00000014   Data   RW         1805    .data               stm32f10x_rcc.o
    0x20000028   0x08007498   0x00000002   Data   RW         3547    .data               car.o
    0x2000002a   0x0800749a   0x0000000a   Data   RW         3593    .data               dht11.o
    0x20000034   0x080074a4   0x00000002   Data   RW         3811    .data               serial.o
    0x20000036   0x080074a6   0x00000002   PAD
    0x20000038   0x080074a8   0x00000008   Data   RW         3948    .data               main.o
    0x20000040   0x080074b0   0x00000018   Data   RW         4240    .data               shell.o
    0x20000058   0x080074c8   0x00000010   Data   RW         4332    .data               cpuport.o
    0x20000068   0x080074d8   0x00000004   Data   RW         4387    .data               clock.o
    0x2000006c   0x080074dc   0x00000001   Data   RW         4666    .data               irq.o
    0x2000006d   0x080074dd   0x00000003   PAD
    0x20000070   0x080074e0   0x00000018   Data   RW         4876    .data               mem.o
    0x20000088   0x080074f8   0x00000040   Data   RW         4945    .data               object.o
    0x200000c8   0x08007538   0x00000018   Data   RW         5029    .data               scheduler.o
    0x200000e0   0x08007550   0x0000000c   Data   RW         5236    .data               timer.o
    0x200000ec        -       0x00000400   Zero   RW         3326    .bss                oled.o
    0x200004ec        -       0x00000009   Zero   RW         3546    .bss                car.o
    0x200004f5        -       0x00000101   Zero   RW         4239    .bss                shell.o
    0x200005f6   0x0800755c   0x00000002   PAD
    0x200005f8        -       0x00000178   Zero   RW         4492    .bss                idle.o
    0x20000770        -       0x00000100   Zero   RW         4718    .bss                kservice.o
    0x20000870        -       0x00000020   Zero   RW         4875    .bss                mem.o
    0x20000890        -       0x00000100   Zero   RW         5028    .bss                scheduler.o
    0x20000990        -       0x00001000   Zero   RW         5336    .bss                board.o
    0x20001990        -       0x00000060   Zero   RW         5666    .bss                c_w.l(libspace.o)
    0x200019f0        -       0x00000200   Zero   RW            2    HEAP                startup_stm32f10x_md.o
    0x20001bf0        -       0x00000400   Zero   RW            1    STACK               startup_stm32f10x_md.o


==============================================================================

Image component sizes


      Code (inc. data)   RO Data    RW Data    ZI Data      Debug   Object Name

       178         22          4          0       4096      18048   board.o
       684         56          0          2          9       2577   car.o
       116         12          0          4          0       1632   clock.o
      1932        656        635          0          0      14797   cmd.o
       186         30         16          0          0       5520   components.o
       244         28          0          0          0        804   context_rvds.o
         0          0          0          0          0       4508   core_cm3.o
      1440        724          0         16          0       5306   cpuport.o
        70          0          0          0          0        874   delay.o
       624         64          0         10          0       4139   dht11.o
        68          6          0          0          0        512   finsh_port.o
       164         26          0          0        376       4958   idle.o
       418          0          0          0          0       8045   ipc.o
        64         12          0          1          0       1482   irq.o
        44          4          0          0          0        431   key.o
      1848        170        290          0        256       9316   kservice.o
        52          6          0          0          0        435   led.o
       436         56          0          8          0       1331   main.o
      1110        310         51         24         32       5055   mem.o
       132         22          0          0          0     204623   misc.o
       898        162        154          0          0       8388   msh.o
       844         48         10          0          0       8529   nrf24l01.o
       326          4          0         64          0       7952   object.o
      1452         52          0          0       1024      11700   oled.o
         0          0       5272          0          0       1568   oled_data.o
       248         26          0          0          0       1547   pwm.o
       526         90          0         24        256       8194   scheduler.o
       408         38          0          2          0       1878   serial.o
       332         18          0          0          0       1669   sg90.o
      1356        154          4         24        257      10836   shell.o
        64         26        236          0       1536        796   startup_stm32f10x_md.o
         0          0          0          0          0       1632   stm32f10x_adc.o
       458          6          0          0          0      12926   stm32f10x_gpio.o
        18          0          0          0          0       2335   stm32f10x_it.o
       276         32          0         20          0      12806   stm32f10x_rcc.o
       980         92          0          0          0      30362   stm32f10x_tim.o
       490          6          0          0          0      12717   stm32f10x_usart.o
       328         28          0         20          0      45269   system_stm32f10x.o
       816         38          0          0          0      11964   thread.o
       810         24          0         12          0      11136   timer.o
       128          8          0          0          0       6917   usart.o

    ----------------------------------------------------------------------
     20606       3056       6704        236       7844     505514   Object Totals
         0          0         32          0          0          0   (incl. Generated)
        38          0          0          5          2          0   (incl. Padding)

    ----------------------------------------------------------------------

      Code (inc. data)   RO Data    RW Data    ZI Data      Debug   Library Member Name

         8          0          0          0          0         68   __main.o
         0          0          0          0          0          0   __rtentry.o
        12          0          0          0          0          0   __rtentry2.o
         6          0          0          0          0          0   __rtentry4.o
        52          8          0          0          0          0   __scatter.o
        26          0          0          0          0          0   __scatter_copy.o
        28          0          0          0          0          0   __scatter_zi.o
        18          0          0          0          0         80   exit.o
         6          0          0          0          0        152   heapauxi.o
         0          0          0          0          0          0   indicate_semi.o
         2          0          0          0          0          0   libinit.o
         2          0          0          0          0          0   libinit2.o
         2          0          0          0          0          0   libshutdown.o
         2          0          0          0          0          0   libshutdown2.o
         8          4          0          0         96         68   libspace.o
        68          0          0          0          0         68   rt_memclr.o
        78          0          0          0          0         80   rt_memclr_w.o
       100          0          0          0          0         80   rt_memcpy_w.o
         2          0          0          0          0          0   rtexit.o
        10          0          0          0          0          0   rtexit2.o
        24          0          0          0          0         68   strcat.o
       128          0          0          0          0         68   strcmpv7m.o
        72          0          0          0          0         80   strcpy.o
        62          0          0          0          0         76   strlen.o
       150          0          0          0          0         80   strncmp.o
        86          0          0          0          0         76   strncpy.o
        12          4          0          0          0         68   sys_exit.o
        74          0          0          0          0         80   sys_stackheap_outer.o
         2          0          0          0          0         68   use_no_semi.o
       804         16          0          0          0        272   daddsub_clz.o
        94          4          0          0          0         92   dfix.o
        46          0          0          0          0         68   dflt_clz.o
       340         12          0          0          0        104   dmul.o
       156          4          0          0          0         92   dnaninf.o
        12          0          0          0          0         68   dretinf.o
         0          0          0          0          0          0   usenofp.o

    ----------------------------------------------------------------------
      2498         52          0          0         96       1956   Library Totals
         6          0          0          0          0          0   (incl. Padding)

    ----------------------------------------------------------------------

      Code (inc. data)   RO Data    RW Data    ZI Data      Debug   Library Name

      1040         16          0          0         96       1260   c_w.l
      1452         36          0          0          0        696   fz_ws.l

    ----------------------------------------------------------------------
      2498         52          0          0         96       1956   Library Totals

    ----------------------------------------------------------------------

==============================================================================


      Code (inc. data)   RO Data    RW Data    ZI Data      Debug   

     23104       3108       6704        236       7940     494362   Grand Totals
     23104       3108       6704        236       7940     494362   ELF Image Totals
     23104       3108       6704        236          0          0   ROM Totals

==============================================================================

    Total RO  Size (Code + RO Data)                29808 (  29.11kB)
    Total RW  Size (RW Data + ZI Data)              8176 (   7.98kB)
    Total ROM Size (Code + RO Data + RW Data)      30044 (  29.34kB)

==============================================================================

