<html>
<body>
<pre>
<h1>µVision Build Log</h1>
<h2>Tool Versions:</h2>
IDE-Version: ¦ÌVision V5.40.0.0
Copyright (C) 2024 ARM Ltd and ARM Germany GmbH. All rights reserved.
License Information: 1 1, 1, LIC=03C6R-KBED8-JJW6S-LALFT-QV6YK-SN1BN
 
Tool Versions:
Toolchain:       MDK-ARM Plus  Version: 5.40.0.3
Toolchain Path:  D:\Keil5 MDK\ARM\ARMCC\Bin
C Compiler:      Armcc.exe V5.06 update 5 (build 528)
Assembler:       Armasm.exe V5.06 update 5 (build 528)
Linker/Locator:  ArmLink.exe V5.06 update 5 (build 528)
Library Manager: ArmAr.exe V5.06 update 5 (build 528)
Hex Converter:   FromElf.exe V5.06 update 5 (build 528)
CPU DLL:         SARMCM3.DLL V5.40.0.3
Dialog DLL:      DCM.DLL V1.17.5.0
Target DLL:      STLink\ST-LINKIII-KEIL_SWO.dll V3.3.0.0
Dialog DLL:      TCM.DLL V1.56.4.0
 
<h2>Project:</h2>
D:\Desktop\STM32 rtt¹¤³ÌÄ£°å\Project.uvprojx
Project File Date:  04/20/2025

<h2>Output:</h2>
*** Using Compiler 'V5.06 update 5 (build 528)', folder: 'D:\Keil5 MDK\ARM\ARMCC\Bin'
Rebuild target 'Target 1'
assembling startup_stm32f10x_md.s...
compiling core_cm3.c...
compiling misc.c...
compiling stm32f10x_adc.c...
compiling stm32f10x_bkp.c...
compiling system_stm32f10x.c...
compiling stm32f10x_can.c...
compiling stm32f10x_cec.c...
compiling stm32f10x_crc.c...
compiling stm32f10x_exti.c...
compiling stm32f10x_dbgmcu.c...
compiling stm32f10x_dac.c...
compiling stm32f10x_dma.c...
compiling stm32f10x_flash.c...
compiling stm32f10x_fsmc.c...
compiling stm32f10x_gpio.c...
compiling stm32f10x_iwdg.c...
compiling stm32f10x_pwr.c...
compiling stm32f10x_rtc.c...
compiling stm32f10x_i2c.c...
compiling stm32f10x_rcc.c...
compiling stm32f10x_sdio.c...
compiling stm32f10x_spi.c...
compiling Key.c...
compiling LED.c...
compiling Delay.c...
compiling stm32f10x_wwdg.c...
compiling stm32f10x_usart.c...
compiling stm32f10x_tim.c...
compiling OLED.c...
compiling OLED_Data.c...
compiling car.c...
compiling NRF24L01.c...
compiling PWM.c...
compiling DHT11.c...
compiling Serial.c...
compiling SG90.c...
assembling context_rvds.S...
compiling usart.c...
compiling msh.c...
compiling shell.c...
compiling cmd.c...
compiling clock.c...
compiling cpuport.c...
compiling components.c...
compiling idle.c...
compiling stm32f10x_it.c...
compiling ipc.c...
compiling main.c...
compiling irq.c...
compiling mempool.c...
compiling mem.c...
compiling object.c...
compiling scheduler.c...
compiling timer.c...
compiling thread.c...
compiling kservice.c...
compiling board.c...
compiling finsh_port.c...
linking...
Program Size: Code=23104 RO-data=6704 RW-data=236 ZI-data=7940  
FromELF: creating hex file...
".\Objects\Project.axf" - 0 Error(s), 0 Warning(s).

<h2>Software Packages used:</h2>

Package Vendor: RealThread
                https://www.rt-thread.org/download/mdk/RealThread.RT-Thread.3.1.5.pack
                RealThread::RT-Thread@3.1.5
                RT-Thread Software Components
   * Component: kernel Version: 3.1.5
   * Component: shell Version: 3.1.5

Package Vendor: Keil
                http://www.keil.com/pack/Keil.STM32F1xx_DFP.2.2.0.pack
                Keil::STM32F1xx_DFP@2.2.0
                STMicroelectronics STM32F1 Series Device Support, Drivers and Examples

<h2>Collection of Component include folders:</h2>
  ./RTE/RTOS
  ./RTE/_Target_1
  D:/Keil5 MDK/Keil/STM32F1xx_DFP/2.2.0/Device/Include
  D:/Keil5 MDK/RealThread/RT-Thread/3.1.5/components/finsh
  D:/Keil5 MDK/RealThread/RT-Thread/3.1.5/include

<h2>Collection of Component Files used:</h2>

   * Component: RealThread::RTOS&RT-Thread:kernel@3.1.5
      Include file:  bsp/_template/rtconfig.h
      Source file:   src/clock.c
      Source file:   bsp/_template/board.c
      Source file:   src/ipc.c
      Source file:   src/mem.c
      Source file:   src/irq.c
      Source file:   src/mempool.c
      Source file:   src/timer.c
      Source file:   src/thread.c
      Source file:   src/kservice.c
      Source file:   libcpu/arm/cortex-m3/cpuport.c
      Source file:   src/idle.c
      Source file:   libcpu/arm/cortex-m3/context_rvds.S
      Source file:   src/object.c
      Source file:   src/components.c
      Source file:   src/scheduler.c

   * Component: RealThread::RTOS&RT-Thread:shell@3.1.5
      Include file:  components/finsh/finsh_config.h
      Source file:   components/finsh/finsh_port.c
      Source file:   components/finsh/shell.c
      Source file:   components/finsh/cmd.c
      Source file:   components/finsh/msh.c
Build Time Elapsed:  00:00:03
</pre>
</body>
</html>
