Component: ARM Compiler 5.06 update 5 (build 528) Tool: armlink [4d35e2]

==============================================================================

Section Cross References

    startup_stm32f10x_md.o(STACK) refers (Special) to heapauxi.o(.text) for __use_two_region_memory
    startup_stm32f10x_md.o(HEAP) refers (Special) to heapauxi.o(.text) for __use_two_region_memory
    startup_stm32f10x_md.o(RESET) refers (Special) to heapauxi.o(.text) for __use_two_region_memory
    startup_stm32f10x_md.o(RESET) refers to startup_stm32f10x_md.o(STACK) for __initial_sp
    startup_stm32f10x_md.o(RESET) refers to startup_stm32f10x_md.o(.text) for Reset_Handler
    startup_stm32f10x_md.o(RESET) refers to stm32f10x_it.o(i.NMI_Handler) for NMI_Handler
    startup_stm32f10x_md.o(RESET) refers to stm32f10x_it.o(i.HardFault_Handler) for HardFault_Handler
    startup_stm32f10x_md.o(RESET) refers to stm32f10x_it.o(i.MemManage_Handler) for MemManage_Handler
    startup_stm32f10x_md.o(RESET) refers to stm32f10x_it.o(i.BusFault_Handler) for BusFault_Handler
    startup_stm32f10x_md.o(RESET) refers to stm32f10x_it.o(i.UsageFault_Handler) for UsageFault_Handler
    startup_stm32f10x_md.o(RESET) refers to stm32f10x_it.o(i.SVC_Handler) for SVC_Handler
    startup_stm32f10x_md.o(RESET) refers to stm32f10x_it.o(i.DebugMon_Handler) for DebugMon_Handler
    startup_stm32f10x_md.o(RESET) refers to stm32f10x_it.o(i.PendSV_Handler) for PendSV_Handler
    startup_stm32f10x_md.o(RESET) refers to stm32f10x_it.o(i.SysTick_Handler) for SysTick_Handler
    startup_stm32f10x_md.o(RESET) refers to time.o(i.TIM2_IRQHandler) for TIM2_IRQHandler
    startup_stm32f10x_md.o(RESET) refers to usart.o(i.USART1_IRQHandler) for USART1_IRQHandler
    startup_stm32f10x_md.o(.text) refers (Special) to heapauxi.o(.text) for __use_two_region_memory
    startup_stm32f10x_md.o(.text) refers to system_stm32f10x.o(i.SystemInit) for SystemInit
    startup_stm32f10x_md.o(.text) refers to __main.o(!!!main) for __main
    startup_stm32f10x_md.o(.text) refers to startup_stm32f10x_md.o(HEAP) for Heap_Mem
    startup_stm32f10x_md.o(.text) refers to startup_stm32f10x_md.o(STACK) for Stack_Mem
    system_stm32f10x.o(i.SetSysClock) refers to system_stm32f10x.o(i.SetSysClockTo72) for SetSysClockTo72
    system_stm32f10x.o(i.SystemCoreClockUpdate) refers to system_stm32f10x.o(.data) for SystemCoreClock
    system_stm32f10x.o(i.SystemInit) refers to system_stm32f10x.o(i.SetSysClock) for SetSysClock
    stm32f10x_adc.o(i.ADC_DeInit) refers to stm32f10x_rcc.o(i.RCC_APB2PeriphResetCmd) for RCC_APB2PeriphResetCmd
    stm32f10x_bkp.o(i.BKP_DeInit) refers to stm32f10x_rcc.o(i.RCC_BackupResetCmd) for RCC_BackupResetCmd
    stm32f10x_can.o(i.CAN_DeInit) refers to stm32f10x_rcc.o(i.RCC_APB1PeriphResetCmd) for RCC_APB1PeriphResetCmd
    stm32f10x_can.o(i.CAN_GetITStatus) refers to stm32f10x_can.o(i.CheckITStatus) for CheckITStatus
    stm32f10x_cec.o(i.CEC_DeInit) refers to stm32f10x_rcc.o(i.RCC_APB1PeriphResetCmd) for RCC_APB1PeriphResetCmd
    stm32f10x_dac.o(i.DAC_DeInit) refers to stm32f10x_rcc.o(i.RCC_APB1PeriphResetCmd) for RCC_APB1PeriphResetCmd
    stm32f10x_flash.o(i.FLASH_EnableWriteProtection) refers to stm32f10x_flash.o(i.FLASH_WaitForLastOperation) for FLASH_WaitForLastOperation
    stm32f10x_flash.o(i.FLASH_EraseAllBank1Pages) refers to stm32f10x_flash.o(i.FLASH_WaitForLastBank1Operation) for FLASH_WaitForLastBank1Operation
    stm32f10x_flash.o(i.FLASH_EraseAllPages) refers to stm32f10x_flash.o(i.FLASH_WaitForLastOperation) for FLASH_WaitForLastOperation
    stm32f10x_flash.o(i.FLASH_EraseOptionBytes) refers to stm32f10x_flash.o(i.FLASH_GetReadOutProtectionStatus) for FLASH_GetReadOutProtectionStatus
    stm32f10x_flash.o(i.FLASH_EraseOptionBytes) refers to stm32f10x_flash.o(i.FLASH_WaitForLastOperation) for FLASH_WaitForLastOperation
    stm32f10x_flash.o(i.FLASH_ErasePage) refers to stm32f10x_flash.o(i.FLASH_WaitForLastOperation) for FLASH_WaitForLastOperation
    stm32f10x_flash.o(i.FLASH_ProgramHalfWord) refers to stm32f10x_flash.o(i.FLASH_WaitForLastOperation) for FLASH_WaitForLastOperation
    stm32f10x_flash.o(i.FLASH_ProgramOptionByteData) refers to stm32f10x_flash.o(i.FLASH_WaitForLastOperation) for FLASH_WaitForLastOperation
    stm32f10x_flash.o(i.FLASH_ProgramWord) refers to stm32f10x_flash.o(i.FLASH_WaitForLastOperation) for FLASH_WaitForLastOperation
    stm32f10x_flash.o(i.FLASH_ReadOutProtection) refers to stm32f10x_flash.o(i.FLASH_WaitForLastOperation) for FLASH_WaitForLastOperation
    stm32f10x_flash.o(i.FLASH_UserOptionByteConfig) refers to stm32f10x_flash.o(i.FLASH_WaitForLastOperation) for FLASH_WaitForLastOperation
    stm32f10x_flash.o(i.FLASH_WaitForLastBank1Operation) refers to stm32f10x_flash.o(i.FLASH_GetBank1Status) for FLASH_GetBank1Status
    stm32f10x_flash.o(i.FLASH_WaitForLastOperation) refers to stm32f10x_flash.o(i.FLASH_GetBank1Status) for FLASH_GetBank1Status
[...]
    __scatterload_rt2                        0x080000f5   Thumb Code    44  __scatter.o(!!!scatter)
    __scatterload_rt2_thumb_only             0x080000f5   Thumb Code     0  __scatter.o(!!!scatter)
    __scatterload_null                       0x08000103   Thumb Code     0  __scatter.o(!!!scatter)
    __scatterload_copy                       0x08000129   Thumb Code    26  __scatter_copy.o(!!handler_copy)
    __scatterload_zeroinit                   0x08000145   Thumb Code    28  __scatter_zi.o(!!handler_zi)
    _printf_f                                0x08000161   Thumb Code     0  _printf_f.o(.ARM.Collect$$_printf_percent$$00000003)
    _printf_percent                          0x08000161   Thumb Code     0  _printf_percent.o(.ARM.Collect$$_printf_percent$$00000000)
    _printf_d                                0x08000167   Thumb Code     0  _printf_d.o(.ARM.Collect$$_printf_percent$$00000009)
    _printf_percent_end                      0x0800016d   Thumb Code     0  _printf_percent_end.o(.ARM.Collect$$_printf_percent$$00000017)
    __rt_lib_init                            0x08000171   Thumb Code     0  libinit.o(.ARM.Collect$$libinit$$00000000)
    __rt_lib_init_fp_1                       0x08000173   Thumb Code     0  libinit2.o(.ARM.Collect$$libinit$$00000002)
    __rt_lib_init_heap_1                     0x08000173   Thumb Code     0  libinit2.o(.ARM.Collect$$libinit$$0000000A)
    __rt_lib_init_lc_common                  0x08000173   Thumb Code     0  libinit2.o(.ARM.Collect$$libinit$$0000000F)
    __rt_lib_init_preinit_1                  0x08000173   Thumb Code     0  libinit2.o(.ARM.Collect$$libinit$$00000004)
    __rt_lib_init_rand_1                     0x08000173   Thumb Code     0  libinit2.o(.ARM.Collect$$libinit$$0000000E)
    __rt_lib_init_user_alloc_1               0x08000173   Thumb Code     0  libinit2.o(.ARM.Collect$$libinit$$0000000C)
    __rt_lib_init_lc_collate_1               0x08000179   Thumb Code     0  libinit2.o(.ARM.Collect$$libinit$$00000011)
    __rt_lib_init_lc_ctype_1                 0x08000179   Thumb Code     0  libinit2.o(.ARM.Collect$$libinit$$00000013)
    __rt_lib_init_lc_monetary_1              0x08000179   Thumb Code     0  libinit2.o(.ARM.Collect$$libinit$$00000015)
    __rt_lib_init_lc_numeric_2               0x08000179   Thumb Code     0  libinit2.o(.ARM.Collect$$libinit$$00000016)
    __rt_lib_init_alloca_1                   0x08000183   Thumb Code     0  libinit2.o(.ARM.Collect$$libinit$$0000002E)
    __rt_lib_init_argv_1                     0x08000183   Thumb Code     0  libinit2.o(.ARM.Collect$$libinit$$0000002C)
    __rt_lib_init_atexit_1                   0x08000183   Thumb Code     0  libinit2.o(.ARM.Collect$$libinit$$0000001B)
    __rt_lib_init_clock_1                    0x08000183   Thumb Code     0  libinit2.o(.ARM.Collect$$libinit$$00000021)
    __rt_lib_init_cpp_1                      0x08000183   Thumb Code     0  libinit2.o(.ARM.Collect$$libinit$$00000032)
    __rt_lib_init_exceptions_1               0x08000183   Thumb Code     0  libinit2.o(.ARM.Collect$$libinit$$00000030)
    __rt_lib_init_fp_trap_1                  0x08000183   Thumb Code     0  libinit2.o(.ARM.Collect$$libinit$$0000001F)
    __rt_lib_init_getenv_1                   0x08000183   Thumb Code     0  libinit2.o(.ARM.Collect$$libinit$$00000023)
    __rt_lib_init_lc_numeric_1               0x08000183   Thumb Code     0  libinit2.o(.ARM.Collect$$libinit$$00000017)
    __rt_lib_init_lc_time_1                  0x08000183   Thumb Code     0  libinit2.o(.ARM.Collect$$libinit$$00000019)
    __rt_lib_init_return                     0x08000183   Thumb Code     0  libinit2.o(.ARM.Collect$$libinit$$00000033)
    __rt_lib_init_signal_1                   0x08000183   Thumb Code     0  libinit2.o(.ARM.Collect$$libinit$$0000001D)
    __rt_lib_init_stdio_1                    0x08000183   Thumb Code     0  libinit2.o(.ARM.Collect$$libinit$$00000025)
    __rt_lib_shutdown                        0x08000185   Thumb Code     0  libshutdown.o(.ARM.Collect$$libshutdown$$00000000)
    __rt_lib_shutdown_cpp_1                  0x08000187   Thumb Code     0  libshutdown2.o(.ARM.Collect$$libshutdown$$00000002)
    __rt_lib_shutdown_fp_trap_1              0x08000187   Thumb Code     0  libshutdown2.o(.ARM.Collect$$libshutdown$$00000007)
    __rt_lib_shutdown_heap_1                 0x08000187   Thumb Code     0  libshutdown2.o(.ARM.Collect$$libshutdown$$0000000F)
    __rt_lib_shutdown_return                 0x08000187   Thumb Code     0  libshutdown2.o(.ARM.Collect$$libshutdown$$00000010)
    __rt_lib_shutdown_signal_1               0x08000187   Thumb Code     0  libshutdown2.o(.ARM.Collect$$libshutdown$$0000000A)
    __rt_lib_shutdown_stdio_1                0x08000187   Thumb Code     0  libshutdown2.o(.ARM.Collect$$libshutdown$$00000004)
    __rt_lib_shutdown_user_alloc_1           0x08000187   Thumb Code     0  libshutdown2.o(.ARM.Collect$$libshutdown$$0000000C)
    __rt_entry                               0x08000189   Thumb Code     0  __rtentry.o(.ARM.Collect$$rtentry$$00000000)
    __rt_entry_presh_1                       0x08000189   Thumb Code     0  __rtentry2.o(.ARM.Collect$$rtentry$$00000002)
    __rt_entry_sh                            0x08000189   Thumb Code     0  __rtentry4.o(.ARM.Collect$$rtentry$$00000004)
    __rt_entry_li                            0x0800018f   Thumb Code     0  __rtentry2.o(.ARM.Collect$$rtentry$$0000000A)
    __rt_entry_postsh_1                      0x0800018f   Thumb Code     0  __rtentry2.o(.ARM.Collect$$rtentry$$00000009)
    __rt_entry_main                          0x08000193   Thumb Code     0  __rtentry2.o(.ARM.Collect$$rtentry$$0000000D)
    __rt_entry_postli_1                      0x08000193   Thumb Code     0  __rtentry2.o(.ARM.Collect$$rtentry$$0000000C)
    __rt_exit                                0x0800019b   Thumb Code     0  rtexit.o(.ARM.Collect$$rtexit$$00000000)
    __rt_exit_ls                             0x0800019d   Thumb Code     0  rtexit2.o(.ARM.Collect$$rtexit$$00000003)
    __rt_exit_prels_1                        0x0800019d   Thumb Code     0  rtexit2.o(.ARM.Collect$$rtexit$$00000002)
    __rt_exit_exit                           0x080001a1   Thumb Code     0  rtexit2.o(.ARM.Collect$$rtexit$$00000004)
    Reset_Handler                            0x080001a9   Thumb Code     8  startup_stm32f10x_md.o(.text)
    ADC1_2_IRQHandler                        0x080001c3   Thumb Code     0  startup_stm32f10x_md.o(.text)
    CAN1_RX1_IRQHandler                      0x080001c3   Thumb Code     0  startup_stm32f10x_md.o(.text)
    CAN1_SCE_IRQHandler                      0x080001c3   Thumb Code     0  startup_stm32f10x_md.o(.text)
    DMA1_Channel1_IRQHandler                 0x080001c3   Thumb Code     0  startup_stm32f10x_md.o(.text)
    DMA1_Channel2_IRQHandler                 0x080001c3   Thumb Code     0  startup_stm32f10x_md.o(.text)
    DMA1_Channel3_IRQHandler                 0x080001c3   Thumb Code     0  startup_stm32f10x_md.o(.text)
    DMA1_Channel4_IRQHandler                 0x080001c3   Thumb Code     0  startup_stm32f10x_md.o(.text)
    DMA1_Channel5_IRQHandler                 0x080001c3   Thumb Code     0  startup_stm32f10x_md.o(.text)
    DMA1_Channel6_IRQHandler                 0x080001c3   Thumb Code     0  startup_stm32f10x_md.o(.text)
    DMA1_Channel7_IRQHandler                 0x080001c3   Thumb Code     0  startup_stm32f10x_md.o(.text)
    EXTI0_IRQHandler                         0x080001c3   Thumb Code     0  startup_stm32f10x_md.o(.text)
    EXTI15_10_IRQHandler                     0x080001c3   Thumb Code     0  startup_stm32f10x_md.o(.text)
    EXTI1_IRQHandler                         0x080001c3   Thumb Code     0  startup_stm32f10x_md.o(.text)
    EXTI2_IRQHandler                         0x080001c3   Thumb Code     0  startup_stm32f10x_md.o(.text)
    EXTI3_IRQHandler                         0x080001c3   Thumb Code     0  startup_stm32f10x_md.o(.text)
    EXTI4_IRQHandler                         0x080001c3   Thumb Code     0  startup_stm32f10x_md.o(.text)
    EXTI9_5_IRQHandler                       0x080001c3   Thumb Code     0  startup_stm32f10x_md.o(.text)
    FLASH_IRQHandler                         0x080001c3   Thumb Code     0  startup_stm32f10x_md.o(.text)
    I2C1_ER_IRQHandler                       0x080001c3   Thumb Code     0  startup_stm32f10x_md.o(.text)
    I2C1_EV_IRQHandler                       0x080001c3   Thumb Code     0  startup_stm32f10x_md.o(.text)
    I2C2_ER_IRQHandler                       0x080001c3   Thumb Code     0  startup_stm32f10x_md.o(.text)
    I2C2_EV_IRQHandler                       0x080001c3   Thumb Code     0  startup_stm32f10x_md.o(.text)
    PVD_IRQHandler                           0x080001c3   Thumb Code     0  startup_stm32f10x_md.o(.text)
    RCC_IRQHandler                           0x080001c3   Thumb Code     0  startup_stm32f10x_md.o(.text)
    RTCAlarm_IRQHandler                      0x080001c3   Thumb Code     0  startup_stm32f10x_md.o(.text)
    RTC_IRQHandler                           0x080001c3   Thumb Code     0  startup_stm32f10x_md.o(.text)
    SPI1_IRQHandler                          0x080001c3   Thumb Code     0  startup_stm32f10x_md.o(.text)
    SPI2_IRQHandler                          0x080001c3   Thumb Code     0  startup_stm32f10x_md.o(.text)
    TAMPER_IRQHandler                        0x080001c3   Thumb Code     0  startup_stm32f10x_md.o(.text)
    TIM1_BRK_IRQHandler                      0x080001c3   Thumb Code     0  startup_stm32f10x_md.o(.text)
    TIM1_CC_IRQHandler                       0x080001c3   Thumb Code     0  startup_stm32f10x_md.o(.text)
    TIM1_TRG_COM_IRQHandler                  0x080001c3   Thumb Code     0  startup_stm32f10x_md.o(.text)
    TIM1_UP_IRQHandler                       0x080001c3   Thumb Code     0  startup_stm32f10x_md.o(.text)
    TIM3_IRQHandler                          0x080001c3   Thumb Code     0  startup_stm32f10x_md.o(.text)
    TIM4_IRQHandler                          0x080001c3   Thumb Code     0  startup_stm32f10x_md.o(.text)
    USART2_IRQHandler                        0x080001c3   Thumb Code     0  startup_stm32f10x_md.o(.text)
    USART3_IRQHandler                        0x080001c3   Thumb Code     0  startup_stm32f10x_md.o(.text)
    USBWakeUp_IRQHandler                     0x080001c3   Thumb Code     0  startup_stm32f10x_md.o(.text)
    USB_HP_CAN1_TX_IRQHandler                0x080001c3   Thumb Code     0  startup_stm32f10x_md.o(.text)
    USB_LP_CAN1_RX0_IRQHandler               0x080001c3   Thumb Code     0  startup_stm32f10x_md.o(.text)
    WWDG_IRQHandler                          0x080001c3   Thumb Code     0  startup_stm32f10x_md.o(.text)
    __user_initial_stackheap                 0x080001c5   Thumb Code     0  startup_stm32f10x_md.o(.text)
    __use_no_semihosting                     0x080001e9   Thumb Code     2  use_no_semi_2.o(.text)
    __aeabi_ldivmod                          0x080001eb   Thumb Code     0  llsdiv.o(.text)
    _ll_sdiv                                 0x080001eb   Thumb Code    72  llsdiv.o(.text)
    __2printf                                0x08000235   Thumb Code    20  __2printf.o(.text)
    _printf_int_dec                          0x0800024d   Thumb Code   104  _printf_dec.o(.text)
    __printf                                 0x080002c5   Thumb Code   388  __printf_flags_ss_wp.o(.text)
    memcmp                                   0x0800044d   Thumb Code    88  memcmp.o(.text)
    __aeabi_memset                           0x080004a5   Thumb Code    16  aeabi_memset.o(.text)
    strcmp                                   0x080004b5   Thumb Code   128  strcmpv7m.o(.text)
    __use_two_region_memory                  0x08000535   Thumb Code     2  heapauxi.o(.text)
    __rt_heap_escrow$2region                 0x08000537   Thumb Code     2  heapauxi.o(.text)
    __rt_heap_expand$2region                 0x08000539   Thumb Code     2  heapauxi.o(.text)
    __I$use$semihosting                      0x0800053b   Thumb Code     0  use_no_semi.o(.text)
    __use_no_semihosting_swi                 0x0800053b   Thumb Code     2  use_no_semi.o(.text)
    __aeabi_uldivmod                         0x0800053d   Thumb Code     0  lludivv7m.o(.text)
    _ll_udiv                                 0x0800053d   Thumb Code   238  lludivv7m.o(.text)
    __read_errno                             0x0800062b   Thumb Code    10  _rserrno.o(.text)
    __set_errno                              0x08000635   Thumb Code    12  _rserrno.o(.text)
    _printf_int_common                       0x08000641   Thumb Code   178  _printf_intcommon.o(.text)
    __lib_sel_fp_printf                      0x080006f3   Thumb Code     2  _printf_fp_dec.o(.text)
    _printf_fp_dec_real                      0x080008a5   Thumb Code   620  _printf_fp_dec.o(.text)
    _printf_char_common                      0x08000b1b   Thumb Code    32  _printf_char_common.o(.text)
    _printf_char_file                        0x08000b41   Thumb Code    32  _printf_char_file.o(.text)
    __aeabi_memclr                           0x08000b65   Thumb Code     0  rt_memclr.o(.text)
    __rt_memclr                              0x08000b65   Thumb Code    68  rt_memclr.o(.text)
    _memset                                  0x08000b69   Thumb Code     0  rt_memclr.o(.text)
    __rt_locale                              0x08000ba9   Thumb Code     8  rt_locale_intlibspace.o(.text)
    __aeabi_errno_addr                       0x08000bb1   Thumb Code     8  rt_errno_addr_intlibspace.o(.text)
    __errno$intlibspace                      0x08000bb1   Thumb Code     0  rt_errno_addr_intlibspace.o(.text)
    __rt_errno_addr$intlibspace              0x08000bb1   Thumb Code     0  rt_errno_addr_intlibspace.o(.text)
    _ll_udiv10                               0x08000bb9   Thumb Code   138  lludiv10.o(.text)
    _printf_fp_infnan                        0x08000c45   Thumb Code   112  _printf_fp_infnan.o(.text)
    _btod_etento                             0x08000cc5   Thumb Code   224  bigflt0.o(.text)
    ferror                                   0x08000da9   Thumb Code     8  ferror.o(.text)
    __aeabi_memclr4                          0x08000db1   Thumb Code     0  rt_memclr_w.o(.text)
    __aeabi_memclr8                          0x08000db1   Thumb Code     0  rt_memclr_w.o(.text)
    __rt_memclr_w                            0x08000db1   Thumb Code    78  rt_memclr_w.o(.text)
    _memset_w                                0x08000db5   Thumb Code     0  rt_memclr_w.o(.text)
    __user_libspace                          0x08000e01   Thumb Code     8  libspace.o(.text)
    __user_perproc_libspace                  0x08000e01   Thumb Code     0  libspace.o(.text)
    __user_perthread_libspace                0x08000e01   Thumb Code     0  libspace.o(.text)
    __user_setup_stackheap                   0x08000e09   Thumb Code    74  sys_stackheap_outer.o(.text)
    exit                                     0x08000e53   Thumb Code    18  exit.o(.text)
    _btod_d2e                                0x08000e65   Thumb Code    62  btod.o(CL$$btod_d2e)
    _d2e_denorm_low                          0x08000ea3   Thumb Code    70  btod.o(CL$$btod_d2e_denorm_low)
    _d2e_norm_op1                            0x08000ee9   Thumb Code    96  btod.o(CL$$btod_d2e_norm_op1)
    __btod_div_common                        0x08000f49   Thumb Code   696  btod.o(CL$$btod_div_common)
    _e2e                                     0x08001281   Thumb Code   220  btod.o(CL$$btod_e2e)
    _btod_ediv                               0x0800135d   Thumb Code    42  btod.o(CL$$btod_ediv)
    _btod_emul                               0x08001387   Thumb Code    42  btod.o(CL$$btod_emul)
    __btod_mult_common                       0x080013b1   Thumb Code   580  btod.o(CL$$btod_mult_common)
    BusFault_Handler                         0x080015f5   Thumb Code     4  stm32f10x_it.o(i.BusFault_Handler)
    DMP_Init                                 0x080015f9   Thumb Code   194  mpu6050.o(i.DMP_Init)
    DebugMon_Handler                         0x08001809   Thumb Code     2  stm32f10x_it.o(i.DebugMon_Handler)
    GPIO_Init                                0x0800180b   Thumb Code   278  stm32f10x_gpio.o(i.GPIO_Init)
    GPIO_ReadInputDataBit                    0x08001921   Thumb Code    18  stm32f10x_gpio.o(i.GPIO_ReadInputDataBit)
    GPIO_ResetBits                           0x08001933   Thumb Code     4  stm32f10x_gpio.o(i.GPIO_ResetBits)
    GPIO_SetBits                             0x08001937   Thumb Code     4  stm32f10x_gpio.o(i.GPIO_SetBits)
    GPIO_WriteBit                            0x0800193b   Thumb Code    10  stm32f10x_gpio.o(i.GPIO_WriteBit)
    HardFault_Handler                        0x08001945   Thumb Code     4  stm32f10x_it.o(i.HardFault_Handler)
    I2C_ReadOneByte                          0x08001949   Thumb Code    70  iic.o(i.I2C_ReadOneByte)
    IIC_Ack                                  0x08001991   Thumb Code    62  iic.o(i.IIC_Ack)
    IIC_Delay                                0x080019dd   Thumb Code    10  iic.o(i.IIC_Delay)
    IIC_Init                                 0x080019e9   Thumb Code    50  iic.o(i.IIC_Init)
    IIC_NAck                                 0x08001a21   Thumb Code    62  iic.o(i.IIC_NAck)
    IIC_Read_Byte                            0x08001a6d   Thumb Code    94  iic.o(i.IIC_Read_Byte)
    IIC_Send_Byte                            0x08001ad9   Thumb Code    98  iic.o(i.IIC_Send_Byte)
    IIC_Start                                0x08001b49   Thumb Code    90  iic.o(i.IIC_Start)
    IIC_Stop                                 0x08001bb1   Thumb Code    58  iic.o(i.IIC_Stop)
    IIC_Wait_Ack                             0x08001bf9   Thumb Code    90  iic.o(i.IIC_Wait_Ack)
    IICreadByte                              0x08001c61   Thumb Code    22  iic.o(i.IICreadByte)
    IICwriteBit                              0x08001c77   Thumb Code    64  iic.o(i.IICwriteBit)
    IICwriteBits                             0x08001cb7   Thumb Code   106  iic.o(i.IICwriteBits)
    IICwriteByte                             0x08001d21   Thumb Code    20  iic.o(i.IICwriteByte)
    IICwriteBytes                            0x08001d35   Thumb Code    70  iic.o(i.IICwriteBytes)
    Key_GetNum                               0x08001d7d   Thumb Code    58  key.o(i.Key_GetNum)
    Key_Init                                 0x08001dbd   Thumb Code    38  key.o(i.Key_Init)
    LED1_OFF                                 0x08001de9   Thumb Code    12  led.o(i.LED1_OFF)
    LED1_ON                                  0x08001df9   Thumb Code    12  led.o(i.LED1_ON)
    LED_Init                                 0x08001e09   Thumb Code    46  led.o(i.LED_Init)
    MPU6050_initialize                       0x08001e3d   Thumb Code    40  mpu6050.o(i.MPU6050_initialize)
    MPU6050_setClockSource                   0x08001e65   Thumb Code    20  mpu6050.o(i.MPU6050_setClockSource)
    MPU6050_setFullScaleAccelRange           0x08001e79   Thumb Code    20  mpu6050.o(i.MPU6050_setFullScaleAccelRange)
    MPU6050_setFullScaleGyroRange            0x08001e8d   Thumb Code    20  mpu6050.o(i.MPU6050_setFullScaleGyroRange)
    MPU6050_setI2CBypassEnabled              0x08001ea1   Thumb Code    18  mpu6050.o(i.MPU6050_setI2CBypassEnabled)
    MPU6050_setI2CMasterModeEnabled          0x08001eb3   Thumb Code    18  mpu6050.o(i.MPU6050_setI2CMasterModeEnabled)
    MPU6050_setSleepEnabled                  0x08001ec5   Thumb Code    18  mpu6050.o(i.MPU6050_setSleepEnabled)
    MemManage_Handler                        0x08001ed7   Thumb Code     4  stm32f10x_it.o(i.MemManage_Handler)
    NMI_Handler                              0x08001edb   Thumb Code     2  stm32f10x_it.o(i.NMI_Handler)
    NRF24L01_Check                           0x08001edd   Thumb Code   102  nrf24l01.o(i.NRF24L01_Check)
    NRF24L01_Init                            0x08001f4d   Thumb Code    22  nrf24l01.o(i.NRF24L01_Init)
    NRF24L01_Pin_Init                        0x08001f65   Thumb Code   166  nrf24l01.o(i.NRF24L01_Pin_Init)
    NRF24L01_RT_Init                         0x08002015   Thumb Code   104  nrf24l01.o(i.NRF24L01_RT_Init)
    NRF24L01_Read_Buf                        0x08002085   Thumb Code    58  nrf24l01.o(i.NRF24L01_Read_Buf)
    NRF24L01_Read_Reg                        0x080020bf   Thumb Code    36  nrf24l01.o(i.NRF24L01_Read_Reg)
    NRF24L01_SendBuf                         0x080020e3   Thumb Code    58  nrf24l01.o(i.NRF24L01_SendBuf)
    NRF24L01_SendTxBuf                       0x0800211d   Thumb Code    92  nrf24l01.o(i.NRF24L01_SendTxBuf)
    NRF24L01_Write_Buf                       0x08002179   Thumb Code    56  nrf24l01.o(i.NRF24L01_Write_Buf)
    NRF24L01_Write_Reg                       0x080021b1   Thumb Code    36  nrf24l01.o(i.NRF24L01_Write_Reg)
    NVIC_Init                                0x080021d5   Thumb Code   100  misc.o(i.NVIC_Init)
    OLED_Clear                               0x08002245   Thumb Code    36  oled.o(i.OLED_Clear)
    OLED_ClearArea                           0x0800226d   Thumb Code   162  oled.o(i.OLED_ClearArea)
    OLED_GPIO_Init                           0x08002315   Thumb Code    92  oled.o(i.OLED_GPIO_Init)
    OLED_I2C_SendByte                        0x08002375   Thumb Code    62  oled.o(i.OLED_I2C_SendByte)
    OLED_I2C_Start                           0x080023b3   Thumb Code    28  oled.o(i.OLED_I2C_Start)
    OLED_I2C_Stop                            0x080023cf   Thumb Code    22  oled.o(i.OLED_I2C_Stop)
    OLED_Init                                0x080023e5   Thumb Code   154  oled.o(i.OLED_Init)
    OLED_SetCursor                           0x0800247f   Thumb Code    34  oled.o(i.OLED_SetCursor)
    OLED_ShowChar                            0x080024a1   Thumb Code    74  oled.o(i.OLED_ShowChar)
    OLED_ShowChinese                         0x080024f5   Thumb Code   148  oled.o(i.OLED_ShowChinese)
    OLED_ShowImage                           0x08002591   Thumb Code   296  oled.o(i.OLED_ShowImage)
    OLED_ShowString                          0x080026bd   Thumb Code    46  oled.o(i.OLED_ShowString)
    OLED_Update                              0x080026ed   Thumb Code    36  oled.o(i.OLED_Update)
    OLED_W_SCL                               0x08002715   Thumb Code    18  oled.o(i.OLED_W_SCL)
    OLED_W_SDA                               0x0800272d   Thumb Code    18  oled.o(i.OLED_W_SDA)
    OLED_WriteCommand                        0x08002745   Thumb Code    32  oled.o(i.OLED_WriteCommand)
    OLED_WriteData                           0x08002765   Thumb Code    46  oled.o(i.OLED_WriteData)
    PendSV_Handler                           0x08002793   Thumb Code     2  stm32f10x_it.o(i.PendSV_Handler)
    RCC_APB1PeriphClockCmd                   0x08002795   Thumb Code    26  stm32f10x_rcc.o(i.RCC_APB1PeriphClockCmd)
    RCC_APB2PeriphClockCmd                   0x080027b5   Thumb Code    26  stm32f10x_rcc.o(i.RCC_APB2PeriphClockCmd)
    RCC_GetClocksFreq                        0x080027d5   Thumb Code   192  stm32f10x_rcc.o(i.RCC_GetClocksFreq)
    R_IRQ                                    0x080028a9   Thumb Code    12  nrf24l01.o(i.R_IRQ)
    R_MISO                                   0x080028b9   Thumb Code    12  nrf24l01.o(i.R_MISO)
    Read_DMP                                 0x080028c9   Thumb Code   570  mpu6050.o(i.Read_DMP)
    SPI_SwapByte                             0x08002b25   Thumb Code    66  nrf24l01.o(i.SPI_SwapByte)
    SVC_Handler                              0x08002b67   Thumb Code     2  stm32f10x_it.o(i.SVC_Handler)
    SysTick_CLKSourceConfig                  0x08002c51   Thumb Code    40  misc.o(i.SysTick_CLKSourceConfig)
    SysTick_Handler                          0x08002c79   Thumb Code     2  stm32f10x_it.o(i.SysTick_Handler)
    SystemInit                               0x08002c7d   Thumb Code    78  system_stm32f10x.o(i.SystemInit)
    TIM2_Getsample_Int                       0x08002cdd   Thumb Code    92  time.o(i.TIM2_Getsample_Int)
    TIM2_IRQHandler                          0x08002d39   Thumb Code    90  time.o(i.TIM2_IRQHandler)
    TIM_ClearITPendingBit                    0x08002dd5   Thumb Code     6  stm32f10x_tim.o(i.TIM_ClearITPendingBit)
    TIM_Cmd                                  0x08002ddb   Thumb Code    24  stm32f10x_tim.o(i.TIM_Cmd)
    TIM_GetITStatus                          0x08002df3   Thumb Code    34  stm32f10x_tim.o(i.TIM_GetITStatus)
    TIM_ITConfig                             0x08002e15   Thumb Code    18  stm32f10x_tim.o(i.TIM_ITConfig)
    TIM_TimeBaseInit                         0x08002e29   Thumb Code   122  stm32f10x_tim.o(i.TIM_TimeBaseInit)
    USART1_IRQHandler                        0x08002ecd   Thumb Code   122  usart.o(i.USART1_IRQHandler)
    USART_Cmd                                0x08002f55   Thumb Code    24  stm32f10x_usart.o(i.USART_Cmd)
    USART_GetITStatus                        0x08002f6d   Thumb Code    84  stm32f10x_usart.o(i.USART_GetITStatus)
    USART_ITConfig                           0x08002fc1   Thumb Code    74  stm32f10x_usart.o(i.USART_ITConfig)
    USART_Init                               0x0800300d   Thumb Code   210  stm32f10x_usart.o(i.USART_Init)
    USART_ReceiveData                        0x080030e5   Thumb Code    10  stm32f10x_usart.o(i.USART_ReceiveData)
    UsageFault_Handler                       0x080030ef   Thumb Code     4  stm32f10x_it.o(i.UsageFault_Handler)
    W_CE                                     0x080030f5   Thumb Code    16  nrf24l01.o(i.W_CE)
    W_MOSI                                   0x08003109   Thumb Code    16  nrf24l01.o(i.W_MOSI)
    W_SCK                                    0x0800311d   Thumb Code    16  nrf24l01.o(i.W_SCK)
    W_SS                                     0x08003131   Thumb Code    16  nrf24l01.o(i.W_SS)
    __ARM_fpclassify                         0x08003145   Thumb Code    40  fpclassify.o(i.__ARM_fpclassify)
    __kernel_poly                            0x0800316d   Thumb Code   170  poly.o(i.__kernel_poly)
    __mathlib_dbl_infnan                     0x08003217   Thumb Code     6  dunder.o(i.__mathlib_dbl_infnan)
    __mathlib_dbl_infnan2                    0x0800321d   Thumb Code     4  dunder.o(i.__mathlib_dbl_infnan2)
    __mathlib_dbl_invalid                    0x08003221   Thumb Code    12  dunder.o(i.__mathlib_dbl_invalid)
    __mathlib_dbl_underflow                  0x0800322d   Thumb Code    10  dunder.o(i.__mathlib_dbl_underflow)
    _is_digit                                0x0800323d   Thumb Code    14  __printf_wp.o(i._is_digit)
    _sys_exit                                0x0800324b   Thumb Code     4  usart.o(i._sys_exit)
    asin                                     0x080032f9   Thumb Code   572  asin.o(i.asin)
    atan                                     0x08003569   Thumb Code   474  atan.o(i.atan)
    atan2                                    0x08003789   Thumb Code   346  atan2.o(i.atan2)
    chongzhi                                 0x08003909   Thumb Code    34  xiaochekongzhi.o(i.chongzhi)
    delay_init                               0x080039ad   Thumb Code    50  delay.o(i.delay_init)
    delay_ms                                 0x080039f1   Thumb Code    72  delay.o(i.delay_ms)
    delay_s                                  0x08003a3d   Thumb Code    32  delay.o(i.delay_s)
    delay_us                                 0x08003a5d   Thumb Code    72  delay.o(i.delay_us)
    dmp_enable_6x_lp_quat                    0x08003aa9   Thumb Code    60  inv_mpu_dmp_motion_driver.o(i.dmp_enable_6x_lp_quat)
    dmp_enable_feature                       0x08003ae5   Thumb Code   530  inv_mpu_dmp_motion_driver.o(i.dmp_enable_feature)
    dmp_enable_gyro_cal                      0x08003d01   Thumb Code    62  inv_mpu_dmp_motion_driver.o(i.dmp_enable_gyro_cal)
    dmp_enable_lp_quat                       0x08003d59   Thumb Code    60  inv_mpu_dmp_motion_driver.o(i.dmp_enable_lp_quat)
    dmp_load_motion_driver_firmware          0x08003d95   Thumb Code    20  inv_mpu_dmp_motion_driver.o(i.dmp_load_motion_driver_firmware)
    dmp_read_fifo                            0x08003dad   Thumb Code   456  inv_mpu_dmp_motion_driver.o(i.dmp_read_fifo)
    dmp_set_accel_bias                       0x08003f79   Thumb Code   300  inv_mpu_dmp_motion_driver.o(i.dmp_set_accel_bias)
    dmp_set_fifo_rate                        0x080040a9   Thumb Code    96  inv_mpu_dmp_motion_driver.o(i.dmp_set_fifo_rate)
    dmp_set_gyro_bias                        0x08004119   Thumb Code   294  inv_mpu_dmp_motion_driver.o(i.dmp_set_gyro_bias)
    dmp_set_orientation                      0x08004249   Thumb Code   290  inv_mpu_dmp_motion_driver.o(i.dmp_set_orientation)
    dmp_set_shake_reject_thresh              0x08004381   Thumb Code    56  inv_mpu_dmp_motion_driver.o(i.dmp_set_shake_reject_thresh)
    dmp_set_shake_reject_time                0x080043b9   Thumb Code    38  inv_mpu_dmp_motion_driver.o(i.dmp_set_shake_reject_time)
    dmp_set_shake_reject_timeout             0x080043df   Thumb Code    38  inv_mpu_dmp_motion_driver.o(i.dmp_set_shake_reject_timeout)
    dmp_set_tap_axes                         0x08004405   Thumb Code    70  inv_mpu_dmp_motion_driver.o(i.dmp_set_tap_axes)
    dmp_set_tap_count                        0x0800444b   Thumb Code    38  inv_mpu_dmp_motion_driver.o(i.dmp_set_tap_count)
    dmp_set_tap_thresh                       0x08004471   Thumb Code   396  inv_mpu_dmp_motion_driver.o(i.dmp_set_tap_thresh)
    dmp_set_tap_time                         0x08004611   Thumb Code    38  inv_mpu_dmp_motion_driver.o(i.dmp_set_tap_time)
    dmp_set_tap_time_multi                   0x08004637   Thumb Code    38  inv_mpu_dmp_motion_driver.o(i.dmp_set_tap_time_multi)
    fputc                                    0x0800465d   Thumb Code    24  usart.o(i.fputc)
    i2cRead                                  0x08004cad   Thumb Code   118  iic.o(i.i2cRead)
    i2cWrite                                 0x08004d23   Thumb Code    96  iic.o(i.i2cWrite)
    kaijihuamian                             0x08004df9   Thumb Code   256  delay.o(i.kaijihuamian)
    kongzhi_Init                             0x08004f15   Thumb Code    72  xiaochekongzhi.o(i.kongzhi_Init)
    main                                     0x08004f65   Thumb Code   308  main.o(i.main)
    mpu_configure_fifo                       0x080050c9   Thumb Code   106  inv_mpu.o(i.mpu_configure_fifo)
    mpu_get_accel_fsr                        0x08005139   Thumb Code    72  inv_mpu.o(i.mpu_get_accel_fsr)
    mpu_get_accel_sens                       0x08005185   Thumb Code    78  inv_mpu.o(i.mpu_get_accel_sens)
    mpu_get_fifo_config                      0x080051d9   Thumb Code    12  inv_mpu.o(i.mpu_get_fifo_config)
    mpu_get_gyro_fsr                         0x080051e9   Thumb Code    64  inv_mpu.o(i.mpu_get_gyro_fsr)
    mpu_get_gyro_sens                        0x0800522d   Thumb Code    58  inv_mpu.o(i.mpu_get_gyro_sens)
    mpu_get_lpf                              0x0800527d   Thumb Code    74  inv_mpu.o(i.mpu_get_lpf)
    mpu_get_sample_rate                      0x080052cd   Thumb Code    26  inv_mpu.o(i.mpu_get_sample_rate)
    mpu_init                                 0x080052ed   Thumb Code   416  inv_mpu.o(i.mpu_init)
    mpu_load_firmware                        0x080054dd   Thumb Code   180  inv_mpu.o(i.mpu_load_firmware)
    mpu_lp_accel_mode                        0x08005595   Thumb Code   218  inv_mpu.o(i.mpu_lp_accel_mode)
    mpu_read_fifo_stream                     0x08005675   Thumb Code   186  inv_mpu.o(i.mpu_read_fifo_stream)
    mpu_read_mem                             0x08005735   Thumb Code   122  inv_mpu.o(i.mpu_read_mem)
    mpu_reset_fifo                           0x080057b5   Thumb Code   438  inv_mpu.o(i.mpu_reset_fifo)
    mpu_run_self_test                        0x08005971   Thumb Code   278  inv_mpu.o(i.mpu_run_self_test)
    mpu_set_accel_fsr                        0x08005a8d   Thumb Code   126  inv_mpu.o(i.mpu_set_accel_fsr)
    mpu_set_bypass                           0x08005b11   Thumb Code   328  inv_mpu.o(i.mpu_set_bypass)
    mpu_set_dmp_state                        0x08005c5d   Thumb Code   138  inv_mpu.o(i.mpu_set_dmp_state)
    mpu_set_gyro_fsr                         0x08005ced   Thumb Code   132  inv_mpu.o(i.mpu_set_gyro_fsr)
    mpu_set_int_latched                      0x08005d75   Thumb Code   102  inv_mpu.o(i.mpu_set_int_latched)
    mpu_set_lpf                              0x08005de1   Thumb Code   126  inv_mpu.o(i.mpu_set_lpf)
    mpu_set_sample_rate                      0x08005e65   Thumb Code   152  inv_mpu.o(i.mpu_set_sample_rate)
    mpu_set_sensors                          0x08005f01   Thumb Code   202  inv_mpu.o(i.mpu_set_sensors)
    mpu_write_mem                            0x08005fd1   Thumb Code   122  inv_mpu.o(i.mpu_write_mem)
    myget_ms                                 0x08006051   Thumb Code     2  inv_mpu.o(i.myget_ms)
    round                                    0x08006055   Thumb Code   136  round.o(i.round)
    sqrt                                     0x08006235   Thumb Code    76  sqrt.o(i.sqrt)
    uart_init                                0x08006281   Thumb Code   152  usart.o(i.uart_init)
    xiaochekongzhi                           0x08006321   Thumb Code   234  xiaochekongzhi.o(i.xiaochekongzhi)
    yidongtubiao                             0x08006455   Thumb Code   858  xiaochekongzhi.o(i.yidongtubiao)
    _get_lc_numeric                          0x08006815   Thumb Code    44  lc_numeric_c.o(locale$$code)
    __aeabi_d2f                              0x08006841   Thumb Code     0  d2f.o(x$fpl$d2f)
    _d2f                                     0x08006841   Thumb Code    98  d2f.o(x$fpl$d2f)
    __aeabi_dadd                             0x080068a5   Thumb Code     0  daddsub_clz.o(x$fpl$dadd)
    _dadd                                    0x080068a5   Thumb Code   332  daddsub_clz.o(x$fpl$dadd)
    __fpl_dcheck_NaN1                        0x080069f5   Thumb Code    10  dcheck1.o(x$fpl$dcheck1)
    __fpl_dcmp_Inf                           0x08006a05   Thumb Code    24  dcmpi.o(x$fpl$dcmpinf)
    __aeabi_ddiv                             0x08006a1d   Thumb Code     0  ddiv.o(x$fpl$ddiv)
    _ddiv                                    0x08006a1d   Thumb Code   552  ddiv.o(x$fpl$ddiv)
    __aeabi_d2iz                             0x08006ccd   Thumb Code     0  dfix.o(x$fpl$dfix)
    _dfix                                    0x08006ccd   Thumb Code    94  dfix.o(x$fpl$dfix)
    __aeabi_cdcmple                          0x08006d2d   Thumb Code     0  dleqf.o(x$fpl$dleqf)
    _dcmple                                  0x08006d2d   Thumb Code   120  dleqf.o(x$fpl$dleqf)
    __fpl_dcmple_InfNaN                      0x08006d8f   Thumb Code     0  dleqf.o(x$fpl$dleqf)
    __aeabi_dmul                             0x08006da5   Thumb Code     0  dmul.o(x$fpl$dmul)
    _dmul                                    0x08006da5   Thumb Code   332  dmul.o(x$fpl$dmul)
    __fpl_dnaninf                            0x08006ef9   Thumb Code   156  dnaninf.o(x$fpl$dnaninf)
    __fpl_dretinf                            0x08006f95   Thumb Code    12  dretinf.o(x$fpl$dretinf)
    __aeabi_cdrcmple                         0x08006fa1   Thumb Code     0  drleqf.o(x$fpl$drleqf)
    _drcmple                                 0x08006fa1   Thumb Code   108  drleqf.o(x$fpl$drleqf)
    _drnd                                    0x0800700d   Thumb Code   180  drnd.o(x$fpl$drnd)
    __aeabi_drsub                            0x080070c1   Thumb Code     0  daddsub_clz.o(x$fpl$drsb)
    _drsb                                    0x080070c1   Thumb Code    22  daddsub_clz.o(x$fpl$drsb)
    _dsqrt                                   0x080070d9   Thumb Code   456  dsqrt_noumaal.o(x$fpl$dsqrt)
    __aeabi_dsub                             0x080072a5   Thumb Code     0  daddsub_clz.o(x$fpl$dsub)
    _dsub                                    0x080072a5   Thumb Code   464  daddsub_clz.o(x$fpl$dsub)
    __aeabi_f2d                              0x08007479   Thumb Code     0  f2d.o(x$fpl$f2d)
    _f2d                                     0x08007479   Thumb Code    86  f2d.o(x$fpl$f2d)
    __aeabi_fadd                             0x080074d1   Thumb Code     0  faddsub_clz.o(x$fpl$fadd)
    _fadd                                    0x080074d1   Thumb Code   196  faddsub_clz.o(x$fpl$fadd)
    __fpl_fcmp_Inf                           0x08007595   Thumb Code    24  fcmpi.o(x$fpl$fcmpinf)
    __aeabi_fdiv                             0x080075ad   Thumb Code     0  fdiv.o(x$fpl$fdiv)
    _fdiv                                    0x080075ad   Thumb Code   384  fdiv.o(x$fpl$fdiv)
    __aeabi_cfcmpeq                          0x08007731   Thumb Code     0  feqf.o(x$fpl$feqf)
    _fcmpeq                                  0x08007731   Thumb Code   104  feqf.o(x$fpl$feqf)
    __aeabi_f2iz                             0x08007799   Thumb Code     0  ffix.o(x$fpl$ffix)
    _ffix                                    0x08007799   Thumb Code    54  ffix.o(x$fpl$ffix)
    __aeabi_f2uiz                            0x080077d1   Thumb Code     0  ffixu.o(x$fpl$ffixu)
    _ffixu                                   0x080077d1   Thumb Code    62  ffixu.o(x$fpl$ffixu)
    __aeabi_i2f                              0x08007811   Thumb Code     0  fflt_clz.o(x$fpl$fflt)
    _fflt                                    0x08007811   Thumb Code    48  fflt_clz.o(x$fpl$fflt)
    __aeabi_ui2f                             0x08007841   Thumb Code     0  fflt_clz.o(x$fpl$ffltu)
    _ffltu                                   0x08007841   Thumb Code    38  fflt_clz.o(x$fpl$ffltu)
    __aeabi_cfcmple                          0x08007869   Thumb Code     0  fleqf.o(x$fpl$fleqf)
    _fcmple                                  0x08007869   Thumb Code   104  fleqf.o(x$fpl$fleqf)
    __fpl_fcmple_InfNaN                      0x080078bb   Thumb Code     0  fleqf.o(x$fpl$fleqf)
    __aeabi_fmul                             0x080078d1   Thumb Code     0  fmul.o(x$fpl$fmul)
    _fmul                                    0x080078d1   Thumb Code   258  fmul.o(x$fpl$fmul)
    __fpl_fnaninf                            0x080079d3   Thumb Code   140  fnaninf.o(x$fpl$fnaninf)
    __fpl_fretinf                            0x08007a5f   Thumb Code    10  fretinf.o(x$fpl$fretinf)
    __aeabi_cfrcmple                         0x08007a69   Thumb Code     0  frleqf.o(x$fpl$frleqf)
    _frcmple                                 0x08007a69   Thumb Code    98  frleqf.o(x$fpl$frleqf)
    __aeabi_fsub                             0x08007acd   Thumb Code     0  faddsub_clz.o(x$fpl$fsub)
    _fsub                                    0x08007acd   Thumb Code   234  faddsub_clz.o(x$fpl$fsub)
    _printf_fp_dec                           0x08007bb7   Thumb Code     4  printf1.o(x$fpl$printf1)
    __fpl_return_NaN                         0x08007bbb   Thumb Code   100  retnan.o(x$fpl$retnan)
    __ARM_scalbn                             0x08007c1f   Thumb Code    92  scalbn.o(x$fpl$scalbn)
    __fpl_cmpreturn                          0x08007c7b   Thumb Code    48  trapv.o(x$fpl$trapveneer)
    TX_ADDRESS                               0x08007caa   Data           5  nrf24l01.o(.constdata)
    __I$use$fp                               0x08007caa   Number         0  usenofp.o(x$fpl$usenofp)
    RX_ADDRESS                               0x08007caf   Data           5  nrf24l01.o(.constdata)
    hw                                       0x08007cb4   Data          12  inv_mpu.o(.constdata)
    reg                                      0x08007cc0   Data          27  inv_mpu.o(.constdata)
    test                                     0x08007cdc   Data          40  inv_mpu.o(.constdata)
    OLED_F8x16                               0x080088fa   Data        1520  oled_data.o(.constdata)
    OLED_F6x8                                0x08008eea   Data         570  oled_data.o(.constdata)
    OLED_CF16x16                             0x08009124   Data         525  oled_data.o(.constdata)
    shizitubiao                              0x08009331   Data        1016  oled_data.o(.constdata)
    zuo1                                     0x08009729   Data        1016  oled_data.o(.constdata)
    zuo2                                     0x08009b21   Data        1016  oled_data.o(.constdata)
    zuo3                                     0x08009f19   Data        1016  oled_data.o(.constdata)
    xia1                                     0x0800a311   Data        1016  oled_data.o(.constdata)
    xia2                                     0x0800a709   Data        1016  oled_data.o(.constdata)
    xia3                                     0x0800ab01   Data        1016  oled_data.o(.constdata)
    you1                                     0x0800aef9   Data        1016  oled_data.o(.constdata)
    you2                                     0x0800b2f1   Data        1016  oled_data.o(.constdata)
    you3                                     0x0800b6e9   Data        1016  oled_data.o(.constdata)
    shang1                                   0x0800bae1   Data        1016  oled_data.o(.constdata)
    shang2                                   0x0800bed9   Data        1016  oled_data.o(.constdata)
    shang3                                   0x0800c2d1   Data        1016  oled_data.o(.constdata)
    XIAOLIAN                                 0x0800c6c9   Data         512  oled_data.o(.constdata)
    Diode                                    0x0800c8c9   Data          32  oled_data.o(.constdata)
    WEIXIAO                                  0x0800c8e9   Data         200  oled_data.o(.constdata)
    bukaixin                                 0x0800c9b1   Data         200  oled_data.o(.constdata)
    ling                                     0x0800ca79   Data         108  oled_data.o(.constdata)
    yi                                       0x0800cae5   Data         108  oled_data.o(.constdata)
    er                                       0x0800cb51   Data         108  oled_data.o(.constdata)
    san                                      0x0800cbbd   Data         108  oled_data.o(.constdata)
    si                                       0x0800cc29   Data         108  oled_data.o(.constdata)
    wu                                       0x0800cc95   Data         108  oled_data.o(.constdata)
    liu                                      0x0800cd01   Data         108  oled_data.o(.constdata)
    qi                                       0x0800cd6d   Data         108  oled_data.o(.constdata)
    ba                                       0x0800cdd9   Data         108  oled_data.o(.constdata)
    jiu                                      0x0800ce45   Data         108  oled_data.o(.constdata)
    zhangchuang                              0x0800ceb1   Data         108  oled_data.o(.constdata)
    zonghe                                   0x0800cf1d   Data        1188  oled_data.o(.constdata)
    yiban1                                   0x0800d3c1   Data          24  oled_data.o(.constdata)
    __mathlib_zero                           0x0800d4d8   Data           8  qnan.o(.constdata)
    Region$$Table$$Base                      0x0800d5c4   Number         0  anon$$obj.o(Region$$Table)
    Region$$Table$$Limit                     0x0800d5e4   Number         0  anon$$obj.o(Region$$Table)
    SystemCoreClock                          0x20000000   Data           4  system_stm32f10x.o(.data)
    AHBPrescTable                            0x20000004   Data          16  system_stm32f10x.o(.data)
    __stdout                                 0x20000028   Data           4  usart.o(.data)
    USART_RX_STA                             0x2000002c   Data           2  usart.o(.data)
    gyro                                     0x20000034   Data           6  mpu6050.o(.data)
    accel                                    0x2000003a   Data           6  mpu6050.o(.data)
    sensors                                  0x20000040   Data           2  mpu6050.o(.data)
    q0                                       0x20000044   Data           4  mpu6050.o(.data)
    q1                                       0x20000048   Data           4  mpu6050.o(.data)
    q2                                       0x2000004c   Data           4  mpu6050.o(.data)
    q3                                       0x20000050   Data           4  mpu6050.o(.data)
    Gx_offset                                0x2000005e   Data           2  mpu6050.o(.data)
    Gy_offset                                0x20000060   Data           2  mpu6050.o(.data)
    Gz_offset                                0x20000062   Data           2  mpu6050.o(.data)
    Pitch                                    0x20000090   Data           4  xiaochekongzhi.o(.data)
    Roll                                     0x20000094   Data           4  xiaochekongzhi.o(.data)
    Yaw                                      0x20000098   Data           4  xiaochekongzhi.o(.data)
    xpitch                                   0x2000009c   Data           4  xiaochekongzhi.o(.data)
    xroll                                    0x200000a0   Data           4  xiaochekongzhi.o(.data)
    xyaw                                     0x200000a4   Data           4  xiaochekongzhi.o(.data)
    ypitch                                   0x200000a8   Data           4  xiaochekongzhi.o(.data)
    yroll                                    0x200000ac   Data           4  xiaochekongzhi.o(.data)
    yyaw                                     0x200000b0   Data           4  xiaochekongzhi.o(.data)
    P                                        0x200000b4   Data           2  xiaochekongzhi.o(.data)
    WENSHIDU_P                               0x200000b6   Data           1  xiaochekongzhi.o(.data)
    KeyNum                                   0x200000b7   Data           1  xiaochekongzhi.o(.data)
    chary                                    0x200000b8   Data           9  main.o(.data)
    wenshidu                                 0x200000c1   Data           4  main.o(.data)
    C                                        0x200000c6   Data           2  main.o(.data)
    o                                        0x200000c8   Data           2  main.o(.data)
    USART_RX_BUF                             0x200000cc   Data         200  usart.o(.bss)
    OLED_DisplayBuf                          0x20000194   Data        1024  oled.o(.bss)
    __libspace_start                         0x200005a4   Data          96  libspace.o(.bss)
    __temporary_stack_top$libspace           0x20000604   Data           0  libspace.o(.bss)



==============================================================================

Memory Map of the image

  Image Entry point : 0x080000ed

  Load Region LR_IROM1 (Base: 0x08000000, Size: 0x0000d6cc, Max: 0x00010000, ABSOLUTE)

    Execution Region ER_IROM1 (Exec base: 0x08000000, Load base: 0x08000000, Size: 0x0000d600, Max: 0x00010000, ABSOLUTE)

    Exec Addr    Load Addr    Size         Type   Attr      Idx    E Section Name        Object

    0x08000000   0x08000000   0x000000ec   Data   RO            3    RESET               startup_stm32f10x_md.o
    0x080000ec   0x080000ec   0x00000008   Code   RO         4841  * !!!main             c_w.l(__main.o)
    0x080000f4   0x080000f4   0x00000034   Code   RO         5305    !!!scatter          c_w.l(__scatter.o)
    0x08000128   0x08000128   0x0000001a   Code   RO         5307    !!handler_copy      c_w.l(__scatter_copy.o)
    0x08000142   0x08000142   0x00000002   PAD
    0x08000144   0x08000144   0x0000001c   Code   RO         5309    !!handler_zi        c_w.l(__scatter_zi.o)
    0x08000160   0x08000160   0x00000000   Code   RO         4832    .ARM.Collect$$_printf_percent$$00000000  c_w.l(_printf_percent.o)
    0x08000160   0x08000160   0x00000006   Code   RO         4831    .ARM.Collect$$_printf_percent$$00000003  c_w.l(_printf_f.o)
    0x08000166   0x08000166   0x00000006   Code   RO         4830    .ARM.Collect$$_printf_percent$$00000009  c_w.l(_printf_d.o)
    0x0800016c   0x0800016c   0x00000004   Code   RO         4999    .ARM.Collect$$_printf_percent$$00000017  c_w.l(_printf_percent_end.o)
    0x08000170   0x08000170   0x00000002   Code   RO         5171    .ARM.Collect$$libinit$$00000000  c_w.l(libinit.o)
    0x08000172   0x08000172   0x00000000   Code   RO         5173    .ARM.Collect$$libinit$$00000002  c_w.l(libinit2.o)
    0x08000172   0x08000172   0x00000000   Code   RO         5175    .ARM.Collect$$libinit$$00000004  c_w.l(libinit2.o)
    0x08000172   0x08000172   0x00000000   Code   RO         5178    .ARM.Collect$$libinit$$0000000A  c_w.l(libinit2.o)
    0x08000172   0x08000172   0x00000000   Code   RO         5180    .ARM.Collect$$libinit$$0000000C  c_w.l(libinit2.o)
    0x08000172   0x08000172   0x00000000   Code   RO         5182    .ARM.Collect$$libinit$$0000000E  c_w.l(libinit2.o)
    0x08000172   0x08000172   0x00000006   Code   RO         5183    .ARM.Collect$$libinit$$0000000F  c_w.l(libinit2.o)
    0x08000178   0x08000178   0x00000000   Code   RO         5185    .ARM.Collect$$libinit$$00000011  c_w.l(libinit2.o)
    0x08000178   0x08000178   0x00000000   Code   RO         5187    .ARM.Collect$$libinit$$00000013  c_w.l(libinit2.o)
    0x08000178   0x08000178   0x00000000   Code   RO         5189    .ARM.Collect$$libinit$$00000015  c_w.l(libinit2.o)
    0x08000178   0x08000178   0x0000000a   Code   RO         5190    .ARM.Collect$$libinit$$00000016  c_w.l(libinit2.o)
    0x08000182   0x08000182   0x00000000   Code   RO         5191    .ARM.Collect$$libinit$$00000017  c_w.l(libinit2.o)
    0x08000182   0x08000182   0x00000000   Code   RO         5193    .ARM.Collect$$libinit$$00000019  c_w.l(libinit2.o)
    0x08000182   0x08000182   0x00000000   Code   RO         5195    .ARM.Collect$$libinit$$0000001B  c_w.l(libinit2.o)
    0x08000182   0x08000182   0x00000000   Code   RO         5197    .ARM.Collect$$libinit$$0000001D  c_w.l(libinit2.o)
    0x08000182   0x08000182   0x00000000   Code   RO         5199    .ARM.Collect$$libinit$$0000001F  c_w.l(libinit2.o)
    0x08000182   0x08000182   0x00000000   Code   RO         5201    .ARM.Collect$$libinit$$00000021  c_w.l(libinit2.o)
    0x08000182   0x08000182   0x00000000   Code   RO         5203    .ARM.Collect$$libinit$$00000023  c_w.l(libinit2.o)
    0x08000182   0x08000182   0x00000000   Code   RO         5205    .ARM.Collect$$libinit$$00000025  c_w.l(libinit2.o)
    0x08000182   0x08000182   0x00000000   Code   RO         5209    .ARM.Collect$$libinit$$0000002C  c_w.l(libinit2.o)
    0x08000182   0x08000182   0x00000000   Code   RO         5211    .ARM.Collect$$libinit$$0000002E  c_w.l(libinit2.o)
    0x08000182   0x08000182   0x00000000   Code   RO         5213    .ARM.Collect$$libinit$$00000030  c_w.l(libinit2.o)
    0x08000182   0x08000182   0x00000000   Code   RO         5215    .ARM.Collect$$libinit$$00000032  c_w.l(libinit2.o)
    0x08000182   0x08000182   0x00000002   Code   RO         5216    .ARM.Collect$$libinit$$00000033  c_w.l(libinit2.o)
    0x08000184   0x08000184   0x00000002   Code   RO         5265    .ARM.Collect$$libshutdown$$00000000  c_w.l(libshutdown.o)
    0x08000186   0x08000186   0x00000000   Code   RO         5274    .ARM.Collect$$libshutdown$$00000002  c_w.l(libshutdown2.o)
    0x08000186   0x08000186   0x00000000   Code   RO         5276    .ARM.Collect$$libshutdown$$00000004  c_w.l(libshutdown2.o)
    0x08000186   0x08000186   0x00000000   Code   RO         5279    .ARM.Collect$$libshutdown$$00000007  c_w.l(libshutdown2.o)
    0x08000186   0x08000186   0x00000000   Code   RO         5282    .ARM.Collect$$libshutdown$$0000000A  c_w.l(libshutdown2.o)
    0x08000186   0x08000186   0x00000000   Code   RO         5284    .ARM.Collect$$libshutdown$$0000000C  c_w.l(libshutdown2.o)
    0x08000186   0x08000186   0x00000000   Code   RO         5287    .ARM.Collect$$libshutdown$$0000000F  c_w.l(libshutdown2.o)
    0x08000186   0x08000186   0x00000002   Code   RO         5288    .ARM.Collect$$libshutdown$$00000010  c_w.l(libshutdown2.o)
    0x08000188   0x08000188   0x00000000   Code   RO         4933    .ARM.Collect$$rtentry$$00000000  c_w.l(__rtentry.o)
    0x08000188   0x08000188   0x00000000   Code   RO         5072    .ARM.Collect$$rtentry$$00000002  c_w.l(__rtentry2.o)
    0x08000188   0x08000188   0x00000006   Code   RO         5084    .ARM.Collect$$rtentry$$00000004  c_w.l(__rtentry4.o)
    0x0800018e   0x0800018e   0x00000000   Code   RO         5074    .ARM.Collect$$rtentry$$00000009  c_w.l(__rtentry2.o)
    0x0800018e   0x0800018e   0x00000004   Code   RO         5075    .ARM.Collect$$rtentry$$0000000A  c_w.l(__rtentry2.o)
    0x08000192   0x08000192   0x00000000   Code   RO         5077    .ARM.Collect$$rtentry$$0000000C  c_w.l(__rtentry2.o)
    0x08000192   0x08000192   0x00000008   Code   RO         5078    .ARM.Collect$$rtentry$$0000000D  c_w.l(__rtentry2.o)
    0x0800019a   0x0800019a   0x00000002   Code   RO         5219    .ARM.Collect$$rtexit$$00000000  c_w.l(rtexit.o)
    0x0800019c   0x0800019c   0x00000000   Code   RO         5235    .ARM.Collect$$rtexit$$00000002  c_w.l(rtexit2.o)
    0x0800019c   0x0800019c   0x00000004   Code   RO         5236    .ARM.Collect$$rtexit$$00000003  c_w.l(rtexit2.o)
    0x080001a0   0x080001a0   0x00000006   Code   RO         5237    .ARM.Collect$$rtexit$$00000004  c_w.l(rtexit2.o)
    0x080001a6   0x080001a6   0x00000002   PAD
    0x080001a8   0x080001a8   0x00000040   Code   RO            4    .text               startup_stm32f10x_md.o
    0x080001e8   0x080001e8   0x00000002   Code   RO         4796    .text               c_w.l(use_no_semi_2.o)
    0x080001ea   0x080001ea   0x00000048   Code   RO         4798    .text               c_w.l(llsdiv.o)
    0x08000232   0x08000232   0x00000002   PAD
    0x08000234   0x08000234   0x00000018   Code   RO         4802    .text               c_w.l(__2printf.o)
    0x0800024c   0x0800024c   0x00000078   Code   RO         4808    .text               c_w.l(_printf_dec.o)
    0x080002c4   0x080002c4   0x00000188   Code   RO         4827    .text               c_w.l(__printf_flags_ss_wp.o)
    0x0800044c   0x0800044c   0x00000058   Code   RO         4833    .text               c_w.l(memcmp.o)
    0x080004a4   0x080004a4   0x00000010   Code   RO         4835    .text               c_w.l(aeabi_memset.o)
    0x080004b4   0x080004b4   0x00000080   Code   RO         4837    .text               c_w.l(strcmpv7m.o)
    0x08000534   0x08000534   0x00000006   Code   RO         4839    .text               c_w.l(heapauxi.o)
    0x0800053a   0x0800053a   0x00000002   Code   RO         4931    .text               c_w.l(use_no_semi.o)
    0x0800053c   0x0800053c   0x000000ee   Code   RO         4934    .text               c_w.l(lludivv7m.o)
    0x0800062a   0x0800062a   0x00000016   Code   RO         4936    .text               c_w.l(_rserrno.o)
    0x08000640   0x08000640   0x000000b2   Code   RO         4944    .text               c_w.l(_printf_intcommon.o)
    0x080006f2   0x080006f2   0x0000041e   Code   RO         4948    .text               c_w.l(_printf_fp_dec.o)
    0x08000b10   0x08000b10   0x00000030   Code   RO         4950    .text               c_w.l(_printf_char_common.o)
    0x08000b40   0x08000b40   0x00000024   Code   RO         4954    .text               c_w.l(_printf_char_file.o)
    0x08000b64   0x08000b64   0x00000044   Code   RO         5009    .text               c_w.l(rt_memclr.o)
    0x08000ba8   0x08000ba8   0x00000008   Code   RO         5093    .text               c_w.l(rt_locale_intlibspace.o)
    0x08000bb0   0x08000bb0   0x00000008   Code   RO         5098    .text               c_w.l(rt_errno_addr_intlibspace.o)
    0x08000bb8   0x08000bb8   0x0000008a   Code   RO         5100    .text               c_w.l(lludiv10.o)
    0x08000c42   0x08000c42   0x00000002   PAD
    0x08000c44   0x08000c44   0x00000080   Code   RO         5105    .text               c_w.l(_printf_fp_infnan.o)
    0x08000cc4   0x08000cc4   0x000000e4   Code   RO         5113    .text               c_w.l(bigflt0.o)
    0x08000da8   0x08000da8   0x00000008   Code   RO         5138    .text               c_w.l(ferror.o)
    0x08000db0   0x08000db0   0x0000004e   Code   RO         5147    .text               c_w.l(rt_memclr_w.o)
    0x08000dfe   0x08000dfe   0x00000002   PAD
    0x08000e00   0x08000e00   0x00000008   Code   RO         5155    .text               c_w.l(libspace.o)
    0x08000e08   0x08000e08   0x0000004a   Code   RO         5158    .text               c_w.l(sys_stackheap_outer.o)
    0x08000e52   0x08000e52   0x00000012   Code   RO         5164    .text               c_w.l(exit.o)
    0x08000e64   0x08000e64   0x0000003e   Code   RO         5116    CL$$btod_d2e        c_w.l(btod.o)
    0x08000ea2   0x08000ea2   0x00000046   Code   RO         5118    CL$$btod_d2e_denorm_low  c_w.l(btod.o)
    0x08000ee8   0x08000ee8   0x00000060   Code   RO         5117    CL$$btod_d2e_norm_op1  c_w.l(btod.o)
    0x08000f48   0x08000f48   0x00000338   Code   RO         5126    CL$$btod_div_common  c_w.l(btod.o)
    0x08001280   0x08001280   0x000000dc   Code   RO         5123    CL$$btod_e2e        c_w.l(btod.o)
    0x0800135c   0x0800135c   0x0000002a   Code   RO         5120    CL$$btod_ediv       c_w.l(btod.o)
    0x08001386   0x08001386   0x0000002a   Code   RO         5119    CL$$btod_emul       c_w.l(btod.o)
    0x080013b0   0x080013b0   0x00000244   Code   RO         5125    CL$$btod_mult_common  c_w.l(btod.o)
    0x080015f4   0x080015f4   0x00000004   Code   RO         4731    i.BusFault_Handler  stm32f10x_it.o
    0x080015f8   0x080015f8   0x00000210   Code   RO         3618    i.DMP_Init          mpu6050.o
    0x08001808   0x08001808   0x00000002   Code   RO         4732    i.DebugMon_Handler  stm32f10x_it.o
    0x0800180a   0x0800180a   0x00000116   Code   RO         1347    i.GPIO_Init         stm32f10x_gpio.o
    0x08001920   0x08001920   0x00000012   Code   RO         1351    i.GPIO_ReadInputDataBit  stm32f10x_gpio.o
    0x08001932   0x08001932   0x00000004   Code   RO         1354    i.GPIO_ResetBits    stm32f10x_gpio.o
    0x08001936   0x08001936   0x00000004   Code   RO         1355    i.GPIO_SetBits      stm32f10x_gpio.o
    0x0800193a   0x0800193a   0x0000000a   Code   RO         1358    i.GPIO_WriteBit     stm32f10x_gpio.o
    0x08001944   0x08001944   0x00000004   Code   RO         4733    i.HardFault_Handler  stm32f10x_it.o
    0x08001948   0x08001948   0x00000046   Code   RO         4365    i.I2C_ReadOneByte   iic.o
    0x0800198e   0x0800198e   0x00000002   PAD
    0x08001990   0x08001990   0x0000004c   Code   RO         4366    i.IIC_Ack           iic.o
    0x080019dc   0x080019dc   0x0000000a   Code   RO         4367    i.IIC_Delay         iic.o
    0x080019e6   0x080019e6   0x00000002   PAD
    0x080019e8   0x080019e8   0x00000038   Code   RO         4368    i.IIC_Init          iic.o
    0x08001a20   0x08001a20   0x0000004c   Code   RO         4369    i.IIC_NAck          iic.o
    0x08001a6c   0x08001a6c   0x0000006c   Code   RO         4370    i.IIC_Read_Byte     iic.o
    0x08001ad8   0x08001ad8   0x00000070   Code   RO         4371    i.IIC_Send_Byte     iic.o
    0x08001b48   0x08001b48   0x00000068   Code   RO         4372    i.IIC_Start         iic.o
    0x08001bb0   0x08001bb0   0x00000048   Code   RO         4373    i.IIC_Stop          iic.o
    0x08001bf8   0x08001bf8   0x00000068   Code   RO         4374    i.IIC_Wait_Ack      iic.o
    0x08001c60   0x08001c60   0x00000016   Code   RO         4375    i.IICreadByte       iic.o
    0x08001c76   0x08001c76   0x00000040   Code   RO         4377    i.IICwriteBit       iic.o
    0x08001cb6   0x08001cb6   0x0000006a   Code   RO         4378    i.IICwriteBits      iic.o
    0x08001d20   0x08001d20   0x00000014   Code   RO         4379    i.IICwriteByte      iic.o
    0x08001d34   0x08001d34   0x00000046   Code   RO         4380    i.IICwriteBytes     iic.o
    0x08001d7a   0x08001d7a   0x00000002   PAD
    0x08001d7c   0x08001d7c   0x00000040   Code   RO         3342    i.Key_GetNum        key.o
    0x08001dbc   0x08001dbc   0x0000002c   Code   RO         3343    i.Key_Init          key.o
    0x08001de8   0x08001de8   0x00000010   Code   RO         3312    i.LED1_OFF          led.o
    0x08001df8   0x08001df8   0x00000010   Code   RO         3313    i.LED1_ON           led.o
    0x08001e08   0x08001e08   0x00000034   Code   RO         3315    i.LED_Init          led.o
    0x08001e3c   0x08001e3c   0x00000028   Code   RO         3621    i.MPU6050_initialize  mpu6050.o
    0x08001e64   0x08001e64   0x00000014   Code   RO         3623    i.MPU6050_setClockSource  mpu6050.o
    0x08001e78   0x08001e78   0x00000014   Code   RO         3624    i.MPU6050_setFullScaleAccelRange  mpu6050.o
    0x08001e8c   0x08001e8c   0x00000014   Code   RO         3625    i.MPU6050_setFullScaleGyroRange  mpu6050.o
    0x08001ea0   0x08001ea0   0x00000012   Code   RO         3626    i.MPU6050_setI2CBypassEnabled  mpu6050.o
    0x08001eb2   0x08001eb2   0x00000012   Code   RO         3627    i.MPU6050_setI2CMasterModeEnabled  mpu6050.o
    0x08001ec4   0x08001ec4   0x00000012   Code   RO         3628    i.MPU6050_setSleepEnabled  mpu6050.o
    0x08001ed6   0x08001ed6   0x00000004   Code   RO         4734    i.MemManage_Handler  stm32f10x_it.o
    0x08001eda   0x08001eda   0x00000002   Code   RO         4735    i.NMI_Handler       stm32f10x_it.o
    0x08001edc   0x08001edc   0x00000070   Code   RO         3752    i.NRF24L01_Check    nrf24l01.o
    0x08001f4c   0x08001f4c   0x00000016   Code   RO         3755    i.NRF24L01_Init     nrf24l01.o
    0x08001f62   0x08001f62   0x00000002   PAD
    0x08001f64   0x08001f64   0x000000b0   Code   RO         3756    i.NRF24L01_Pin_Init  nrf24l01.o
    0x08002014   0x08002014   0x00000070   Code   RO         3757    i.NRF24L01_RT_Init  nrf24l01.o
    0x08002084   0x08002084   0x0000003a   Code   RO         3758    i.NRF24L01_Read_Buf  nrf24l01.o
    0x080020be   0x080020be   0x00000024   Code   RO         3759    i.NRF24L01_Read_Reg  nrf24l01.o
    0x080020e2   0x080020e2   0x0000003a   Code   RO         3760    i.NRF24L01_SendBuf  nrf24l01.o
    0x0800211c   0x0800211c   0x0000005c   Code   RO         3761    i.NRF24L01_SendTxBuf  nrf24l01.o
    0x08002178   0x08002178   0x00000038   Code   RO         3762    i.NRF24L01_Write_Buf  nrf24l01.o
    0x080021b0   0x080021b0   0x00000024   Code   RO         3763    i.NRF24L01_Write_Reg  nrf24l01.o
    0x080021d4   0x080021d4   0x00000070   Code   RO          137    i.NVIC_Init         misc.o
    0x08002244   0x08002244   0x00000028   Code   RO         3366    i.OLED_Clear        oled.o
    0x0800226c   0x0800226c   0x000000a8   Code   RO         3367    i.OLED_ClearArea    oled.o
    0x08002314   0x08002314   0x00000060   Code   RO         3375    i.OLED_GPIO_Init    oled.o
    0x08002374   0x08002374   0x0000003e   Code   RO         3377    i.OLED_I2C_SendByte  oled.o
    0x080023b2   0x080023b2   0x0000001c   Code   RO         3378    i.OLED_I2C_Start    oled.o
    0x080023ce   0x080023ce   0x00000016   Code   RO         3379    i.OLED_I2C_Stop     oled.o
    0x080023e4   0x080023e4   0x0000009a   Code   RO         3380    i.OLED_Init         oled.o
    0x0800247e   0x0800247e   0x00000022   Code   RO         3386    i.OLED_SetCursor    oled.o
    0x080024a0   0x080024a0   0x00000054   Code   RO         3388    i.OLED_ShowChar     oled.o
    0x080024f4   0x080024f4   0x0000009c   Code   RO         3389    i.OLED_ShowChinese  oled.o
    0x08002590   0x08002590   0x0000012c   Code   RO         3392    i.OLED_ShowImage    oled.o
    0x080026bc   0x080026bc   0x0000002e   Code   RO         3395    i.OLED_ShowString   oled.o
    0x080026ea   0x080026ea   0x00000002   PAD
    0x080026ec   0x080026ec   0x00000028   Code   RO         3396    i.OLED_Update       oled.o
    0x08002714   0x08002714   0x00000018   Code   RO         3398    i.OLED_W_SCL        oled.o
    0x0800272c   0x0800272c   0x00000018   Code   RO         3399    i.OLED_W_SDA        oled.o
    0x08002744   0x08002744   0x00000020   Code   RO         3400    i.OLED_WriteCommand  oled.o
    0x08002764   0x08002764   0x0000002e   Code   RO         3401    i.OLED_WriteData    oled.o
    0x08002792   0x08002792   0x00000002   Code   RO         4736    i.PendSV_Handler    stm32f10x_it.o
    0x08002794   0x08002794   0x00000020   Code   RO         1775    i.RCC_APB1PeriphClockCmd  stm32f10x_rcc.o
    0x080027b4   0x080027b4   0x00000020   Code   RO         1777    i.RCC_APB2PeriphClockCmd  stm32f10x_rcc.o
    0x080027d4   0x080027d4   0x000000d4   Code   RO         1785    i.RCC_GetClocksFreq  stm32f10x_rcc.o
    0x080028a8   0x080028a8   0x00000010   Code   RO         3764    i.R_IRQ             nrf24l01.o
    0x080028b8   0x080028b8   0x00000010   Code   RO         3765    i.R_MISO            nrf24l01.o
    0x080028c8   0x080028c8   0x0000025c   Code   RO         3630    i.Read_DMP          mpu6050.o
    0x08002b24   0x08002b24   0x00000042   Code   RO         3766    i.SPI_SwapByte      nrf24l01.o
    0x08002b66   0x08002b66   0x00000002   Code   RO         4737    i.SVC_Handler       stm32f10x_it.o
    0x08002b68   0x08002b68   0x00000008   Code   RO           24    i.SetSysClock       system_stm32f10x.o
    0x08002b70   0x08002b70   0x000000e0   Code   RO           25    i.SetSysClockTo72   system_stm32f10x.o
    0x08002c50   0x08002c50   0x00000028   Code   RO          141    i.SysTick_CLKSourceConfig  misc.o
    0x08002c78   0x08002c78   0x00000002   Code   RO         4738    i.SysTick_Handler   stm32f10x_it.o
    0x08002c7a   0x08002c7a   0x00000002   PAD
    0x08002c7c   0x08002c7c   0x00000060   Code   RO           27    i.SystemInit        system_stm32f10x.o
    0x08002cdc   0x08002cdc   0x0000005c   Code   RO         4479    i.TIM2_Getsample_Int  time.o
    0x08002d38   0x08002d38   0x0000009c   Code   RO         4480    i.TIM2_IRQHandler   time.o
    0x08002dd4   0x08002dd4   0x00000006   Code   RO         2416    i.TIM_ClearITPendingBit  stm32f10x_tim.o
    0x08002dda   0x08002dda   0x00000018   Code   RO         2421    i.TIM_Cmd           stm32f10x_tim.o
    0x08002df2   0x08002df2   0x00000022   Code   RO         2442    i.TIM_GetITStatus   stm32f10x_tim.o
    0x08002e14   0x08002e14   0x00000012   Code   RO         2446    i.TIM_ITConfig      stm32f10x_tim.o
    0x08002e26   0x08002e26   0x00000002   PAD
    0x08002e28   0x08002e28   0x000000a4   Code   RO         2492    i.TIM_TimeBaseInit  stm32f10x_tim.o
    0x08002ecc   0x08002ecc   0x00000088   Code   RO         3196    i.USART1_IRQHandler  usart.o
    0x08002f54   0x08002f54   0x00000018   Code   RO         2960    i.USART_Cmd         stm32f10x_usart.o
    0x08002f6c   0x08002f6c   0x00000054   Code   RO         2964    i.USART_GetITStatus  stm32f10x_usart.o
    0x08002fc0   0x08002fc0   0x0000004a   Code   RO         2966    i.USART_ITConfig    stm32f10x_usart.o
    0x0800300a   0x0800300a   0x00000002   PAD
    0x0800300c   0x0800300c   0x000000d8   Code   RO         2967    i.USART_Init        stm32f10x_usart.o
    0x080030e4   0x080030e4   0x0000000a   Code   RO         2974    i.USART_ReceiveData  stm32f10x_usart.o
    0x080030ee   0x080030ee   0x00000004   Code   RO         4739    i.UsageFault_Handler  stm32f10x_it.o
    0x080030f2   0x080030f2   0x00000002   PAD
    0x080030f4   0x080030f4   0x00000014   Code   RO         3767    i.W_CE              nrf24l01.o
    0x08003108   0x08003108   0x00000014   Code   RO         3768    i.W_MOSI            nrf24l01.o
    0x0800311c   0x0800311c   0x00000014   Code   RO         3769    i.W_SCK             nrf24l01.o
    0x08003130   0x08003130   0x00000014   Code   RO         3770    i.W_SS              nrf24l01.o
    0x08003144   0x08003144   0x00000028   Code   RO         5058    i.__ARM_fpclassify  m_ws.l(fpclassify.o)
    0x0800316c   0x0800316c   0x000000aa   Code   RO         5060    i.__kernel_poly     m_ws.l(poly.o)
    0x08003216   0x08003216   0x00000006   Code   RO         5045    i.__mathlib_dbl_infnan  m_ws.l(dunder.o)
    0x0800321c   0x0800321c   0x00000004   Code   RO         5046    i.__mathlib_dbl_infnan2  m_ws.l(dunder.o)
    0x08003220   0x08003220   0x0000000c   Code   RO         5047    i.__mathlib_dbl_invalid  m_ws.l(dunder.o)
    0x0800322c   0x0800322c   0x00000010   Code   RO         5050    i.__mathlib_dbl_underflow  m_ws.l(dunder.o)
    0x0800323c   0x0800323c   0x0000000e   Code   RO         4820    i._is_digit         c_w.l(__printf_wp.o)
    0x0800324a   0x0800324a   0x00000004   Code   RO         3197    i._sys_exit         usart.o
    0x0800324e   0x0800324e   0x00000002   PAD
    0x08003250   0x08003250   0x000000a8   Code   RO         3881    i.accel_self_test   inv_mpu.o
    0x080032f8   0x080032f8   0x00000270   Code   RO         4912    i.asin              m_ws.l(asin.o)
    0x08003568   0x08003568   0x00000220   Code   RO         5035    i.atan              m_ws.l(atan.o)
    0x08003788   0x08003788   0x00000180   Code   RO         4922    i.atan2             m_ws.l(atan2.o)
    0x08003908   0x08003908   0x00000040   Code   RO         4517    i.chongzhi          xiaochekongzhi.o
    0x08003948   0x08003948   0x00000064   Code   RO         4183    i.decode_gesture    inv_mpu_dmp_motion_driver.o
    0x080039ac   0x080039ac   0x00000044   Code   RO         3264    i.delay_init        delay.o
    0x080039f0   0x080039f0   0x0000004c   Code   RO         3265    i.delay_ms          delay.o
    0x08003a3c   0x08003a3c   0x00000020   Code   RO         3266    i.delay_s           delay.o
    0x08003a5c   0x08003a5c   0x0000004c   Code   RO         3267    i.delay_us          delay.o
    0x08003aa8   0x08003aa8   0x0000003c   Code   RO         4184    i.dmp_enable_6x_lp_quat  inv_mpu_dmp_motion_driver.o
    0x08003ae4   0x08003ae4   0x0000021c   Code   RO         4185    i.dmp_enable_feature  inv_mpu_dmp_motion_driver.o
    0x08003d00   0x08003d00   0x00000058   Code   RO         4186    i.dmp_enable_gyro_cal  inv_mpu_dmp_motion_driver.o
    0x08003d58   0x08003d58   0x0000003c   Code   RO         4187    i.dmp_enable_lp_quat  inv_mpu_dmp_motion_driver.o
    0x08003d94   0x08003d94   0x00000018   Code   RO         4192    i.dmp_load_motion_driver_firmware  inv_mpu_dmp_motion_driver.o
    0x08003dac   0x08003dac   0x000001cc   Code   RO         4193    i.dmp_read_fifo     inv_mpu_dmp_motion_driver.o
    0x08003f78   0x08003f78   0x00000130   Code   RO         4196    i.dmp_set_accel_bias  inv_mpu_dmp_motion_driver.o
    0x080040a8   0x080040a8   0x00000070   Code   RO         4197    i.dmp_set_fifo_rate  inv_mpu_dmp_motion_driver.o
    0x08004118   0x08004118   0x00000130   Code   RO         4198    i.dmp_set_gyro_bias  inv_mpu_dmp_motion_driver.o
    0x08004248   0x08004248   0x00000138   Code   RO         4200    i.dmp_set_orientation  inv_mpu_dmp_motion_driver.o
    0x08004380   0x08004380   0x00000038   Code   RO         4203    i.dmp_set_shake_reject_thresh  inv_mpu_dmp_motion_driver.o
    0x080043b8   0x080043b8   0x00000026   Code   RO         4204    i.dmp_set_shake_reject_time  inv_mpu_dmp_motion_driver.o
    0x080043de   0x080043de   0x00000026   Code   RO         4205    i.dmp_set_shake_reject_timeout  inv_mpu_dmp_motion_driver.o
    0x08004404   0x08004404   0x00000046   Code   RO         4206    i.dmp_set_tap_axes  inv_mpu_dmp_motion_driver.o
    0x0800444a   0x0800444a   0x00000026   Code   RO         4207    i.dmp_set_tap_count  inv_mpu_dmp_motion_driver.o
    0x08004470   0x08004470   0x000001a0   Code   RO         4208    i.dmp_set_tap_thresh  inv_mpu_dmp_motion_driver.o
    0x08004610   0x08004610   0x00000026   Code   RO         4209    i.dmp_set_tap_time  inv_mpu_dmp_motion_driver.o
    0x08004636   0x08004636   0x00000026   Code   RO         4210    i.dmp_set_tap_time_multi  inv_mpu_dmp_motion_driver.o
    0x0800465c   0x0800465c   0x0000001c   Code   RO         3198    i.fputc             usart.o
    0x08004678   0x08004678   0x000000b4   Code   RO         3882    i.get_accel_prod_shift  inv_mpu.o
    0x0800472c   0x0800472c   0x00000470   Code   RO         3883    i.get_st_biases     inv_mpu.o
    0x08004b9c   0x08004b9c   0x00000110   Code   RO         3884    i.gyro_self_test    inv_mpu.o
    0x08004cac   0x08004cac   0x00000076   Code   RO         4381    i.i2cRead           iic.o
    0x08004d22   0x08004d22   0x00000060   Code   RO         4382    i.i2cWrite          iic.o
    0x08004d82   0x08004d82   0x00000028   Code   RO         3632    i.inv_orientation_matrix_to_scalar  mpu6050.o
    0x08004daa   0x08004daa   0x0000004e   Code   RO         3633    i.inv_row_2_scale   mpu6050.o
    0x08004df8   0x08004df8   0x0000011c   Code   RO         3268    i.kaijihuamian      delay.o
    0x08004f14   0x08004f14   0x00000050   Code   RO         4518    i.kongzhi_Init      xiaochekongzhi.o
    0x08004f64   0x08004f64   0x00000164   Code   RO         4679    i.main              main.o
    0x080050c8   0x080050c8   0x00000070   Code   RO         3885    i.mpu_configure_fifo  inv_mpu.o
    0x08005138   0x08005138   0x0000004c   Code   RO         3886    i.mpu_get_accel_fsr  inv_mpu.o
    0x08005184   0x08005184   0x00000054   Code   RO         3888    i.mpu_get_accel_sens  inv_mpu.o
    0x080051d8   0x080051d8   0x00000010   Code   RO         3893    i.mpu_get_fifo_config  inv_mpu.o
    0x080051e8   0x080051e8   0x00000044   Code   RO         3894    i.mpu_get_gyro_fsr  inv_mpu.o
    0x0800522c   0x0800522c   0x00000050   Code   RO         3896    i.mpu_get_gyro_sens  inv_mpu.o
    0x0800527c   0x0800527c   0x00000050   Code   RO         3898    i.mpu_get_lpf       inv_mpu.o
    0x080052cc   0x080052cc   0x00000020   Code   RO         3900    i.mpu_get_sample_rate  inv_mpu.o
    0x080052ec   0x080052ec   0x000001f0   Code   RO         3902    i.mpu_init          inv_mpu.o
    0x080054dc   0x080054dc   0x000000b8   Code   RO         3903    i.mpu_load_firmware  inv_mpu.o
    0x08005594   0x08005594   0x000000e0   Code   RO         3904    i.mpu_lp_accel_mode  inv_mpu.o
    0x08005674   0x08005674   0x000000c0   Code   RO         3907    i.mpu_read_fifo_stream  inv_mpu.o
    0x08005734   0x08005734   0x00000080   Code   RO         3908    i.mpu_read_mem      inv_mpu.o
    0x080057b4   0x080057b4   0x000001bc   Code   RO         3911    i.mpu_reset_fifo    inv_mpu.o
    0x08005970   0x08005970   0x0000011c   Code   RO         3912    i.mpu_run_self_test  inv_mpu.o
    0x08005a8c   0x08005a8c   0x00000084   Code   RO         3914    i.mpu_set_accel_fsr  inv_mpu.o
    0x08005b10   0x08005b10   0x0000014c   Code   RO         3915    i.mpu_set_bypass    inv_mpu.o
    0x08005c5c   0x08005c5c   0x00000090   Code   RO         3917    i.mpu_set_dmp_state  inv_mpu.o
    0x08005cec   0x08005cec   0x00000088   Code   RO         3918    i.mpu_set_gyro_fsr  inv_mpu.o
    0x08005d74   0x08005d74   0x0000006c   Code   RO         3919    i.mpu_set_int_latched  inv_mpu.o
    0x08005de0   0x08005de0   0x00000084   Code   RO         3921    i.mpu_set_lpf       inv_mpu.o
    0x08005e64   0x08005e64   0x0000009c   Code   RO         3922    i.mpu_set_sample_rate  inv_mpu.o
    0x08005f00   0x08005f00   0x000000d0   Code   RO         3923    i.mpu_set_sensors   inv_mpu.o
    0x08005fd0   0x08005fd0   0x00000080   Code   RO         3924    i.mpu_write_mem     inv_mpu.o
    0x08006050   0x08006050   0x00000002   Code   RO         3925    i.myget_ms          inv_mpu.o
    0x08006052   0x08006052   0x00000002   PAD
    0x08006054   0x08006054   0x00000094   Code   RO         4929    i.round             m_ws.l(round.o)
    0x080060e8   0x080060e8   0x000000bc   Code   RO         3634    i.run_self_test     mpu6050.o
    0x080061a4   0x080061a4   0x00000090   Code   RO         3926    i.set_int_enable    inv_mpu.o
    0x08006234   0x08006234   0x0000004c   Code   RO         5064    i.sqrt              m_ws.l(sqrt.o)
    0x08006280   0x08006280   0x000000a0   Code   RO         3199    i.uart_init         usart.o
    0x08006320   0x08006320   0x00000134   Code   RO         4519    i.xiaochekongzhi    xiaochekongzhi.o
    0x08006454   0x08006454   0x000003c0   Code   RO         4520    i.yidongtubiao      xiaochekongzhi.o
    0x08006814   0x08006814   0x0000002c   Code   RO         5145    locale$$code        c_w.l(lc_numeric_c.o)
    0x08006840   0x08006840   0x00000062   Code   RO         4843    x$fpl$d2f           fz_ws.l(d2f.o)
    0x080068a2   0x080068a2   0x00000002   PAD
    0x080068a4   0x080068a4   0x00000150   Code   RO         4845    x$fpl$dadd          fz_ws.l(daddsub_clz.o)
    0x080069f4   0x080069f4   0x00000010   Code   RO         5149    x$fpl$dcheck1       fz_ws.l(dcheck1.o)
    0x08006a04   0x08006a04   0x00000018   Code   RO         5011    x$fpl$dcmpinf       fz_ws.l(dcmpi.o)
    0x08006a1c   0x08006a1c   0x000002b0   Code   RO         4852    x$fpl$ddiv          fz_ws.l(ddiv.o)
    0x08006ccc   0x08006ccc   0x0000005e   Code   RO         4855    x$fpl$dfix          fz_ws.l(dfix.o)
    0x08006d2a   0x08006d2a   0x00000002   PAD
    0x08006d2c   0x08006d2c   0x00000078   Code   RO         4869    x$fpl$dleqf         fz_ws.l(dleqf.o)
    0x08006da4   0x08006da4   0x00000154   Code   RO         4871    x$fpl$dmul          fz_ws.l(dmul.o)
    0x08006ef8   0x08006ef8   0x0000009c   Code   RO         5013    x$fpl$dnaninf       fz_ws.l(dnaninf.o)
    0x08006f94   0x08006f94   0x0000000c   Code   RO         5015    x$fpl$dretinf       fz_ws.l(dretinf.o)
    0x08006fa0   0x08006fa0   0x0000006c   Code   RO         4873    x$fpl$drleqf        fz_ws.l(drleqf.o)
    0x0800700c   0x0800700c   0x000000b4   Code   RO         5017    x$fpl$drnd          fz_ws.l(drnd.o)
    0x080070c0   0x080070c0   0x00000016   Code   RO         4846    x$fpl$drsb          fz_ws.l(daddsub_clz.o)
    0x080070d6   0x080070d6   0x00000002   PAD
    0x080070d8   0x080070d8   0x000001cc   Code   RO         5151    x$fpl$dsqrt         fz_ws.l(dsqrt_noumaal.o)
    0x080072a4   0x080072a4   0x000001d4   Code   RO         4847    x$fpl$dsub          fz_ws.l(daddsub_clz.o)
    0x08007478   0x08007478   0x00000056   Code   RO         4875    x$fpl$f2d           fz_ws.l(f2d.o)
    0x080074ce   0x080074ce   0x00000002   PAD
    0x080074d0   0x080074d0   0x000000c4   Code   RO         4877    x$fpl$fadd          fz_ws.l(faddsub_clz.o)
    0x08007594   0x08007594   0x00000018   Code   RO         5019    x$fpl$fcmpinf       fz_ws.l(fcmpi.o)
    0x080075ac   0x080075ac   0x00000184   Code   RO         4884    x$fpl$fdiv          fz_ws.l(fdiv.o)
    0x08007730   0x08007730   0x00000068   Code   RO         4887    x$fpl$feqf          fz_ws.l(feqf.o)
    0x08007798   0x08007798   0x00000036   Code   RO         4889    x$fpl$ffix          fz_ws.l(ffix.o)
    0x080077ce   0x080077ce   0x00000002   PAD
    0x080077d0   0x080077d0   0x0000003e   Code   RO         4893    x$fpl$ffixu         fz_ws.l(ffixu.o)
    0x0800780e   0x0800780e   0x00000002   PAD
    0x08007810   0x08007810   0x00000030   Code   RO         4898    x$fpl$fflt          fz_ws.l(fflt_clz.o)
    0x08007840   0x08007840   0x00000026   Code   RO         4897    x$fpl$ffltu         fz_ws.l(fflt_clz.o)
    0x08007866   0x08007866   0x00000002   PAD
    0x08007868   0x08007868   0x00000068   Code   RO         4903    x$fpl$fleqf         fz_ws.l(fleqf.o)
    0x080078d0   0x080078d0   0x00000102   Code   RO         4905    x$fpl$fmul          fz_ws.l(fmul.o)
    0x080079d2   0x080079d2   0x0000008c   Code   RO         5021    x$fpl$fnaninf       fz_ws.l(fnaninf.o)
    0x08007a5e   0x08007a5e   0x0000000a   Code   RO         5023    x$fpl$fretinf       fz_ws.l(fretinf.o)
    0x08007a68   0x08007a68   0x00000062   Code   RO         4907    x$fpl$frleqf        fz_ws.l(frleqf.o)
    0x08007aca   0x08007aca   0x00000002   PAD
    0x08007acc   0x08007acc   0x000000ea   Code   RO         4879    x$fpl$fsub          fz_ws.l(faddsub_clz.o)
    0x08007bb6   0x08007bb6   0x00000004   Code   RO         4909    x$fpl$printf1       fz_ws.l(printf1.o)
    0x08007bba   0x08007bba   0x00000064   Code   RO         5217    x$fpl$retnan        fz_ws.l(retnan.o)
    0x08007c1e   0x08007c1e   0x0000005c   Code   RO         5031    x$fpl$scalbn        fz_ws.l(scalbn.o)
    0x08007c7a   0x08007c7a   0x00000030   Code   RO         5232    x$fpl$trapveneer    fz_ws.l(trapv.o)
    0x08007caa   0x08007caa   0x00000000   Code   RO         5033    x$fpl$usenofp       fz_ws.l(usenofp.o)
    0x08007caa   0x08007caa   0x0000000a   Data   RO         3771    .constdata          nrf24l01.o
    0x08007cb4   0x08007cb4   0x00000050   Data   RO         3927    .constdata          inv_mpu.o
    0x08007d04   0x08007d04   0x00000bf6   Data   RO         4212    .constdata          inv_mpu_dmp_motion_driver.o
    0x080088fa   0x080088fa   0x00004adf   Data   RO         4505    .constdata          oled_data.o
    0x0800d3d9   0x0800d3d9   0x00000011   Data   RO         4828    .constdata          c_w.l(__printf_flags_ss_wp.o)
    0x0800d3ea   0x0800d3ea   0x00000006   PAD
    0x0800d3f0   0x0800d3f0   0x00000050   Data   RO         4913    .constdata          m_ws.l(asin.o)
    0x0800d440   0x0800d440   0x00000098   Data   RO         5036    .constdata          m_ws.l(atan.o)
    0x0800d4d8   0x0800d4d8   0x00000008   Data   RO         5062    .constdata          m_ws.l(qnan.o)
    0x0800d4e0   0x0800d4e0   0x00000094   Data   RO         5114    .constdata          c_w.l(bigflt0.o)
    0x0800d574   0x0800d574   0x0000004e   Data   RO         3928    .conststring        inv_mpu.o
    0x0800d5c2   0x0800d5c2   0x00000002   PAD
    0x0800d5c4   0x0800d5c4   0x00000020   Data   RO         5303    Region$$Table       anon$$obj.o
    0x0800d5e4   0x0800d5e4   0x0000001c   Data   RO         5144    locale$$data        c_w.l(lc_numeric_c.o)


    Execution Region RW_IRAM1 (Exec base: 0x20000000, Load base: 0x0800d600, Size: 0x00000c08, Max: 0x00005000, ABSOLUTE)

    Exec Addr    Load Addr    Size         Type   Attr      Idx    E Section Name        Object

    0x20000000   0x0800d600   0x00000014   Data   RW           28    .data               system_stm32f10x.o
    0x20000014   0x0800d614   0x00000014   Data   RW         1805    .data               stm32f10x_rcc.o
    0x20000028   0x0800d628   0x00000006   Data   RW         3201    .data               usart.o
    0x2000002e   0x0800d62e   0x00000004   Data   RW         3269    .data               delay.o
    0x20000032   0x0800d632   0x00000002   PAD
    0x20000034   0x0800d634   0x00000030   Data   RW         3636    .data               mpu6050.o
    0x20000064   0x0800d664   0x0000002c   Data   RW         3929    .data               inv_mpu.o
    0x20000090   0x0800d690   0x00000028   Data   RW         4521    .data               xiaochekongzhi.o
    0x200000b8   0x0800d6b8   0x00000012   Data   RW         4680    .data               main.o
    0x200000ca   0x0800d6ca   0x00000002   PAD
    0x200000cc        -       0x000000c8   Zero   RW         3200    .bss                usart.o
    0x20000194        -       0x00000400   Zero   RW         3403    .bss                oled.o
    0x20000594        -       0x00000010   Zero   RW         4211    .bss                inv_mpu_dmp_motion_driver.o
    0x200005a4        -       0x00000060   Zero   RW         5156    .bss                c_w.l(libspace.o)
    0x20000604   0x0800d6ca   0x00000004   PAD
    0x20000608        -       0x00000200   Zero   RW            2    HEAP                startup_stm32f10x_md.o
    0x20000808        -       0x00000400   Zero   RW            1    STACK               startup_stm32f10x_md.o


==============================================================================

Image component sizes


      Code (inc. data)   RO Data    RW Data    ZI Data      Debug   Object Name

         0          0          0          0          0       4508   core_cm3.o
       536         54          0          4          0       2572   delay.o
      1284        104          0          0          0       9911   iic.o
      5878        280        158         44          0      25154   inv_mpu.o
      3096        122       3062          0         16      19298   inv_mpu_dmp_motion_driver.o
       108         12          0          0          0        924   key.o
        84         14          0          0          0       1212   led.o
       356         48          0         18          0       1209   main.o
       152         12          0          0          0     204626   misc.o
      1592        406          0         48          0      22701   mpu6050.o
       936         52         10          0          0       9473   nrf24l01.o
      1356         52          0          0       1024       9934   oled.o
         0          0      19167          0          0       2099   oled_data.o
        64         26        236          0       1536        792   startup_stm32f10x_md.o
         0          0          0          0          0       1632   stm32f10x_adc.o
       314          0          0          0          0      12152   stm32f10x_gpio.o
        26          0          0          0          0       3506   stm32f10x_it.o
       276         32          0         20          0      12806   stm32f10x_rcc.o
       246         42          0          0          0      23462   stm32f10x_tim.o
       408          6          0          0          0      10598   stm32f10x_usart.o
       328         28          0         20          0      45269   system_stm32f10x.o
       248         66          0          0          0       1059   time.o
       328         26          0          6        200       3796   usart.o
      1412        214          0         40          0       2751   xiaochekongzhi.o

    ----------------------------------------------------------------------
     19050       1596      22667        204       2776     431444   Object Totals
         0          0         32          0          0          0   (incl. Generated)
        22          0          2          4          0          0   (incl. Padding)

    ----------------------------------------------------------------------

      Code (inc. data)   RO Data    RW Data    ZI Data      Debug   Library Member Name

        24          4          0          0          0         84   __2printf.o
         8          0          0          0          0         68   __main.o
       392          4         17          0          0         92   __printf_flags_ss_wp.o
        14          0          0          0          0         68   __printf_wp.o
         0          0          0          0          0          0   __rtentry.o
        12          0          0          0          0          0   __rtentry2.o
         6          0          0          0          0          0   __rtentry4.o
        52          8          0          0          0          0   __scatter.o
        26          0          0          0          0          0   __scatter_copy.o
        28          0          0          0          0          0   __scatter_zi.o
        48          6          0          0          0         96   _printf_char_common.o
        36          4          0          0          0         80   _printf_char_file.o
         6          0          0          0          0          0   _printf_d.o
       120         16          0          0          0         92   _printf_dec.o
         6          0          0          0          0          0   _printf_f.o
      1054          0          0          0          0        216   _printf_fp_dec.o
       128         16          0          0          0         84   _printf_fp_infnan.o
       178          0          0          0          0         88   _printf_intcommon.o
         0          0          0          0          0          0   _printf_percent.o
         4          0          0          0          0          0   _printf_percent_end.o
        22          0          0          0          0        100   _rserrno.o
        16          0          0          0          0         68   aeabi_memset.o
       228          4        148          0          0         96   bigflt0.o
      1936        128          0          0          0        672   btod.o
        18          0          0          0          0         80   exit.o
         8          0          0          0          0         68   ferror.o
         6          0          0          0          0        152   heapauxi.o
        44         10         28          0          0         76   lc_numeric_c.o
         2          0          0          0          0          0   libinit.o
        18          0          0          0          0          0   libinit2.o
         2          0          0          0          0          0   libshutdown.o
         2          0          0          0          0          0   libshutdown2.o
         8          4          0          0         96         68   libspace.o
        72          0          0          0          0         76   llsdiv.o
       138          0          0          0          0         80   lludiv10.o
       238          0          0          0          0        100   lludivv7m.o
        88          0          0          0          0         76   memcmp.o
         8          4          0          0          0         68   rt_errno_addr_intlibspace.o
         8          4          0          0          0         68   rt_locale_intlibspace.o
        68          0          0          0          0         68   rt_memclr.o
        78          0          0          0          0         80   rt_memclr_w.o
         2          0          0          0          0          0   rtexit.o
        10          0          0          0          0          0   rtexit2.o
       128          0          0          0          0         68   strcmpv7m.o
        74          0          0          0          0         80   sys_stackheap_outer.o
         2          0          0          0          0         68   use_no_semi.o
         2          0          0          0          0         68   use_no_semi_2.o
        98          4          0          0          0         92   d2f.o
       826         16          0          0          0        348   daddsub_clz.o
        16          4          0          0          0         68   dcheck1.o
        24          0          0          0          0         68   dcmpi.o
       688        140          0          0          0        208   ddiv.o
        94          4          0          0          0         92   dfix.o
       120          4          0          0          0         92   dleqf.o
       340         12          0          0          0        104   dmul.o
       156          4          0          0          0         92   dnaninf.o
        12          0          0          0          0         68   dretinf.o
       108          0          0          0          0         80   drleqf.o
       180          4          0          0          0         80   drnd.o
       460         56          0          0          0        120   dsqrt_noumaal.o
        86          4          0          0          0         84   f2d.o
       430          8          0          0          0        168   faddsub_clz.o
        24          0          0          0          0         68   fcmpi.o
       388         76          0          0          0         96   fdiv.o
       104          4          0          0          0         84   feqf.o
        54          4          0          0          0         84   ffix.o
        62          4          0          0          0         84   ffixu.o
        86          0          0          0          0        136   fflt_clz.o
       104          4          0          0          0         84   fleqf.o
       258          4          0          0          0         84   fmul.o
       140          4          0          0          0         84   fnaninf.o
        10          0          0          0          0         68   fretinf.o
        98          0          0          0          0         68   frleqf.o
         4          0          0          0          0         68   printf1.o
       100          0          0          0          0         68   retnan.o
        92          0          0          0          0         68   scalbn.o
        48          0          0          0          0         68   trapv.o
         0          0          0          0          0          0   usenofp.o
       624         52         80          0          0        168   asin.o
       544         70        152          0          0        124   atan.o
       384         38          0          0          0        144   atan2.o
        38          6          0          0          0        272   dunder.o
        40          0          0          0          0         68   fpclassify.o
       170          0          0          0          0         96   poly.o
         0          0          8          0          0          0   qnan.o
       148         12          0          0          0         88   round.o
        76          0          0          0          0         84   sqrt.o

    ----------------------------------------------------------------------
     12628        750        439          0        100       7268   Library Totals
        26          0          6          0          4          0   (incl. Padding)

    ----------------------------------------------------------------------

      Code (inc. data)   RO Data    RW Data    ZI Data      Debug   Library Name

      5368        212        193          0         96       3248   c_w.l
      5210        360          0          0          0       2976   fz_ws.l
      2024        178        240          0          0       1044   m_ws.l

    ----------------------------------------------------------------------
     12628        750        439          0        100       7268   Library Totals

    ----------------------------------------------------------------------

==============================================================================


      Code (inc. data)   RO Data    RW Data    ZI Data      Debug   

     31678       2346      23106        204       2876     426228   Grand Totals
     31678       2346      23106        204       2876     426228   ELF Image Totals
     31678       2346      23106        204          0          0   ROM Totals

==============================================================================

    Total RO  Size (Code + RO Data)                54784 (  53.50kB)
    Total RW  Size (RW Data + ZI Data)              3080 (   3.01kB)
    Total ROM Size (Code + RO Data + RW Data)      54988 (  53.70kB)

==============================================================================

